# dut sample interval=1s duration=30s host=e49d73e1b838 kernel=5.4.164
=== IRQ_START 14:36:27 ===
           CPU0       CPU1       CPU2       CPU3       
  4:    3949897    2835771    2676267    3806025     GIC-0  20 Level     arch_timer
  6:          0          0          0          0     GIC-0  39 Level     arch_mem_timer
  8:          0          0          0          0     GIC-0  23 Level     arm-pmu
  9:          0          0          0          0     GIC-0 239 Level     bam_dma
 11:        273          0          0          0     GIC-0 270 Level     bam_dma
 13:          7          0          0          0     GIC-0 338 Level     msm_serial0
 14:      12353          0          0          0     GIC-0 127 Level     78b5000.spi
 15:      63215          0          0          0     GIC-0 178 Level     bam_dma
 17:          0          0          0          0     GIC-0 410 Level     edma_txcmpl
 18:          0          0          0          0     GIC-0 386 Level     edma_rxfill
 19:          0          0          0          0     GIC-0 378 Level     edma_rxdesc
 20:          0          0          0          0     GIC-0 411 Level     edma_misc
 21:   10731723          0          0          0     GIC-0 434 Edge      nss_empty_buf_sos
 22:   12507039          0          0          0     GIC-0 433 Edge      nss_empty_buf_queue
 23:          0          0          0          0     GIC-0 432 Edge      nss-tx-unblock
 24:  150927291          0          0          0     GIC-0 431 Edge      nss_queue0
 25:          0   70985128          0          0     GIC-0 430 Edge      nss_queue1
 26:          0          0   69551107          0     GIC-0 429 Edge      nss_queue2
 27:          0          0          0   69090914     GIC-0 428 Edge      nss_queue3
 28:          0          0          0          0     GIC-0 427 Edge      nss_coredump_complete
 29:          0          0          0          0     GIC-0 426 Edge      nss_paged_empty_buf_sos
 30:          0          0          0          0     GIC-0 425 Edge      nss_profile_dma
 32:          0          0          0          0     GIC-0  35 Edge      wdt_bark
 33:          0          0          0          0     GIC-0 357 Edge      q6v5 wdog
 37:          4          0          0          0     GIC-0 348 Edge      ce0
 38:   46690481          0          0          0     GIC-0 347 Edge      ce1
 39:      83755          0          0          0     GIC-0 346 Edge      ce2
 40:     166595          0          0          0     GIC-0 343 Edge      ce3
 42:          0          0          0          0     GIC-0 443 Edge      ce5
 44:          1          0          0          0     GIC-0  72 Edge      ce7
 46:          0          0          0          0     GIC-0 334 Edge      ce9
 47:          0          0          0          0     GIC-0 333 Edge      ce10
 48:          0          0          0          0     GIC-0  69 Edge      ce11
 55:          0          0          0          0     GIC-0 323 Edge      reo2ost-exception
 56:    4040787          0          0          0     GIC-0 322 Edge      wbm2host-rx-release
 57:       2510          0          0          0     GIC-0 321 Edge      reo2host-status
 58:    4937621          0          0          0     GIC-0 320 Edge      reo2host-destination-ring4
 59:    4936136          0          0          0     GIC-0 271 Edge      reo2host-destination-ring3
 60:    4943364          0          0          0     GIC-0 268 Edge      reo2host-destination-ring2
 61:    7612822          0          0          0     GIC-0 267 Edge      reo2host-destination-ring1
 66:        175          0          0          0     GIC-0 262 Edge      ppdu-end-interrupts-mac2
 67:   21644395          0          0          0     GIC-0 261 Edge      ppdu-end-interrupts-mac1
 69:          1          0          0          0     GIC-0 256 Edge      rxdma2host-monitor-status-ring-mac2
 70:          1          0          0          0     GIC-0 255 Edge      rxdma2host-monitor-status-ring-mac1
 72:          1          0          0          0     GIC-0 215 Edge      host2rxdma-host-buf-ring-mac2
 73:         14          0          0          0     GIC-0 212 Edge      host2rxdma-host-buf-ring-mac1
 75:          0          0          0          0     GIC-0 210 Edge      rxdma2host-destination-ring-mac2
 76:          0          0          0          0     GIC-0 209 Edge      rxdma2host-destination-ring-mac1
 82:    7774134          0          0          0     GIC-0 191 Edge      wbm2host-tx-completions-ring3
 83:    7075085          0          0          0     GIC-0 190 Edge      wbm2host-tx-completions-ring2
 84:    4955013          0          0          0     GIC-0 189 Edge      wbm2host-tx-completions-ring1
 86:          0          0          0          0     GIC-0 198 Edge      tmc-etr
 87:          0          0          0          0     GIC-0 216 Edge      tsens_interrupt
 88:          4          0          0          0     GIC-0  47 Edge      cpr3
 89:          4          0          0          0     GIC-0 354 Edge      smp2p
 90:         24          0          0          0     GIC-0 200 Edge      glink-native
 91:          0          0          0          0     GIC-0 276 Edge      tzerror
 94:          0          0          0          0     smp2p   0 Edge      q6v5 fatal
 95:          2          0          0          0     smp2p   1 Edge      q6v5 ready
 96:          0          0          0          0     smp2p   2 Edge      q6v5 handover
 97:          0          0          0          0     smp2p   3 Edge      q6v5 stop
 98:          0          0          0          0   msmgpio  19 Edge      soc:gpio_keys
 99:          0          0          0          0     GIC-0 131 Level     xhci-hcd:usb1
100:          0          0          0          0     GIC-0 172 Level     xhci-hcd:usb3
101:        129          0          0          0     GIC-0 353 Edge      glink-native
IPI0:  48632202   78929566   78312304   83281227       Rescheduling interrupts
IPI1:      3852       4083       3727       3870       Function call interrupts
IPI2:         0          0          0          0       CPU stop interrupts
IPI3:         0          0          0          0       CPU stop (for crash dump) interrupts
IPI4:         0          0          0          0       Timer broadcast interrupts
IPI5:         0          0          0          0       IRQ work interrupts
IPI6:         0          0          0          0       CPU wake-up interrupts
Err:          0
=== TICKS ===
--- 14:36:27 ---
cpu  38316 0 4135273 25772230 123 162313 84496 0 0 0
cpu0 8981 0 880557 6490015 50 81884 75692 0 0 0
cpu1 9354 0 1380744 6133244 16 27017 2380 0 0 0
cpu2 10253 0 872589 6639570 28 26245 2772 0 0 0
cpu3 9726 0 1001380 6509400 28 27166 3651 0 0 0
MemTotal:         901568 kB
MemFree:          659596 kB
MemAvailable:     685312 kB
Buffers:           10984 kB
Cached:            53388 kB
freq:cpu0:1800000
freq:cpu1:1800000
freq:cpu2:1800000
freq:cpu3:1800000
therm:thermal_zone0:74
therm:thermal_zone1:74
therm:thermal_zone2:73
therm:thermal_zone3:73
therm:thermal_zone4:74
therm:thermal_zone5:73
therm:thermal_zone6:73
--- 14:36:28 ---
cpu  38317 0 4135318 25772598 123 162315 84497 0 0 0
cpu0 8981 0 880576 6490101 50 81885 75693 0 0 0
cpu1 9354 0 1380753 6133338 16 27017 2380 0 0 0
cpu2 10253 0 872598 6639664 28 26245 2772 0 0 0
cpu3 9727 0 1001389 6509493 28 27166 3651 0 0 0
MemTotal:         901568 kB
MemFree:          659912 kB
MemAvailable:     685628 kB
Buffers:           10984 kB
Cached:            53364 kB
freq:cpu0:1800000
freq:cpu1:1800000
freq:cpu2:1800000
freq:cpu3:1800000
therm:thermal_zone0:74
therm:thermal_zone1:74
therm:thermal_zone2:73
therm:thermal_zone3:73
therm:thermal_zone4:74
therm:thermal_zone5:73
therm:thermal_zone6:73
--- 14:36:29 ---
cpu  38319 0 4135425 25772892 123 162322 84499 0 0 0
cpu0 8981 0 880602 6490175 50 81888 75694 0 0 0
cpu1 9355 0 1380780 6133411 16 27019 2380 0 0 0
cpu2 10254 0 872621 6639740 28 26247 2772 0 0 0
cpu3 9727 0 1001422 6509564 28 27167 3651 0 0 0
MemTotal:         901568 kB
MemFree:          659944 kB
MemAvailable:     685660 kB
Buffers:           10984 kB
Cached:            53364 kB
freq:cpu0:1800000
freq:cpu1:1800000
freq:cpu2:1800000
freq:cpu3:1800000
therm:thermal_zone0:74
therm:thermal_zone1:74
therm:thermal_zone2:73
therm:thermal_zone3:73
therm:thermal_zone4:75
therm:thermal_zone5:74
therm:thermal_zone6:74
--- 14:36:30 ---
cpu  38319 0 4135533 25773176 123 162331 84501 0 0 0
cpu0 8981 0 880633 6490243 50 81892 75696 0 0 0
cpu1 9355 0 1380797 6133487 16 27020 2380 0 0 0
cpu2 10254 0 872647 6639816 28 26248 2772 0 0 0
cpu3 9727 0 1001454 6509629 28 27169 3651 0 0 0
MemTotal:         901568 kB
MemFree:          660648 kB
MemAvailable:     686364 kB
Buffers:           10984 kB
Cached:            53368 kB
freq:cpu0:1800000
freq:cpu1:1800000
freq:cpu2:1800000
freq:cpu3:1800000
therm:thermal_zone0:74
therm:thermal_zone1:75
therm:thermal_zone2:73
therm:thermal_zone3:73
therm:thermal_zone4:75
therm:thermal_zone5:74
therm:thermal_zone6:74
--- 14:36:31 ---
cpu  38320 0 4135661 25773452 123 162339 84502 0 0 0
cpu0 8981 0 880675 6490297 50 81895 75697 0 0 0
cpu1 9355 0 1380825 6133565 16 27022 2380 0 0 0
cpu2 10254 0 872674 6639890 28 26250 2772 0 0 0
cpu3 9728 0 1001486 6509698 28 27171 3651 0 0 0
MemTotal:         901568 kB
MemFree:          661204 kB
MemAvailable:     686920 kB
Buffers:           10984 kB
Cached:            53368 kB
freq:cpu0:1800000
freq:cpu1:1800000
freq:cpu2:1800000
freq:cpu3:1800000
therm:thermal_zone0:74
therm:thermal_zone1:74
therm:thermal_zone2:73
therm:thermal_zone3:73
therm:thermal_zone4:74
therm:thermal_zone5:74
therm:thermal_zone6:74
--- 14:36:32 ---
cpu  38328 0 4135794 25773721 123 162347 84504 0 0 0
cpu0 8981 0 880711 6490360 50 81898 75699 0 0 0
cpu1 9357 0 1380846 6133644 16 27023 2380 0 0 0
cpu2 10259 0 872714 6639951 28 26252 2772 0 0 0
cpu3 9729 0 1001521 6509765 28 27173 3651 0 0 0
MemTotal:         901568 kB
MemFree:          660912 kB
MemAvailable:     686636 kB
Buffers:           10984 kB
Cached:            53368 kB
freq:cpu0:1800000
freq:cpu1:1800000
freq:cpu2:1800000
freq:cpu3:1800000
therm:thermal_zone0:75
therm:thermal_zone1:75
therm:thermal_zone2:74
therm:thermal_zone3:73
therm:thermal_zone4:76
therm:thermal_zone5:74
therm:thermal_zone6:74
--- 14:36:33 ---
cpu  38329 0 4135902 25774008 123 162355 84506 0 0 0
cpu0 8981 0 880738 6490431 50 81900 75700 0 0 0
cpu1 9357 0 1380876 6133715 16 27025 2380 0 0 0
cpu2 10260 0 872740 6640024 28 26253 2772 0 0 0
cpu3 9729 0 1001546 6509836 28 27174 3652 0 0 0
MemTotal:         901568 kB
MemFree:          660384 kB
MemAvailable:     686100 kB
Buffers:           10984 kB
Cached:            53368 kB
freq:cpu0:1800000
freq:cpu1:1800000
freq:cpu2:1800000
freq:cpu3:1800000
therm:thermal_zone0:74
therm:thermal_zone1:75
therm:thermal_zone2:74
therm:thermal_zone3:73
therm:thermal_zone4:75
therm:thermal_zone5:74
therm:thermal_zone6:74
--- 14:36:34 ---
cpu  38330 0 4136018 25774284 123 162363 84507 0 0 0
cpu0 8981 0 880769 6490496 50 81904 75702 0 0 0
cpu1 9357 0 1380905 6133787 16 27027 2380 0 0 0
cpu2 10261 0 872766 6640093 28 26255 2772 0 0 0
cpu3 9729 0 1001576 6509905 28 27176 3652 0 0 0
MemTotal:         901568 kB
MemFree:          659676 kB
MemAvailable:     685392 kB
Buffers:           10984 kB
Cached:            53368 kB
freq:cpu0:1800000
freq:cpu1:1800000
freq:cpu2:1800000
freq:cpu3:1800000
therm:thermal_zone0:74
therm:thermal_zone1:75
therm:thermal_zone2:74
therm:thermal_zone3:73
therm:thermal_zone4:76
therm:thermal_zone5:74
therm:thermal_zone6:74
--- 14:36:35 ---
cpu  38330 0 4136119 25774576 123 162371 84509 0 0 0
cpu0 8981 0 880795 6490567 50 81908 75703 0 0 0
cpu1 9357 0 1380924 6133867 16 27028 2381 0 0 0
cpu2 10261 0 872795 6640170 28 26256 2772 0 0 0
cpu3 9729 0 1001603 6509970 28 27177 3652 0 0 0
MemTotal:         901568 kB
MemFree:          659652 kB
MemAvailable:     685368 kB
Buffers:           10984 kB
Cached:            53368 kB
freq:cpu0:1800000
freq:cpu1:1800000
freq:cpu2:1800000
freq:cpu3:1800000
therm:thermal_zone0:75
therm:thermal_zone1:75
therm:thermal_zone2:74
therm:thermal_zone3:73
therm:thermal_zone4:76
therm:thermal_zone5:74
therm:thermal_zone6:74
--- 14:36:36 ---
cpu  38332 0 4136232 25774863 123 162379 84511 0 0 0
cpu0 8981 0 880821 6490635 50 81911 75705 0 0 0
cpu1 9357 0 1380959 6133939 16 27030 2381 0 0 0
cpu2 10262 0 872829 6640235 28 26258 2772 0 0 0
cpu3 9731 0 1001621 6510053 28 27179 3652 0 0 0
MemTotal:         901568 kB
MemFree:          659432 kB
MemAvailable:     685148 kB
Buffers:           10984 kB
Cached:            53368 kB
freq:cpu0:1800000
freq:cpu1:1800000
freq:cpu2:1800000
freq:cpu3:1800000
therm:thermal_zone0:74
therm:thermal_zone1:74
therm:thermal_zone2:73
therm:thermal_zone3:73
therm:thermal_zone4:74
therm:thermal_zone5:74
therm:thermal_zone6:74
--- 14:36:37 ---
cpu  38332 0 4136360 25775133 123 162388 84512 0 0 0
cpu0 8981 0 880847 6490706 50 81914 75706 0 0 0
cpu1 9357 0 1380990 6134007 16 27032 2381 0 0 0
cpu2 10262 0 872860 6640308 28 26260 2772 0 0 0
cpu3 9731 0 1001661 6510111 28 27180 3652 0 0 0
MemTotal:         901568 kB
MemFree:          659716 kB
MemAvailable:     685432 kB
Buffers:           10984 kB
Cached:            53372 kB
freq:cpu0:1800000
freq:cpu1:1800000
freq:cpu2:1800000
freq:cpu3:1800000
therm:thermal_zone0:74
therm:thermal_zone1:75
therm:thermal_zone2:74
therm:thermal_zone3:73
therm:thermal_zone4:75
therm:thermal_zone5:74
therm:thermal_zone6:74
--- 14:36:38 ---
cpu  38334 0 4136460 25775419 123 162395 84514 0 0 0
cpu0 8981 0 880870 6490777 50 81917 75708 0 0 0
cpu1 9359 0 1381009 6134083 16 27033 2381 0 0 0
cpu2 10262 0 872894 6640373 28 26261 2772 0 0 0
cpu3 9731 0 1001686 6510184 28 27182 3652 0 0 0
MemTotal:         901568 kB
MemFree:          659984 kB
MemAvailable:     685700 kB
Buffers:           10984 kB
Cached:            53372 kB
freq:cpu0:1800000
freq:cpu1:1800000
freq:cpu2:1800000
freq:cpu3:1800000
therm:thermal_zone0:75
therm:thermal_zone1:75
therm:thermal_zone2:74
therm:thermal_zone3:73
therm:thermal_zone4:76
therm:thermal_zone5:74
therm:thermal_zone6:74
--- 14:36:39 ---
cpu  38335 0 4136572 25775701 123 162404 84516 0 0 0
cpu0 8981 0 880893 6490850 50 81921 75709 0 0 0
cpu1 9360 0 1381039 6134153 16 27035 2381 0 0 0
cpu2 10262 0 872932 6640437 28 26263 2772 0 0 0
cpu3 9731 0 1001707 6510260 28 27183 3652 0 0 0
MemTotal:         901568 kB
MemFree:          659984 kB
MemAvailable:     685700 kB
Buffers:           10984 kB
Cached:            53372 kB
freq:cpu0:1800000
freq:cpu1:1800000
freq:cpu2:1800000
freq:cpu3:1800000
therm:thermal_zone0:74
therm:thermal_zone1:75
therm:thermal_zone2:73
therm:thermal_zone3:73
therm:thermal_zone4:75
therm:thermal_zone5:74
therm:thermal_zone6:74
--- 14:36:40 ---
cpu  38335 0 4136672 25775982 123 162412 84517 0 0 0
cpu0 8981 0 880924 6490908 50 81924 75711 0 0 0
cpu1 9360 0 1381056 6134231 16 27036 2381 0 0 0
cpu2 10262 0 872962 6640506 28 26265 2772 0 0 0
cpu3 9731 0 1001728 6510336 28 27185 3652 0 0 0
MemTotal:         901568 kB
MemFree:          660252 kB
MemAvailable:     685968 kB
Buffers:           10984 kB
Cached:            53372 kB
freq:cpu0:1800000
freq:cpu1:1800000
freq:cpu2:1800000
freq:cpu3:1800000
therm:thermal_zone0:75
therm:thermal_zone1:75
therm:thermal_zone2:74
therm:thermal_zone3:73
therm:thermal_zone4:75
therm:thermal_zone5:74
therm:thermal_zone6:74
--- 14:36:41 ---
cpu  38335 0 4136776 25776270 123 162419 84519 0 0 0
cpu0 8981 0 880961 6490966 50 81927 75712 0 0 0
cpu1 9360 0 1381074 6134308 16 27038 2381 0 0 0
cpu2 10262 0 872988 6640579 28 26266 2772 0 0 0
cpu3 9731 0 1001752 6510415 28 27186 3652 0 0 0
MemTotal:         901568 kB
MemFree:          659748 kB
MemAvailable:     685464 kB
Buffers:           10984 kB
Cached:            53372 kB
freq:cpu0:1800000
freq:cpu1:1800000
freq:cpu2:1800000
freq:cpu3:1800000
therm:thermal_zone0:74
therm:thermal_zone1:75
therm:thermal_zone2:74
therm:thermal_zone3:73
therm:thermal_zone4:75
therm:thermal_zone5:74
therm:thermal_zone6:74
--- 14:36:42 ---
cpu  38338 0 4136894 25776548 123 162428 84520 0 0 0
cpu0 8981 0 881003 6491020 50 81931 75714 0 0 0
cpu1 9363 0 1381102 6134375 16 27040 2381 0 0 0
cpu2 10262 0 873004 6640659 28 26268 2772 0 0 0
cpu3 9731 0 1001783 6510492 28 27188 3652 0 0 0
MemTotal:         901568 kB
MemFree:          659748 kB
MemAvailable:     685464 kB
Buffers:           10984 kB
Cached:            53372 kB
freq:cpu0:1800000
freq:cpu1:1800000
freq:cpu2:1800000
freq:cpu3:1800000
therm:thermal_zone0:75
therm:thermal_zone1:75
therm:thermal_zone2:74
therm:thermal_zone3:73
therm:thermal_zone4:75
therm:thermal_zone5:74
therm:thermal_zone6:74
--- 14:36:43 ---
cpu  38338 0 4137007 25776825 123 162437 84522 0 0 0
cpu0 8981 0 881027 6491098 50 81934 75715 0 0 0
cpu1 9363 0 1381140 6134432 16 27042 2381 0 0 0
cpu2 10262 0 873034 6640725 28 26270 2772 0 0 0
cpu3 9731 0 1001804 6510568 28 27190 3652 0 0 0
MemTotal:         901568 kB
MemFree:          659528 kB
MemAvailable:     685244 kB
Buffers:           10984 kB
Cached:            53376 kB
freq:cpu0:1800000
freq:cpu1:1800000
freq:cpu2:1800000
freq:cpu3:1800000
therm:thermal_zone0:75
therm:thermal_zone1:75
therm:thermal_zone2:74
therm:thermal_zone3:73
therm:thermal_zone4:76
therm:thermal_zone5:74
therm:thermal_zone6:74
--- 14:36:44 ---
cpu  38339 0 4137106 25777114 123 162445 84524 0 0 0
cpu0 8981 0 881048 6491172 50 81937 75716 0 0 0
cpu1 9363 0 1381161 6134513 16 27043 2381 0 0 0
cpu2 10262 0 873056 6640796 28 26271 2772 0 0 0
cpu3 9732 0 1001839 6510631 28 27191 3652 0 0 0
MemTotal:         901568 kB
MemFree:          659812 kB
MemAvailable:     685528 kB
Buffers:           10984 kB
Cached:            53376 kB
freq:cpu0:1800000
freq:cpu1:1800000
freq:cpu2:1800000
freq:cpu3:1800000
therm:thermal_zone0:74
therm:thermal_zone1:75
therm:thermal_zone2:74
therm:thermal_zone3:73
therm:thermal_zone4:75
therm:thermal_zone5:74
therm:thermal_zone6:74
--- 14:36:45 ---
cpu  38341 0 4137229 25777390 123 162454 84526 0 0 0
cpu0 8981 0 881079 6491240 50 81941 75719 0 0 0
cpu1 9364 0 1381184 6134591 16 27045 2381 0 0 0
cpu2 10262 0 873093 6640858 28 26273 2772 0 0 0
cpu3 9733 0 1001871 6510701 28 27193 3652 0 0 0
MemTotal:         901568 kB
MemFree:          660064 kB
MemAvailable:     685780 kB
Buffers:           10984 kB
Cached:            53376 kB
freq:cpu0:1800000
freq:cpu1:1800000
freq:cpu2:1800000
freq:cpu3:1800000
therm:thermal_zone0:74
therm:thermal_zone1:75
therm:thermal_zone2:74
therm:thermal_zone3:73
therm:thermal_zone4:75
therm:thermal_zone5:74
therm:thermal_zone6:74
--- 14:36:46 ---
cpu  38341 0 4137346 25777668 123 162462 84528 0 0 0
cpu0 8981 0 881114 6491306 50 81944 75720 0 0 0
cpu1 9364 0 1381215 6134655 16 27047 2381 0 0 0
cpu2 10262 0 873114 6640935 28 26275 2773 0 0 0
cpu3 9733 0 1001901 6510770 28 27195 3652 0 0 0
MemTotal:         901568 kB
MemFree:          660032 kB
MemAvailable:     685748 kB
Buffers:           10984 kB
Cached:            53376 kB
freq:cpu0:1800000
freq:cpu1:1800000
freq:cpu2:1800000
freq:cpu3:1800000
therm:thermal_zone0:74
therm:thermal_zone1:75
therm:thermal_zone2:74
therm:thermal_zone3:73
therm:thermal_zone4:76
therm:thermal_zone5:74
therm:thermal_zone6:74
--- 14:36:47 ---
cpu  38341 0 4137450 25777952 123 162470 84530 0 0 0
cpu0 8981 0 881137 6491378 50 81948 75722 0 0 0
cpu1 9364 0 1381243 6134723 16 27048 2381 0 0 0
cpu2 10262 0 873144 6641001 28 26277 2773 0 0 0
cpu3 9733 0 1001924 6510848 28 27196 3653 0 0 0
MemTotal:         901568 kB
MemFree:          660348 kB
MemAvailable:     686064 kB
Buffers:           10984 kB
Cached:            53376 kB
freq:cpu0:1800000
freq:cpu1:1800000
freq:cpu2:1800000
freq:cpu3:1800000
therm:thermal_zone0:74
therm:thermal_zone1:75
therm:thermal_zone2:74
therm:thermal_zone3:73
therm:thermal_zone4:75
therm:thermal_zone5:74
therm:thermal_zone6:74
--- 14:36:48 ---
cpu  38341 0 4137557 25778231 123 162478 84531 0 0 0
cpu0 8981 0 881181 6491431 50 81951 75723 0 0 0
cpu1 9364 0 1381262 6134800 16 27050 2381 0 0 0
cpu2 10262 0 873168 6641075 28 26278 2773 0 0 0
cpu3 9733 0 1001944 6510923 28 27198 3653 0 0 0
MemTotal:         901568 kB
MemFree:          660600 kB
MemAvailable:     686316 kB
Buffers:           10984 kB
Cached:            53376 kB
freq:cpu0:1800000
freq:cpu1:1800000
freq:cpu2:1800000
freq:cpu3:1800000
therm:thermal_zone0:75
therm:thermal_zone1:75
therm:thermal_zone2:74
therm:thermal_zone3:73
therm:thermal_zone4:75
therm:thermal_zone5:74
therm:thermal_zone6:74
--- 14:36:50 ---
cpu  38342 0 4137667 25778522 123 162486 84533 0 0 0
cpu0 8981 0 881205 6491502 50 81954 75725 0 0 0
cpu1 9364 0 1381284 6134877 16 27052 2381 0 0 0
cpu2 10263 0 873195 6641152 28 26279 2773 0 0 0
cpu3 9733 0 1001982 6510990 28 27199 3653 0 0 0
MemTotal:         901568 kB
MemFree:          660600 kB
MemAvailable:     686316 kB
Buffers:           10984 kB
Cached:            53376 kB
freq:cpu0:1800000
freq:cpu1:1800000
freq:cpu2:1800000
freq:cpu3:1800000
therm:thermal_zone0:75
therm:thermal_zone1:75
therm:thermal_zone2:74
therm:thermal_zone3:73
therm:thermal_zone4:76
therm:thermal_zone5:74
therm:thermal_zone6:74
--- 14:36:51 ---
cpu  38344 0 4137779 25778805 123 162494 84534 0 0 0
cpu0 8982 0 881238 6491562 50 81957 75726 0 0 0
cpu1 9365 0 1381306 6134956 16 27053 2381 0 0 0
cpu2 10263 0 873222 6641223 28 26281 2773 0 0 0
cpu3 9733 0 1002011 6511063 28 27201 3653 0 0 0
MemTotal:         901568 kB
MemFree:          660096 kB
MemAvailable:     685812 kB
Buffers:           10984 kB
Cached:            53380 kB
freq:cpu0:1800000
freq:cpu1:1800000
freq:cpu2:1800000
freq:cpu3:1800000
therm:thermal_zone0:75
therm:thermal_zone1:75
therm:thermal_zone2:74
therm:thermal_zone3:73
therm:thermal_zone4:75
therm:thermal_zone5:74
therm:thermal_zone6:74
--- 14:36:52 ---
cpu  38345 0 4137898 25779078 123 162503 84536 0 0 0
cpu0 8982 0 881262 6491634 50 81961 75728 0 0 0
cpu1 9365 0 1381338 6135024 16 27055 2381 0 0 0
cpu2 10264 0 873265 6641280 28 26283 2773 0 0 0
cpu3 9733 0 1002032 6511139 28 27202 3653 0 0 0
MemTotal:         901568 kB
MemFree:          659792 kB
MemAvailable:     685508 kB
Buffers:           10984 kB
Cached:            53380 kB
freq:cpu0:1800000
freq:cpu1:1800000
freq:cpu2:1800000
freq:cpu3:1800000
therm:thermal_zone0:74
therm:thermal_zone1:74
therm:thermal_zone2:74
therm:thermal_zone3:73
therm:thermal_zone4:75
therm:thermal_zone5:74
therm:thermal_zone6:74
--- 14:36:53 ---
cpu  38345 0 4138018 25779363 123 162511 84538 0 0 0
cpu0 8982 0 881287 6491712 50 81964 75729 0 0 0
cpu1 9365 0 1381376 6135084 16 27057 2382 0 0 0
cpu2 10264 0 873295 6641352 28 26285 2773 0 0 0
cpu3 9733 0 1002058 6511213 28 27204 3653 0 0 0
MemTotal:         901568 kB
MemFree:          659824 kB
MemAvailable:     685540 kB
Buffers:           10984 kB
Cached:            53380 kB
freq:cpu0:1800000
freq:cpu1:1800000
freq:cpu2:1800000
freq:cpu3:1800000
therm:thermal_zone0:75
therm:thermal_zone1:75
therm:thermal_zone2:74
therm:thermal_zone3:73
therm:thermal_zone4:76
therm:thermal_zone5:74
therm:thermal_zone6:74
--- 14:36:54 ---
cpu  38347 0 4138133 25779650 123 162519 84539 0 0 0
cpu0 8983 0 881314 6491783 50 81967 75730 0 0 0
cpu1 9366 0 1381415 6135158 16 27059 2382 0 0 0
cpu2 10264 0 873315 6641426 28 26286 2773 0 0 0
cpu3 9733 0 1002088 6511281 28 27205 3653 0 0 0
MemTotal:         901568 kB
MemFree:          660128 kB
MemAvailable:     685844 kB
Buffers:           10984 kB
Cached:            53380 kB
freq:cpu0:1800000
freq:cpu1:1800000
freq:cpu2:1800000
freq:cpu3:1800000
therm:thermal_zone0:74
therm:thermal_zone1:75
therm:thermal_zone2:74
therm:thermal_zone3:73
therm:thermal_zone4:75
therm:thermal_zone5:74
therm:thermal_zone6:74
--- 14:36:55 ---
cpu  38348 0 4138253 25779930 123 162527 84541 0 0 0
cpu0 8983 0 881337 6491859 50 81971 75732 0 0 0
cpu1 9366 0 1381440 6135227 16 27060 2382 0 0 0
cpu2 10265 0 873357 6641487 28 26288 2773 0 0 0
cpu3 9733 0 1002117 6511356 28 27207 3653 0 0 0
MemTotal:         901568 kB
MemFree:          660380 kB
MemAvailable:     686096 kB
Buffers:           10984 kB
Cached:            53380 kB
freq:cpu0:1800000
freq:cpu1:1800000
freq:cpu2:1800000
freq:cpu3:1800000
therm:thermal_zone0:75
therm:thermal_zone1:75
therm:thermal_zone2:74
therm:thermal_zone3:73
therm:thermal_zone4:75
therm:thermal_zone5:74
therm:thermal_zone6:74
--- 14:36:56 ---
cpu  38349 0 4138361 25780223 123 162535 84543 0 0 0
cpu0 8984 0 881363 6491935 50 81974 75733 0 0 0
cpu1 9366 0 1381457 6135308 16 27062 2382 0 0 0
cpu2 10265 0 873383 6641560 28 26289 2773 0 0 0
cpu3 9733 0 1002156 6511418 28 27209 3653 0 0 0
MemTotal:         901568 kB
MemFree:          660380 kB
MemAvailable:     686096 kB
Buffers:           10984 kB
Cached:            53380 kB
freq:cpu0:1800000
freq:cpu1:1800000
freq:cpu2:1800000
freq:cpu3:1800000
therm:thermal_zone0:74
therm:thermal_zone1:75
therm:thermal_zone2:73
therm:thermal_zone3:73
therm:thermal_zone4:75
therm:thermal_zone5:74
therm:thermal_zone6:74
=== IRQ_END 14:36:57 ===
           CPU0       CPU1       CPU2       CPU3       
  4:    3951845    2837614    2677707    3807760     GIC-0  20 Level     arch_timer
  6:          0          0          0          0     GIC-0  39 Level     arch_mem_timer
  8:          0          0          0          0     GIC-0  23 Level     arm-pmu
  9:          0          0          0          0     GIC-0 239 Level     bam_dma
 11:        273          0          0          0     GIC-0 270 Level     bam_dma
 13:          7          0          0          0     GIC-0 338 Level     msm_serial0
 14:      12353          0          0          0     GIC-0 127 Level     78b5000.spi
 15:      63215          0          0          0     GIC-0 178 Level     bam_dma
 17:          0          0          0          0     GIC-0 410 Level     edma_txcmpl
 18:          0          0          0          0     GIC-0 386 Level     edma_rxfill
 19:          0          0          0          0     GIC-0 378 Level     edma_rxdesc
 20:          0          0          0          0     GIC-0 411 Level     edma_misc
 21:   10750688          0          0          0     GIC-0 434 Edge      nss_empty_buf_sos
 22:   12507050          0          0          0     GIC-0 433 Edge      nss_empty_buf_queue
 23:          0          0          0          0     GIC-0 432 Edge      nss-tx-unblock
 24:  151185787          0          0          0     GIC-0 431 Edge      nss_queue0
 25:          0   71129298          0          0     GIC-0 430 Edge      nss_queue1
 26:          0          0   69683316          0     GIC-0 429 Edge      nss_queue2
 27:          0          0          0   69214862     GIC-0 428 Edge      nss_queue3
 28:          0          0          0          0     GIC-0 427 Edge      nss_coredump_complete
 29:          0          0          0          0     GIC-0 426 Edge      nss_paged_empty_buf_sos
 30:          0          0          0          0     GIC-0 425 Edge      nss_profile_dma
 32:          0          0          0          0     GIC-0  35 Edge      wdt_bark
 33:          0          0          0          0     GIC-0 357 Edge      q6v5 wdog
 37:          4          0          0          0     GIC-0 348 Edge      ce0
 38:   46713002          0          0          0     GIC-0 347 Edge      ce1
 39:      83770          0          0          0     GIC-0 346 Edge      ce2
 40:     166642          0          0          0     GIC-0 343 Edge      ce3
 42:          0          0          0          0     GIC-0 443 Edge      ce5
 44:          1          0          0          0     GIC-0  72 Edge      ce7
 46:          0          0          0          0     GIC-0 334 Edge      ce9
 47:          0          0          0          0     GIC-0 333 Edge      ce10
 48:          0          0          0          0     GIC-0  69 Edge      ce11
 55:          0          0          0          0     GIC-0 323 Edge      reo2ost-exception
 56:    4041926          0          0          0     GIC-0 322 Edge      wbm2host-rx-release
 57:       2510          0          0          0     GIC-0 321 Edge      reo2host-status
 58:    4940926          0          0          0     GIC-0 320 Edge      reo2host-destination-ring4
 59:    4939533          0          0          0     GIC-0 271 Edge      reo2host-destination-ring3
 60:    4946467          0          0          0     GIC-0 268 Edge      reo2host-destination-ring2
 61:    7615890          0          0          0     GIC-0 267 Edge      reo2host-destination-ring1
 66:        175          0          0          0     GIC-0 262 Edge      ppdu-end-interrupts-mac2
 67:   21651675          0          0          0     GIC-0 261 Edge      ppdu-end-interrupts-mac1
 69:          1          0          0          0     GIC-0 256 Edge      rxdma2host-monitor-status-ring-mac2
 70:          1          0          0          0     GIC-0 255 Edge      rxdma2host-monitor-status-ring-mac1
 72:          1          0          0          0     GIC-0 215 Edge      host2rxdma-host-buf-ring-mac2
 73:         14          0          0          0     GIC-0 212 Edge      host2rxdma-host-buf-ring-mac1
 75:          0          0          0          0     GIC-0 210 Edge      rxdma2host-destination-ring-mac2
 76:          0          0          0          0     GIC-0 209 Edge      rxdma2host-destination-ring-mac1
 82:    7782852          0          0          0     GIC-0 191 Edge      wbm2host-tx-completions-ring3
 83:    7081857          0          0          0     GIC-0 190 Edge      wbm2host-tx-completions-ring2
 84:    4962168          0          0          0     GIC-0 189 Edge      wbm2host-tx-completions-ring1
 86:          0          0          0          0     GIC-0 198 Edge      tmc-etr
 87:          0          0          0          0     GIC-0 216 Edge      tsens_interrupt
 88:          4          0          0          0     GIC-0  47 Edge      cpr3
 89:          4          0          0          0     GIC-0 354 Edge      smp2p
 90:         24          0          0          0     GIC-0 200 Edge      glink-native
 91:          0          0          0          0     GIC-0 276 Edge      tzerror
 94:          0          0          0          0     smp2p   0 Edge      q6v5 fatal
 95:          2          0          0          0     smp2p   1 Edge      q6v5 ready
 96:          0          0          0          0     smp2p   2 Edge      q6v5 handover
 97:          0          0          0          0     smp2p   3 Edge      q6v5 stop
 98:          0          0          0          0   msmgpio  19 Edge      soc:gpio_keys
 99:          0          0          0          0     GIC-0 131 Level     xhci-hcd:usb1
100:          0          0          0          0     GIC-0 172 Level     xhci-hcd:usb3
101:        129          0          0          0     GIC-0 353 Edge      glink-native
IPI0:  48714008   79068254   78464619   83431234       Rescheduling interrupts
IPI1:      3852       4083       3727       3870       Function call interrupts
IPI2:         0          0          0          0       CPU stop interrupts
IPI3:         0          0          0          0       CPU stop (for crash dump) interrupts
IPI4:         0          0          0          0       Timer broadcast interrupts
IPI5:         0          0          0          0       IRQ work interrupts
IPI6:         0          0          0          0       CPU wake-up interrupts
Err:          0
