# dut sample interval=1s duration=30s host=e49d73e1b838 kernel=5.4.164
=== IRQ_START 14:49:44 ===
           CPU0       CPU1       CPU2       CPU3       
  4:    3997779    2868827    2706560    3850107     GIC-0  20 Level     arch_timer
  6:          0          0          0          0     GIC-0  39 Level     arch_mem_timer
  8:          0          0          0          0     GIC-0  23 Level     arm-pmu
  9:          0          0          0          0     GIC-0 239 Level     bam_dma
 11:        273          0          0          0     GIC-0 270 Level     bam_dma
 13:          7          0          0          0     GIC-0 338 Level     msm_serial0
 14:      12353          0          0          0     GIC-0 127 Level     78b5000.spi
 15:      63245          0          0          0     GIC-0 178 Level     bam_dma
 17:          0          0          0          0     GIC-0 410 Level     edma_txcmpl
 18:          0          0          0          0     GIC-0 386 Level     edma_rxfill
 19:          0          0          0          0     GIC-0 378 Level     edma_rxdesc
 20:          0          0          0          0     GIC-0 411 Level     edma_misc
 21:   11103863          0          0          0     GIC-0 434 Edge      nss_empty_buf_sos
 22:   12510363          0          0          0     GIC-0 433 Edge      nss_empty_buf_queue
 23:          0          0          0          0     GIC-0 432 Edge      nss-tx-unblock
 24:  156034898          0          0          0     GIC-0 431 Edge      nss_queue0
 25:          0   73893063          0          0     GIC-0 430 Edge      nss_queue1
 26:          0          0   72460130          0     GIC-0 429 Edge      nss_queue2
 27:          0          0          0   71970258     GIC-0 428 Edge      nss_queue3
 28:          0          0          0          0     GIC-0 427 Edge      nss_coredump_complete
 29:          0          0          0          0     GIC-0 426 Edge      nss_paged_empty_buf_sos
 30:          0          0          0          0     GIC-0 425 Edge      nss_profile_dma
 32:          0          0          0          0     GIC-0  35 Edge      wdt_bark
 33:          0          0          0          0     GIC-0 357 Edge      q6v5 wdog
 37:          4          0          0          0     GIC-0 348 Edge      ce0
 38:   47162165          0          0          0     GIC-0 347 Edge      ce1
 39:      84097          0          0          0     GIC-0 346 Edge      ce2
 40:     167744          0          0          0     GIC-0 343 Edge      ce3
 42:          0          0          0          0     GIC-0 443 Edge      ce5
 44:          1          0          0          0     GIC-0  72 Edge      ce7
 46:          0          0          0          0     GIC-0 334 Edge      ce9
 47:          0          0          0          0     GIC-0 333 Edge      ce10
 48:          0          0          0          0     GIC-0  69 Edge      ce11
 55:          0          0          0          0     GIC-0 323 Edge      reo2ost-exception
 56:    4067779          0          0          0     GIC-0 322 Edge      wbm2host-rx-release
 57:       2510          0          0          0     GIC-0 321 Edge      reo2host-status
 58:    5002294          0          0          0     GIC-0 320 Edge      reo2host-destination-ring4
 59:    5001346          0          0          0     GIC-0 271 Edge      reo2host-destination-ring3
 60:    5009147          0          0          0     GIC-0 268 Edge      reo2host-destination-ring2
 61:    7679647          0          0          0     GIC-0 267 Edge      reo2host-destination-ring1
 66:        175          0          0          0     GIC-0 262 Edge      ppdu-end-interrupts-mac2
 67:   21827816          0          0          0     GIC-0 261 Edge      ppdu-end-interrupts-mac1
 69:          1          0          0          0     GIC-0 256 Edge      rxdma2host-monitor-status-ring-mac2
 70:          1          0          0          0     GIC-0 255 Edge      rxdma2host-monitor-status-ring-mac1
 72:          1          0          0          0     GIC-0 215 Edge      host2rxdma-host-buf-ring-mac2
 73:         14          0          0          0     GIC-0 212 Edge      host2rxdma-host-buf-ring-mac1
 75:          0          0          0          0     GIC-0 210 Edge      rxdma2host-destination-ring-mac2
 76:          0          0          0          0     GIC-0 209 Edge      rxdma2host-destination-ring-mac1
 82:    7945648          0          0          0     GIC-0 191 Edge      wbm2host-tx-completions-ring3
 83:    7212655          0          0          0     GIC-0 190 Edge      wbm2host-tx-completions-ring2
 84:    5090388          0          0          0     GIC-0 189 Edge      wbm2host-tx-completions-ring1
 86:          0          0          0          0     GIC-0 198 Edge      tmc-etr
 87:          0          0          0          0     GIC-0 216 Edge      tsens_interrupt
 88:          4          0          0          0     GIC-0  47 Edge      cpr3
 89:          4          0          0          0     GIC-0 354 Edge      smp2p
 90:         24          0          0          0     GIC-0 200 Edge      glink-native
 91:          0          0          0          0     GIC-0 276 Edge      tzerror
 94:          0          0          0          0     smp2p   0 Edge      q6v5 fatal
 95:          2          0          0          0     smp2p   1 Edge      q6v5 ready
 96:          0          0          0          0     smp2p   2 Edge      q6v5 handover
 97:          0          0          0          0     smp2p   3 Edge      q6v5 stop
 98:          0          0          0          0   msmgpio  19 Edge      soc:gpio_keys
 99:          0          0          0          0     GIC-0 131 Level     xhci-hcd:usb1
100:          0          0          0          0     GIC-0 172 Level     xhci-hcd:usb3
101:        129          0          0          0     GIC-0 353 Edge      glink-native
IPI0:  50689348   81855203   81262938   86303736       Rescheduling interrupts
IPI1:      3904       4127       3775       3918       Function call interrupts
IPI2:         0          0          0          0       CPU stop interrupts
IPI3:         0          0          0          0       CPU stop (for crash dump) interrupts
IPI4:         0          0          0          0       Timer broadcast interrupts
IPI5:         0          0          0          0       IRQ work interrupts
IPI6:         0          0          0          0       CPU wake-up interrupts
Err:          0
=== TICKS ===
--- 14:49:44 ---
cpu  39136 0 4198588 26016635 123 167127 85479 0 0 0
cpu0 9207 0 895791 6550186 50 83791 76564 0 0 0
cpu1 9577 0 1396565 6194862 16 27982 2414 0 0 0
cpu2 10446 0 888747 6700802 28 27213 2802 0 0 0
cpu3 9904 0 1017484 6570784 28 28140 3698 0 0 0
MemTotal:         901568 kB
MemFree:          657616 kB
MemAvailable:     683360 kB
Buffers:           10984 kB
Cached:            53392 kB
freq:cpu0:1800000
freq:cpu1:1800000
freq:cpu2:1800000
freq:cpu3:1800000
therm:thermal_zone0:74
therm:thermal_zone1:74
therm:thermal_zone2:74
therm:thermal_zone3:73
therm:thermal_zone4:74
therm:thermal_zone5:74
therm:thermal_zone6:74
--- 14:49:45 ---
cpu  39137 0 4198665 26016970 123 167131 85480 0 0 0
cpu0 9207 0 895815 6550263 50 83792 76565 0 0 0
cpu1 9578 0 1396590 6194943 16 27983 2414 0 0 0
cpu2 10446 0 888764 6700889 28 27214 2802 0 0 0
cpu3 9904 0 1017494 6570873 28 28141 3698 0 0 0
MemTotal:         901568 kB
MemFree:          658476 kB
MemAvailable:     684220 kB
Buffers:           10984 kB
Cached:            53368 kB
freq:cpu0:1800000
freq:cpu1:1800000
freq:cpu2:1800000
freq:cpu3:1800000
therm:thermal_zone0:75
therm:thermal_zone1:75
therm:thermal_zone2:74
therm:thermal_zone3:73
therm:thermal_zone4:76
therm:thermal_zone5:74
therm:thermal_zone6:74
--- 14:49:46 ---
cpu  39138 0 4198763 26017283 123 167138 85481 0 0 0
cpu0 9208 0 895842 6550337 50 83795 76566 0 0 0
cpu1 9578 0 1396605 6195029 16 27984 2414 0 0 0
cpu2 10446 0 888797 6700959 28 27215 2802 0 0 0
cpu3 9904 0 1017518 6570955 28 28142 3698 0 0 0
MemTotal:         901568 kB
MemFree:          658796 kB
MemAvailable:     684540 kB
Buffers:           10984 kB
Cached:            53368 kB
freq:cpu0:1800000
freq:cpu1:1800000
freq:cpu2:1800000
freq:cpu3:1800000
therm:thermal_zone0:74
therm:thermal_zone1:74
therm:thermal_zone2:73
therm:thermal_zone3:73
therm:thermal_zone4:74
therm:thermal_zone5:74
therm:thermal_zone6:74
--- 14:49:47 ---
cpu  39139 0 4198894 26017526 123 167149 85483 0 0 0
cpu0 9209 0 895879 6550390 50 83799 76568 0 0 0
cpu1 9578 0 1396625 6195103 16 27986 2414 0 0 0
cpu2 10446 0 888841 6701009 28 27218 2802 0 0 0
cpu3 9904 0 1017547 6571023 28 28144 3698 0 0 0
MemTotal:         901568 kB
MemFree:          658528 kB
MemAvailable:     684272 kB
Buffers:           10984 kB
Cached:            53372 kB
freq:cpu0:1800000
freq:cpu1:1800000
freq:cpu2:1800000
freq:cpu3:1800000
therm:thermal_zone0:74
therm:thermal_zone1:74
therm:thermal_zone2:74
therm:thermal_zone3:73
therm:thermal_zone4:75
therm:thermal_zone5:74
therm:thermal_zone6:74
--- 14:49:48 ---
cpu  39139 0 4199011 26017804 123 167157 85485 0 0 0
cpu0 9209 0 895907 6550461 50 83802 76569 0 0 0
cpu1 9578 0 1396659 6195168 16 27988 2414 0 0 0
cpu2 10446 0 888871 6701077 28 27220 2802 0 0 0
cpu3 9904 0 1017572 6571097 28 28146 3698 0 0 0
MemTotal:         901568 kB
MemFree:          659012 kB
MemAvailable:     684756 kB
Buffers:           10984 kB
Cached:            53372 kB
freq:cpu0:1800000
freq:cpu1:1800000
freq:cpu2:1800000
freq:cpu3:1800000
therm:thermal_zone0:75
therm:thermal_zone1:75
therm:thermal_zone2:74
therm:thermal_zone3:74
therm:thermal_zone4:77
therm:thermal_zone5:74
therm:thermal_zone6:75
--- 14:49:49 ---
cpu  39140 0 4199099 26018122 123 167164 85486 0 0 0
cpu0 9209 0 895927 6550542 50 83805 76571 0 0 0
cpu1 9578 0 1396686 6195240 16 27989 2414 0 0 0
cpu2 10446 0 888895 6701158 28 27221 2802 0 0 0
cpu3 9905 0 1017590 6571180 28 28147 3698 0 0 0
MemTotal:         901568 kB
MemFree:          658844 kB
MemAvailable:     684588 kB
Buffers:           10984 kB
Cached:            53372 kB
freq:cpu0:1800000
freq:cpu1:1800000
freq:cpu2:1800000
freq:cpu3:1800000
therm:thermal_zone0:75
therm:thermal_zone1:75
therm:thermal_zone2:74
therm:thermal_zone3:73
therm:thermal_zone4:76
therm:thermal_zone5:74
therm:thermal_zone6:74
--- 14:49:50 ---
cpu  39144 0 4199203 26018395 123 167175 85489 0 0 0
cpu0 9209 0 895946 6550614 50 83809 76572 0 0 0
cpu1 9578 0 1396719 6195297 16 27991 2414 0 0 0
cpu2 10450 0 888918 6701230 28 27223 2802 0 0 0
cpu3 9905 0 1017619 6571252 28 28150 3699 0 0 0
MemTotal:         901568 kB
MemFree:          658508 kB
MemAvailable:     684252 kB
Buffers:           10984 kB
Cached:            53372 kB
freq:cpu0:1800000
freq:cpu1:1800000
freq:cpu2:1800000
freq:cpu3:1800000
therm:thermal_zone0:74
therm:thermal_zone1:75
therm:thermal_zone2:74
therm:thermal_zone3:73
therm:thermal_zone4:75
therm:thermal_zone5:74
therm:thermal_zone6:74
--- 14:49:51 ---
cpu  39144 0 4199298 26018669 123 167184 85490 0 0 0
cpu0 9209 0 895964 6550684 50 83812 76574 0 0 0
cpu1 9578 0 1396738 6195373 16 27993 2414 0 0 0
cpu2 10450 0 888961 6701285 28 27225 2802 0 0 0
cpu3 9905 0 1017633 6571326 28 28151 3699 0 0 0
MemTotal:         901568 kB
MemFree:          658340 kB
MemAvailable:     684084 kB
Buffers:           10984 kB
Cached:            53372 kB
freq:cpu0:1800000
freq:cpu1:1800000
freq:cpu2:1800000
freq:cpu3:1800000
therm:thermal_zone0:75
therm:thermal_zone1:75
therm:thermal_zone2:74
therm:thermal_zone3:74
therm:thermal_zone4:75
therm:thermal_zone5:74
therm:thermal_zone6:74
--- 14:49:52 ---
cpu  39144 0 4199406 26018967 123 167191 85492 0 0 0
cpu0 9209 0 895998 6550755 50 83815 76575 0 0 0
cpu1 9578 0 1396764 6195448 16 27995 2414 0 0 0
cpu2 10450 0 888990 6701357 28 27227 2802 0 0 0
cpu3 9905 0 1017652 6571406 28 28153 3699 0 0 0
MemTotal:         901568 kB
MemFree:          658792 kB
MemAvailable:     684536 kB
Buffers:           10984 kB
Cached:            53372 kB
freq:cpu0:1800000
freq:cpu1:1800000
freq:cpu2:1800000
freq:cpu3:1800000
therm:thermal_zone0:75
therm:thermal_zone1:75
therm:thermal_zone2:74
therm:thermal_zone3:74
therm:thermal_zone4:76
therm:thermal_zone5:74
therm:thermal_zone6:75
--- 14:49:53 ---
cpu  39145 0 4199509 26019260 123 167200 85493 0 0 0
cpu0 9209 0 896021 6550828 50 83819 76576 0 0 0
cpu1 9579 0 1396798 6195509 16 27997 2414 0 0 0
cpu2 10450 0 889013 6701438 28 27229 2802 0 0 0
cpu3 9905 0 1017676 6571483 28 28155 3699 0 0 0
MemTotal:         901568 kB
MemFree:          658592 kB
MemAvailable:     684336 kB
Buffers:           10984 kB
Cached:            53372 kB
freq:cpu0:1800000
freq:cpu1:1800000
freq:cpu2:1800000
freq:cpu3:1800000
therm:thermal_zone0:75
therm:thermal_zone1:75
therm:thermal_zone2:74
therm:thermal_zone3:74
therm:thermal_zone4:75
therm:thermal_zone5:74
therm:thermal_zone6:74
--- 14:49:54 ---
cpu  39146 0 4199634 26019526 123 167209 85495 0 0 0
cpu0 9209 0 896067 6550877 50 83822 76578 0 0 0
cpu1 9580 0 1396818 6195584 16 27999 2414 0 0 0
cpu2 10450 0 889042 6701512 28 27231 2802 0 0 0
cpu3 9905 0 1017706 6571552 28 28157 3699 0 0 0
MemTotal:         901568 kB
MemFree:          658308 kB
MemAvailable:     684052 kB
Buffers:           10984 kB
Cached:            53376 kB
freq:cpu0:1800000
freq:cpu1:1800000
freq:cpu2:1800000
freq:cpu3:1800000
therm:thermal_zone0:75
therm:thermal_zone1:76
therm:thermal_zone2:74
therm:thermal_zone3:74
therm:thermal_zone4:76
therm:thermal_zone5:74
therm:thermal_zone6:75
--- 14:49:55 ---
cpu  39146 0 4199719 26019828 123 167216 85497 0 0 0
cpu0 9209 0 896090 6550949 50 83825 76579 0 0 0
cpu1 9580 0 1396846 6195655 16 28000 2415 0 0 0
cpu2 10450 0 889061 6701589 28 27232 2802 0 0 0
cpu3 9905 0 1017721 6571633 28 28158 3699 0 0 0
MemTotal:         901568 kB
MemFree:          658576 kB
MemAvailable:     684320 kB
Buffers:           10984 kB
Cached:            53376 kB
freq:cpu0:1800000
freq:cpu1:1800000
freq:cpu2:1800000
freq:cpu3:1800000
therm:thermal_zone0:75
therm:thermal_zone1:75
therm:thermal_zone2:74
therm:thermal_zone3:74
therm:thermal_zone4:76
therm:thermal_zone5:74
therm:thermal_zone6:74
--- 14:49:56 ---
cpu  39147 0 4199831 26020121 123 167225 85498 0 0 0
cpu0 9209 0 896109 6551027 50 83828 76581 0 0 0
cpu1 9580 0 1396888 6195717 16 28002 2415 0 0 0
cpu2 10452 0 889088 6701667 28 27233 2802 0 0 0
cpu3 9905 0 1017745 6571709 28 28160 3699 0 0 0
MemTotal:         901568 kB
MemFree:          658540 kB
MemAvailable:     684284 kB
Buffers:           10984 kB
Cached:            53376 kB
freq:cpu0:1800000
freq:cpu1:1800000
freq:cpu2:1800000
freq:cpu3:1800000
therm:thermal_zone0:74
therm:thermal_zone1:75
therm:thermal_zone2:74
therm:thermal_zone3:73
therm:thermal_zone4:75
therm:thermal_zone5:74
therm:thermal_zone6:74
--- 14:49:57 ---
cpu  39147 0 4199947 26020399 123 167234 85500 0 0 0
cpu0 9209 0 896130 6551102 50 83831 76582 0 0 0
cpu1 9580 0 1396932 6195770 16 28004 2415 0 0 0
cpu2 10452 0 889112 6701746 28 27235 2802 0 0 0
cpu3 9905 0 1017773 6571780 28 28161 3700 0 0 0
MemTotal:         901568 kB
MemFree:          658088 kB
MemAvailable:     683832 kB
Buffers:           10984 kB
Cached:            53376 kB
freq:cpu0:1800000
freq:cpu1:1800000
freq:cpu2:1800000
freq:cpu3:1800000
therm:thermal_zone0:75
therm:thermal_zone1:75
therm:thermal_zone2:74
therm:thermal_zone3:74
therm:thermal_zone4:76
therm:thermal_zone5:74
therm:thermal_zone6:75
--- 14:49:59 ---
cpu  39147 0 4200046 26020699 123 167241 85501 0 0 0
cpu0 9209 0 896160 6551170 50 83834 76583 0 0 0
cpu1 9580 0 1396957 6195844 16 28006 2415 0 0 0
cpu2 10452 0 889137 6701825 28 27237 2802 0 0 0
cpu3 9905 0 1017790 6571858 28 28163 3700 0 0 0
MemTotal:         901568 kB
MemFree:          658592 kB
MemAvailable:     684336 kB
Buffers:           10984 kB
Cached:            53376 kB
freq:cpu0:1800000
freq:cpu1:1800000
freq:cpu2:1800000
freq:cpu3:1800000
therm:thermal_zone0:75
therm:thermal_zone1:75
therm:thermal_zone2:74
therm:thermal_zone3:74
therm:thermal_zone4:76
therm:thermal_zone5:74
therm:thermal_zone6:74
--- 14:50:00 ---
cpu  39148 0 4200149 26020993 123 167249 85503 0 0 0
cpu0 9209 0 896192 6551236 50 83837 76585 0 0 0
cpu1 9580 0 1396984 6195917 16 28007 2415 0 0 0
cpu2 10453 0 889161 6701902 28 27238 2802 0 0 0
cpu3 9905 0 1017812 6571935 28 28164 3700 0 0 0
MemTotal:         901568 kB
MemFree:          658844 kB
MemAvailable:     684588 kB
Buffers:           10984 kB
Cached:            53376 kB
freq:cpu0:1800000
freq:cpu1:1800000
freq:cpu2:1800000
freq:cpu3:1800000
therm:thermal_zone0:75
therm:thermal_zone1:75
therm:thermal_zone2:74
therm:thermal_zone3:74
therm:thermal_zone4:75
therm:thermal_zone5:74
therm:thermal_zone6:74
--- 14:50:01 ---
cpu  39148 0 4200277 26021262 123 167259 85504 0 0 0
cpu0 9209 0 896212 6551315 50 83840 76586 0 0 0
cpu1 9580 0 1397007 6195994 16 28009 2415 0 0 0
cpu2 10453 0 889198 6701965 28 27241 2802 0 0 0
cpu3 9905 0 1017859 6571987 28 28167 3700 0 0 0
MemTotal:         901568 kB
MemFree:          658624 kB
MemAvailable:     684368 kB
Buffers:           10984 kB
Cached:            53380 kB
freq:cpu0:1800000
freq:cpu1:1800000
freq:cpu2:1800000
freq:cpu3:1800000
therm:thermal_zone0:75
therm:thermal_zone1:75
therm:thermal_zone2:74
therm:thermal_zone3:74
therm:thermal_zone4:76
therm:thermal_zone5:74
therm:thermal_zone6:74
--- 14:50:02 ---
cpu  39148 0 4200378 26021562 123 167266 85506 0 0 0
cpu0 9209 0 896234 6551388 50 83843 76587 0 0 0
cpu1 9580 0 1397026 6196078 16 28011 2415 0 0 0
cpu2 10453 0 889220 6702043 28 27242 2802 0 0 0
cpu3 9905 0 1017896 6572051 28 28169 3700 0 0 0
MemTotal:         901568 kB
MemFree:          658120 kB
MemAvailable:     683864 kB
Buffers:           10984 kB
Cached:            53380 kB
freq:cpu0:1800000
freq:cpu1:1800000
freq:cpu2:1800000
freq:cpu3:1800000
therm:thermal_zone0:75
therm:thermal_zone1:75
therm:thermal_zone2:74
therm:thermal_zone3:74
therm:thermal_zone4:76
therm:thermal_zone5:74
therm:thermal_zone6:74
--- 14:50:03 ---
cpu  39149 0 4200482 26021864 123 167274 85507 0 0 0
cpu0 9209 0 896262 6551465 50 83846 76589 0 0 0
cpu1 9580 0 1397047 6196156 16 28012 2415 0 0 0
cpu2 10454 0 889249 6702119 28 27244 2803 0 0 0
cpu3 9905 0 1017922 6572122 28 28170 3700 0 0 0
MemTotal:         901568 kB
MemFree:          658908 kB
MemAvailable:     684652 kB
Buffers:           10984 kB
Cached:            53380 kB
freq:cpu0:1800000
freq:cpu1:1800000
freq:cpu2:1800000
freq:cpu3:1800000
therm:thermal_zone0:75
therm:thermal_zone1:75
therm:thermal_zone2:74
therm:thermal_zone3:73
therm:thermal_zone4:76
therm:thermal_zone5:74
therm:thermal_zone6:74
--- 14:50:04 ---
cpu  39151 0 4200624 26022117 123 167285 85509 0 0 0
cpu0 9209 0 896290 6551531 50 83850 76590 0 0 0
cpu1 9580 0 1397105 6196204 16 28015 2415 0 0 0
cpu2 10456 0 889282 6702188 28 27246 2803 0 0 0
cpu3 9905 0 1017946 6572192 28 28173 3700 0 0 0
MemTotal:         901568 kB
MemFree:          659160 kB
MemAvailable:     684904 kB
Buffers:           10984 kB
Cached:            53380 kB
freq:cpu0:1800000
freq:cpu1:1800000
freq:cpu2:1800000
freq:cpu3:1800000
therm:thermal_zone0:75
therm:thermal_zone1:75
therm:thermal_zone2:74
therm:thermal_zone3:74
therm:thermal_zone4:75
therm:thermal_zone5:74
therm:thermal_zone6:75
--- 14:50:05 ---
cpu  39152 0 4200732 26022407 123 167293 85511 0 0 0
cpu0 9209 0 896312 6551608 50 83853 76591 0 0 0
cpu1 9580 0 1397126 6196284 16 28016 2415 0 0 0
cpu2 10456 0 889323 6702247 28 27248 2803 0 0 0
cpu3 9906 0 1017969 6572266 28 28174 3700 0 0 0
MemTotal:         901568 kB
MemFree:          659160 kB
MemAvailable:     684904 kB
Buffers:           10984 kB
Cached:            53380 kB
freq:cpu0:1800000
freq:cpu1:1800000
freq:cpu2:1800000
freq:cpu3:1800000
therm:thermal_zone0:75
therm:thermal_zone1:76
therm:thermal_zone2:74
therm:thermal_zone3:74
therm:thermal_zone4:77
therm:thermal_zone5:74
therm:thermal_zone6:75
--- 14:50:06 ---
cpu  39153 0 4200825 26022718 123 167299 85512 0 0 0
cpu0 9209 0 896332 6551687 50 83856 76593 0 0 0
cpu1 9580 0 1397145 6196366 16 28017 2415 0 0 0
cpu2 10456 0 889351 6702317 28 27249 2803 0 0 0
cpu3 9907 0 1017996 6572346 28 28175 3700 0 0 0
MemTotal:         901568 kB
MemFree:          658404 kB
MemAvailable:     684148 kB
Buffers:           10984 kB
Cached:            53380 kB
freq:cpu0:1800000
freq:cpu1:1800000
freq:cpu2:1800000
freq:cpu3:1800000
therm:thermal_zone0:75
therm:thermal_zone1:75
therm:thermal_zone2:74
therm:thermal_zone3:74
therm:thermal_zone4:76
therm:thermal_zone5:74
therm:thermal_zone6:74
--- 14:50:07 ---
cpu  39154 0 4200926 26022993 123 167308 85514 0 0 0
cpu0 9210 0 896351 6551760 50 83859 76594 0 0 0
cpu1 9580 0 1397170 6196437 16 28019 2415 0 0 0
cpu2 10456 0 889387 6702375 28 27251 2803 0 0 0
cpu3 9907 0 1018016 6572419 28 28177 3700 0 0 0
MemTotal:         901568 kB
MemFree:          658352 kB
MemAvailable:     684096 kB
Buffers:           10984 kB
Cached:            53380 kB
freq:cpu0:1800000
freq:cpu1:1800000
freq:cpu2:1800000
freq:cpu3:1800000
therm:thermal_zone0:75
therm:thermal_zone1:75
therm:thermal_zone2:74
therm:thermal_zone3:74
therm:thermal_zone4:75
therm:thermal_zone5:74
therm:thermal_zone6:74
--- 14:50:08 ---
cpu  39157 0 4201046 26023256 123 167317 85515 0 0 0
cpu0 9211 0 896393 6551808 50 83863 76596 0 0 0
cpu1 9580 0 1397194 6196512 16 28021 2415 0 0 0
cpu2 10458 0 889418 6702443 28 27254 2803 0 0 0
cpu3 9907 0 1018040 6572492 28 28179 3700 0 0 0
MemTotal:         901568 kB
MemFree:          658152 kB
MemAvailable:     683896 kB
Buffers:           10984 kB
Cached:            53384 kB
freq:cpu0:1800000
freq:cpu1:1800000
freq:cpu2:1800000
freq:cpu3:1800000
therm:thermal_zone0:75
therm:thermal_zone1:76
therm:thermal_zone2:74
therm:thermal_zone3:74
therm:thermal_zone4:76
therm:thermal_zone5:74
therm:thermal_zone6:75
--- 14:50:09 ---
cpu  39158 0 4201119 26023574 123 167323 85517 0 0 0
cpu0 9211 0 896421 6551878 50 83865 76597 0 0 0
cpu1 9581 0 1397211 6196591 16 28022 2415 0 0 0
cpu2 10458 0 889434 6702524 28 27255 2803 0 0 0
cpu3 9907 0 1018050 6572580 28 28180 3700 0 0 0
MemTotal:         901568 kB
MemFree:          658956 kB
MemAvailable:     684700 kB
Buffers:           10984 kB
Cached:            53384 kB
freq:cpu0:1800000
freq:cpu1:1800000
freq:cpu2:1800000
freq:cpu3:1800000
therm:thermal_zone0:75
therm:thermal_zone1:76
therm:thermal_zone2:74
therm:thermal_zone3:74
therm:thermal_zone4:76
therm:thermal_zone5:74
therm:thermal_zone6:75
--- 14:50:10 ---
cpu  39160 0 4201228 26023858 123 167332 85518 0 0 0
cpu0 9212 0 896447 6551951 50 83869 76598 0 0 0
cpu1 9581 0 1397236 6196668 16 28023 2415 0 0 0
cpu2 10458 0 889469 6702585 28 27257 2803 0 0 0
cpu3 9908 0 1018075 6572653 28 28182 3700 0 0 0
MemTotal:         901568 kB
MemFree:          658672 kB
MemAvailable:     684416 kB
Buffers:           10984 kB
Cached:            53384 kB
freq:cpu0:1800000
freq:cpu1:1800000
freq:cpu2:1800000
freq:cpu3:1800000
therm:thermal_zone0:75
therm:thermal_zone1:75
therm:thermal_zone2:74
therm:thermal_zone3:74
therm:thermal_zone4:75
therm:thermal_zone5:74
therm:thermal_zone6:74
--- 14:50:11 ---
cpu  39160 0 4201362 26024110 123 167343 85520 0 0 0
cpu0 9212 0 896478 6552016 50 83873 76600 0 0 0
cpu1 9581 0 1397283 6196712 16 28026 2415 0 0 0
cpu2 10458 0 889500 6702657 28 27259 2803 0 0 0
cpu3 9908 0 1018100 6572724 28 28184 3700 0 0 0
MemTotal:         901568 kB
MemFree:          658420 kB
MemAvailable:     684164 kB
Buffers:           10984 kB
Cached:            53384 kB
freq:cpu0:1800000
freq:cpu1:1800000
freq:cpu2:1800000
freq:cpu3:1800000
therm:thermal_zone0:75
therm:thermal_zone1:76
therm:thermal_zone2:74
therm:thermal_zone3:74
therm:thermal_zone4:76
therm:thermal_zone5:74
therm:thermal_zone6:75
--- 14:50:12 ---
cpu  39162 0 4201456 26024411 123 167350 85522 0 0 0
cpu0 9213 0 896506 6552087 50 83875 76601 0 0 0
cpu1 9581 0 1397304 6196791 16 28027 2415 0 0 0
cpu2 10458 0 889511 6702741 28 27260 2803 0 0 0
cpu3 9909 0 1018133 6572790 28 28186 3701 0 0 0
MemTotal:         901568 kB
MemFree:          658468 kB
MemAvailable:     684212 kB
Buffers:           10984 kB
Cached:            53384 kB
freq:cpu0:1800000
freq:cpu1:1800000
freq:cpu2:1800000
freq:cpu3:1800000
therm:thermal_zone0:75
therm:thermal_zone1:76
therm:thermal_zone2:74
therm:thermal_zone3:74
therm:thermal_zone4:77
therm:thermal_zone5:75
therm:thermal_zone6:75
--- 14:50:13 ---
cpu  39164 0 4201545 26024729 123 167357 85523 0 0 0
cpu0 9213 0 896524 6552168 50 83878 76603 0 0 0
cpu1 9581 0 1397324 6196873 16 28028 2415 0 0 0
cpu2 10460 0 889527 6702827 28 27261 2803 0 0 0
cpu3 9909 0 1018168 6572860 28 28188 3701 0 0 0
MemTotal:         901568 kB
MemFree:          658720 kB
MemAvailable:     684464 kB
Buffers:           10984 kB
Cached:            53384 kB
freq:cpu0:1800000
freq:cpu1:1800000
freq:cpu2:1800000
freq:cpu3:1800000
therm:thermal_zone0:75
therm:thermal_zone1:75
therm:thermal_zone2:74
therm:thermal_zone3:74
therm:thermal_zone4:75
therm:thermal_zone5:74
therm:thermal_zone6:74
=== IRQ_END 14:50:14 ===
           CPU0       CPU1       CPU2       CPU3       
  4:    3999743    2870413    2708056    3851827     GIC-0  20 Level     arch_timer
  6:          0          0          0          0     GIC-0  39 Level     arch_mem_timer
  8:          0          0          0          0     GIC-0  23 Level     arm-pmu
  9:          0          0          0          0     GIC-0 239 Level     bam_dma
 11:        273          0          0          0     GIC-0 270 Level     bam_dma
 13:          7          0          0          0     GIC-0 338 Level     msm_serial0
 14:      12353          0          0          0     GIC-0 127 Level     78b5000.spi
 15:      63245          0          0          0     GIC-0 178 Level     bam_dma
 17:          0          0          0          0     GIC-0 410 Level     edma_txcmpl
 18:          0          0          0          0     GIC-0 386 Level     edma_rxfill
 19:          0          0          0          0     GIC-0 378 Level     edma_rxdesc
 20:          0          0          0          0     GIC-0 411 Level     edma_misc
 21:   11120621          0          0          0     GIC-0 434 Edge      nss_empty_buf_sos
 22:   12510367          0          0          0     GIC-0 433 Edge      nss_empty_buf_queue
 23:          0          0          0          0     GIC-0 432 Edge      nss-tx-unblock
 24:  156271220          0          0          0     GIC-0 431 Edge      nss_queue0
 25:          0   74035991          0          0     GIC-0 430 Edge      nss_queue1
 26:          0          0   72606743          0     GIC-0 429 Edge      nss_queue2
 27:          0          0          0   72121307     GIC-0 428 Edge      nss_queue3
 28:          0          0          0          0     GIC-0 427 Edge      nss_coredump_complete
 29:          0          0          0          0     GIC-0 426 Edge      nss_paged_empty_buf_sos
 30:          0          0          0          0     GIC-0 425 Edge      nss_profile_dma
 32:          0          0          0          0     GIC-0  35 Edge      wdt_bark
 33:          0          0          0          0     GIC-0 357 Edge      q6v5 wdog
 37:          4          0          0          0     GIC-0 348 Edge      ce0
 38:   47183667          0          0          0     GIC-0 347 Edge      ce1
 39:      84107          0          0          0     GIC-0 346 Edge      ce2
 40:     167788          0          0          0     GIC-0 343 Edge      ce3
 42:          0          0          0          0     GIC-0 443 Edge      ce5
 44:          1          0          0          0     GIC-0  72 Edge      ce7
 46:          0          0          0          0     GIC-0 334 Edge      ce9
 47:          0          0          0          0     GIC-0 333 Edge      ce10
 48:          0          0          0          0     GIC-0  69 Edge      ce11
 55:          0          0          0          0     GIC-0 323 Edge      reo2ost-exception
 56:    4069126          0          0          0     GIC-0 322 Edge      wbm2host-rx-release
 57:       2510          0          0          0     GIC-0 321 Edge      reo2host-status
 58:    5005776          0          0          0     GIC-0 320 Edge      reo2host-destination-ring4
 59:    5004597          0          0          0     GIC-0 271 Edge      reo2host-destination-ring3
 60:    5012472          0          0          0     GIC-0 268 Edge      reo2host-destination-ring2
 61:    7683124          0          0          0     GIC-0 267 Edge      reo2host-destination-ring1
 66:        175          0          0          0     GIC-0 262 Edge      ppdu-end-interrupts-mac2
 67:   21834743          0          0          0     GIC-0 261 Edge      ppdu-end-interrupts-mac1
 69:          1          0          0          0     GIC-0 256 Edge      rxdma2host-monitor-status-ring-mac2
 70:          1          0          0          0     GIC-0 255 Edge      rxdma2host-monitor-status-ring-mac1
 72:          1          0          0          0     GIC-0 215 Edge      host2rxdma-host-buf-ring-mac2
 73:         14          0          0          0     GIC-0 212 Edge      host2rxdma-host-buf-ring-mac1
 75:          0          0          0          0     GIC-0 210 Edge      rxdma2host-destination-ring-mac2
 76:          0          0          0          0     GIC-0 209 Edge      rxdma2host-destination-ring-mac1
 82:    7953987          0          0          0     GIC-0 191 Edge      wbm2host-tx-completions-ring3
 83:    7219471          0          0          0     GIC-0 190 Edge      wbm2host-tx-completions-ring2
 84:    5097272          0          0          0     GIC-0 189 Edge      wbm2host-tx-completions-ring1
 86:          0          0          0          0     GIC-0 198 Edge      tmc-etr
 87:          0          0          0          0     GIC-0 216 Edge      tsens_interrupt
 88:          4          0          0          0     GIC-0  47 Edge      cpr3
 89:          4          0          0          0     GIC-0 354 Edge      smp2p
 90:         24          0          0          0     GIC-0 200 Edge      glink-native
 91:          0          0          0          0     GIC-0 276 Edge      tzerror
 94:          0          0          0          0     smp2p   0 Edge      q6v5 fatal
 95:          2          0          0          0     smp2p   1 Edge      q6v5 ready
 96:          0          0          0          0     smp2p   2 Edge      q6v5 handover
 97:          0          0          0          0     smp2p   3 Edge      q6v5 stop
 98:          0          0          0          0   msmgpio  19 Edge      soc:gpio_keys
 99:          0          0          0          0     GIC-0 131 Level     xhci-hcd:usb1
100:          0          0          0          0     GIC-0 172 Level     xhci-hcd:usb3
101:        129          0          0          0     GIC-0 353 Edge      glink-native
IPI0:  50799964   82013698   81428132   86451538       Rescheduling interrupts
IPI1:      3904       4127       3775       3918       Function call interrupts
IPI2:         0          0          0          0       CPU stop interrupts
IPI3:         0          0          0          0       CPU stop (for crash dump) interrupts
IPI4:         0          0          0          0       Timer broadcast interrupts
IPI5:         0          0          0          0       IRQ work interrupts
IPI6:         0          0          0          0       CPU wake-up interrupts
Err:          0
