# dut sample interval=1s duration=30s host=e49d73e1b838 kernel=5.4.164
=== IRQ_START 15:44:52 ===
           CPU0       CPU1       CPU2       CPU3       
  4:    4227903    3046777    2889413    4075059     GIC-0  20 Level     arch_timer
  6:          0          0          0          0     GIC-0  39 Level     arch_mem_timer
  8:          0          0          0          0     GIC-0  23 Level     arm-pmu
  9:          0          0          0          0     GIC-0 239 Level     bam_dma
 11:        273          0          0          0     GIC-0 270 Level     bam_dma
 13:          7          0          0          0     GIC-0 338 Level     msm_serial0
 14:      12353          0          0          0     GIC-0 127 Level     78b5000.spi
 15:      63405          0          0          0     GIC-0 178 Level     bam_dma
 17:          0          0          0          0     GIC-0 410 Level     edma_txcmpl
 18:          0          0          0          0     GIC-0 386 Level     edma_rxfill
 19:          0          0          0          0     GIC-0 378 Level     edma_rxdesc
 20:          0          0          0          0     GIC-0 411 Level     edma_misc
 21:   12258778          0          0          0     GIC-0 434 Edge      nss_empty_buf_sos
 22:   12540372          0          0          0     GIC-0 433 Edge      nss_empty_buf_queue
 23:          0          0          0          0     GIC-0 432 Edge      nss-tx-unblock
 24:  169580289          0          0          0     GIC-0 431 Edge      nss_queue0
 25:          0   81077974          0          0     GIC-0 430 Edge      nss_queue1
 26:          0          0   79578017          0     GIC-0 429 Edge      nss_queue2
 27:          0          0          0   79010787     GIC-0 428 Edge      nss_queue3
 28:          0          0          0          0     GIC-0 427 Edge      nss_coredump_complete
 29:          0          0          0          0     GIC-0 426 Edge      nss_paged_empty_buf_sos
 30:          0          0          0          0     GIC-0 425 Edge      nss_profile_dma
 32:          0          0          0          0     GIC-0  35 Edge      wdt_bark
 33:          0          0          0          0     GIC-0 357 Edge      q6v5 wdog
 37:          4          0          0          0     GIC-0 348 Edge      ce0
 38:   49321007          0          0          0     GIC-0 347 Edge      ce1
 39:      85519          0          0          0     GIC-0 346 Edge      ce2
 40:     172216          0          0          0     GIC-0 343 Edge      ce3
 42:          0          0          0          0     GIC-0 443 Edge      ce5
 44:          1          0          0          0     GIC-0  72 Edge      ce7
 46:          0          0          0          0     GIC-0 334 Edge      ce9
 47:          0          0          0          0     GIC-0 333 Edge      ce10
 48:          0          0          0          0     GIC-0  69 Edge      ce11
 55:          0          0          0          0     GIC-0 323 Edge      reo2ost-exception
 56:    4232239          0          0          0     GIC-0 322 Edge      wbm2host-rx-release
 57:       2510          0          0          0     GIC-0 321 Edge      reo2host-status
 58:    5432889          0          0          0     GIC-0 320 Edge      reo2host-destination-ring4
 59:    5428879          0          0          0     GIC-0 271 Edge      reo2host-destination-ring3
 60:    5431899          0          0          0     GIC-0 268 Edge      reo2host-destination-ring2
 61:    8103358          0          0          0     GIC-0 267 Edge      reo2host-destination-ring1
 66:        175          0          0          0     GIC-0 262 Edge      ppdu-end-interrupts-mac2
 67:   23010705          0          0          0     GIC-0 261 Edge      ppdu-end-interrupts-mac1
 69:          1          0          0          0     GIC-0 256 Edge      rxdma2host-monitor-status-ring-mac2
 70:          1          0          0          0     GIC-0 255 Edge      rxdma2host-monitor-status-ring-mac1
 72:          1          0          0          0     GIC-0 215 Edge      host2rxdma-host-buf-ring-mac2
 73:         14          0          0          0     GIC-0 212 Edge      host2rxdma-host-buf-ring-mac1
 75:          0          0          0          0     GIC-0 210 Edge      rxdma2host-destination-ring-mac2
 76:          0          0          0          0     GIC-0 209 Edge      rxdma2host-destination-ring-mac1
 82:    8610482          0          0          0     GIC-0 191 Edge      wbm2host-tx-completions-ring3
 83:    7756939          0          0          0     GIC-0 190 Edge      wbm2host-tx-completions-ring2
 84:    5613399          0          0          0     GIC-0 189 Edge      wbm2host-tx-completions-ring1
 86:          0          0          0          0     GIC-0 198 Edge      tmc-etr
 87:          0          0          0          0     GIC-0 216 Edge      tsens_interrupt
 88:          4          0          0          0     GIC-0  47 Edge      cpr3
 89:          4          0          0          0     GIC-0 354 Edge      smp2p
 90:         24          0          0          0     GIC-0 200 Edge      glink-native
 91:          0          0          0          0     GIC-0 276 Edge      tzerror
 94:          0          0          0          0     smp2p   0 Edge      q6v5 fatal
 95:          2          0          0          0     smp2p   1 Edge      q6v5 ready
 96:          0          0          0          0     smp2p   2 Edge      q6v5 handover
 97:          0          0          0          0     smp2p   3 Edge      q6v5 stop
 98:          0          0          0          0   msmgpio  19 Edge      soc:gpio_keys
 99:          0          0          0          0     GIC-0 131 Level     xhci-hcd:usb1
100:          0          0          0          0     GIC-0 172 Level     xhci-hcd:usb3
101:        129          0          0          0     GIC-0 353 Edge      glink-native
IPI0:  55239861   89052228   89456145   93607349       Rescheduling interrupts
IPI1:      4228       4453       4075       4184       Function call interrupts
IPI2:         0          0          0          0       CPU stop interrupts
IPI3:         0          0          0          0       CPU stop (for crash dump) interrupts
IPI4:         0          0          0          0       Timer broadcast interrupts
IPI5:         0          0          0          0       IRQ work interrupts
IPI6:         0          0          0          0       CPU wake-up interrupts
Err:          0
=== TICKS ===
--- 15:44:52 ---
cpu  42879 0 4695684 26805377 123 181840 90371 0 0 0
cpu0 10088 0 1020758 6740296 50 90380 80966 0 0 0
cpu1 10595 0 1520023 6394991 16 30659 2551 0 0 0
cpu2 11373 0 1016589 6896652 28 29969 2942 0 0 0
cpu3 10822 0 1138312 6773437 28 30829 3910 0 0 0
MemTotal:         901568 kB
MemFree:          590604 kB
MemAvailable:     616396 kB
Buffers:           10984 kB
Cached:            53408 kB
freq:cpu0:1800000
freq:cpu1:1800000
freq:cpu2:1800000
freq:cpu3:1800000
therm:thermal_zone0:74
therm:thermal_zone1:74
therm:thermal_zone2:74
therm:thermal_zone3:73
therm:thermal_zone4:75
therm:thermal_zone5:74
therm:thermal_zone6:74
--- 15:44:53 ---
cpu  42880 0 4695852 26805638 123 181841 90372 0 0 0
cpu0 10088 0 1020799 6740360 50 90381 80966 0 0 0
cpu1 10596 0 1520064 6395057 16 30660 2551 0 0 0
cpu2 11373 0 1016628 6896720 28 29970 2943 0 0 0
cpu3 10822 0 1138360 6773499 28 30830 3911 0 0 0
MemTotal:         901568 kB
MemFree:          590936 kB
MemAvailable:     616728 kB
Buffers:           10984 kB
Cached:            53392 kB
freq:cpu0:1800000
freq:cpu1:1800000
freq:cpu2:1800000
freq:cpu3:1800000
therm:thermal_zone0:75
therm:thermal_zone1:75
therm:thermal_zone2:74
therm:thermal_zone3:74
therm:thermal_zone4:76
therm:thermal_zone5:74
therm:thermal_zone6:75
--- 15:44:54 ---
cpu  42883 0 4696276 26805661 123 181844 90374 0 0 0
cpu0 10088 0 1020909 6740361 50 90382 80968 0 0 0
cpu1 10599 0 1520165 6395062 16 30660 2551 0 0 0
cpu2 11373 0 1016733 6896731 28 29970 2943 0 0 0
cpu3 10822 0 1138467 6773505 28 30830 3911 0 0 0
MemTotal:         901568 kB
MemFree:          591168 kB
MemAvailable:     616960 kB
Buffers:           10984 kB
Cached:            53392 kB
freq:cpu0:1800000
freq:cpu1:1800000
freq:cpu2:1800000
freq:cpu3:1800000
therm:thermal_zone0:75
therm:thermal_zone1:76
therm:thermal_zone2:74
therm:thermal_zone3:74
therm:thermal_zone4:77
therm:thermal_zone5:74
therm:thermal_zone6:75
--- 15:44:55 ---
cpu  42883 0 4696749 26805688 123 181848 90376 0 0 0
cpu0 10088 0 1021027 6740366 50 90384 80970 0 0 0
cpu1 10599 0 1520284 6395070 16 30661 2551 0 0 0
cpu2 11373 0 1016850 6896738 28 29971 2943 0 0 0
cpu3 10822 0 1138587 6773513 28 30831 3911 0 0 0
MemTotal:         901568 kB
MemFree:          591108 kB
MemAvailable:     616900 kB
Buffers:           10984 kB
Cached:            53396 kB
freq:cpu0:1800000
freq:cpu1:1800000
freq:cpu2:1800000
freq:cpu3:1800000
therm:thermal_zone0:76
therm:thermal_zone1:76
therm:thermal_zone2:74
therm:thermal_zone3:74
therm:thermal_zone4:76
therm:thermal_zone5:75
therm:thermal_zone6:75
--- 15:44:57 ---
cpu  42884 0 4697222 26805713 123 181852 90378 0 0 0
cpu0 10088 0 1021141 6740372 50 90385 80972 0 0 0
cpu1 10599 0 1520404 6395078 16 30661 2551 0 0 0
cpu2 11373 0 1016971 6896742 28 29972 2943 0 0 0
cpu3 10823 0 1138705 6773518 28 30832 3911 0 0 0
MemTotal:         901568 kB
MemFree:          591360 kB
MemAvailable:     617152 kB
Buffers:           10984 kB
Cached:            53396 kB
freq:cpu0:1800000
freq:cpu1:1800000
freq:cpu2:1800000
freq:cpu3:1800000
therm:thermal_zone0:76
therm:thermal_zone1:76
therm:thermal_zone2:75
therm:thermal_zone3:74
therm:thermal_zone4:76
therm:thermal_zone5:75
therm:thermal_zone6:75
--- 15:44:58 ---
cpu  42886 0 4697733 26805731 123 181856 90380 0 0 0
cpu0 10088 0 1021259 6740377 50 90387 80973 0 0 0
cpu1 10600 0 1520535 6395085 16 30662 2551 0 0 0
cpu2 11373 0 1017099 6896747 28 29972 2943 0 0 0
cpu3 10824 0 1138838 6773520 28 30832 3911 0 0 0
MemTotal:         901568 kB
MemFree:          591612 kB
MemAvailable:     617404 kB
Buffers:           10984 kB
Cached:            53396 kB
freq:cpu0:1800000
freq:cpu1:1800000
freq:cpu2:1800000
freq:cpu3:1800000
therm:thermal_zone0:76
therm:thermal_zone1:76
therm:thermal_zone2:74
therm:thermal_zone3:74
therm:thermal_zone4:77
therm:thermal_zone5:75
therm:thermal_zone6:75
--- 15:44:59 ---
cpu  42887 0 4698193 26805758 123 181859 90382 0 0 0
cpu0 10088 0 1021377 6740379 50 90389 80975 0 0 0
cpu1 10600 0 1520648 6395093 16 30663 2551 0 0 0
cpu2 11374 0 1017213 6896754 28 29973 2943 0 0 0
cpu3 10824 0 1138953 6773531 28 30833 3911 0 0 0
MemTotal:         901568 kB
MemFree:          591344 kB
MemAvailable:     617136 kB
Buffers:           10984 kB
Cached:            53396 kB
freq:cpu0:1800000
freq:cpu1:1800000
freq:cpu2:1800000
freq:cpu3:1800000
therm:thermal_zone0:76
therm:thermal_zone1:76
therm:thermal_zone2:74
therm:thermal_zone3:74
therm:thermal_zone4:77
therm:thermal_zone5:75
therm:thermal_zone6:76
--- 15:45:00 ---
cpu  42887 0 4698621 26805783 123 181862 90384 0 0 0
cpu0 10088 0 1021486 6740382 50 90390 80977 0 0 0
cpu1 10600 0 1520754 6395103 16 30663 2551 0 0 0
cpu2 11374 0 1017322 6896759 28 29974 2943 0 0 0
cpu3 10824 0 1139057 6773538 28 30834 3911 0 0 0
MemTotal:         901568 kB
MemFree:          591108 kB
MemAvailable:     616900 kB
Buffers:           10984 kB
Cached:            53396 kB
freq:cpu0:1800000
freq:cpu1:1800000
freq:cpu2:1800000
freq:cpu3:1800000
therm:thermal_zone0:76
therm:thermal_zone1:77
therm:thermal_zone2:74
therm:thermal_zone3:74
therm:thermal_zone4:77
therm:thermal_zone5:75
therm:thermal_zone6:76
--- 15:45:01 ---
cpu  42888 0 4699034 26805810 123 181866 90386 0 0 0
cpu0 10089 0 1021585 6740390 50 90392 80979 0 0 0
cpu1 10600 0 1520857 6395110 16 30664 2551 0 0 0
cpu2 11374 0 1017427 6896765 28 29974 2943 0 0 0
cpu3 10824 0 1139164 6773543 28 30834 3911 0 0 0
MemTotal:         901568 kB
MemFree:          591108 kB
MemAvailable:     616900 kB
Buffers:           10984 kB
Cached:            53396 kB
freq:cpu0:1800000
freq:cpu1:1800000
freq:cpu2:1800000
freq:cpu3:1800000
therm:thermal_zone0:76
therm:thermal_zone1:76
therm:thermal_zone2:75
therm:thermal_zone3:74
therm:thermal_zone4:77
therm:thermal_zone5:75
therm:thermal_zone6:76
--- 15:45:03 ---
cpu  42890 0 4699535 26805839 123 181870 90388 0 0 0
cpu0 10091 0 1021708 6740396 50 90394 80981 0 0 0
cpu1 10600 0 1520988 6395118 16 30665 2552 0 0 0
cpu2 11374 0 1017552 6896772 28 29975 2943 0 0 0
cpu3 10824 0 1139285 6773552 28 30835 3911 0 0 0
MemTotal:         901568 kB
MemFree:          591360 kB
MemAvailable:     617152 kB
Buffers:           10984 kB
Cached:            53396 kB
freq:cpu0:1800000
freq:cpu1:1800000
freq:cpu2:1800000
freq:cpu3:1800000
therm:thermal_zone0:76
therm:thermal_zone1:76
therm:thermal_zone2:75
therm:thermal_zone3:74
therm:thermal_zone4:77
therm:thermal_zone5:75
therm:thermal_zone6:75
--- 15:45:04 ---
cpu  42891 0 4700048 26805860 123 181874 90390 0 0 0
cpu0 10091 0 1021833 6740402 50 90396 80982 0 0 0
cpu1 10601 0 1521114 6395125 16 30665 2552 0 0 0
cpu2 11374 0 1017683 6896776 28 29976 2943 0 0 0
cpu3 10824 0 1139416 6773555 28 30835 3911 0 0 0
MemTotal:         901568 kB
MemFree:          591392 kB
MemAvailable:     617184 kB
Buffers:           10984 kB
Cached:            53400 kB
freq:cpu0:1800000
freq:cpu1:1800000
freq:cpu2:1800000
freq:cpu3:1800000
therm:thermal_zone0:76
therm:thermal_zone1:77
therm:thermal_zone2:75
therm:thermal_zone3:74
therm:thermal_zone4:77
therm:thermal_zone5:75
therm:thermal_zone6:76
--- 15:45:05 ---
cpu  42894 0 4700558 26805882 123 181878 90393 0 0 0
cpu0 10091 0 1021960 6740408 50 90398 80984 0 0 0
cpu1 10601 0 1521245 6395132 16 30666 2552 0 0 0
cpu2 11375 0 1017813 6896779 28 29976 2943 0 0 0
cpu3 10826 0 1139538 6773561 28 30836 3912 0 0 0
MemTotal:         901568 kB
MemFree:          591612 kB
MemAvailable:     617404 kB
Buffers:           10984 kB
Cached:            53400 kB
freq:cpu0:1800000
freq:cpu1:1800000
freq:cpu2:1800000
freq:cpu3:1800000
therm:thermal_zone0:76
therm:thermal_zone1:77
therm:thermal_zone2:75
therm:thermal_zone3:74
therm:thermal_zone4:77
therm:thermal_zone5:75
therm:thermal_zone6:76
--- 15:45:07 ---
cpu  42894 0 4701032 26805907 123 181882 90395 0 0 0
cpu0 10091 0 1022078 6740414 50 90399 80986 0 0 0
cpu1 10601 0 1521362 6395137 16 30667 2552 0 0 0
cpu2 11375 0 1017932 6896785 28 29977 2943 0 0 0
cpu3 10826 0 1139658 6773570 28 30837 3912 0 0 0
MemTotal:         901568 kB
MemFree:          591360 kB
MemAvailable:     617152 kB
Buffers:           10984 kB
Cached:            53400 kB
freq:cpu0:1800000
freq:cpu1:1800000
freq:cpu2:1800000
freq:cpu3:1800000
therm:thermal_zone0:76
therm:thermal_zone1:77
therm:thermal_zone2:75
therm:thermal_zone3:74
therm:thermal_zone4:78
therm:thermal_zone5:75
therm:thermal_zone6:76
--- 15:45:08 ---
cpu  42895 0 4701490 26805931 123 181885 90397 0 0 0
cpu0 10091 0 1022192 6740419 50 90401 80988 0 0 0
cpu1 10601 0 1521479 6395140 16 30668 2552 0 0 0
cpu2 11376 0 1018042 6896794 28 29978 2943 0 0 0
cpu3 10826 0 1139774 6773576 28 30837 3912 0 0 0
MemTotal:         901568 kB
MemFree:          591548 kB
MemAvailable:     617340 kB
Buffers:           10984 kB
Cached:            53400 kB
freq:cpu0:1800000
freq:cpu1:1800000
freq:cpu2:1800000
freq:cpu3:1800000
therm:thermal_zone0:76
therm:thermal_zone1:76
therm:thermal_zone2:75
therm:thermal_zone3:74
therm:thermal_zone4:78
therm:thermal_zone5:75
therm:thermal_zone6:76
--- 15:45:09 ---
cpu  42896 0 4701959 26805953 123 181889 90399 0 0 0
cpu0 10091 0 1022306 6740423 50 90403 80990 0 0 0
cpu1 10601 0 1521600 6395146 16 30668 2552 0 0 0
cpu2 11377 0 1018161 6896799 28 29978 2944 0 0 0
cpu3 10827 0 1139890 6773582 28 30838 3912 0 0 0
MemTotal:         901568 kB
MemFree:          592116 kB
MemAvailable:     617908 kB
Buffers:           10984 kB
Cached:            53400 kB
freq:cpu0:1800000
freq:cpu1:1800000
freq:cpu2:1800000
freq:cpu3:1800000
therm:thermal_zone0:76
therm:thermal_zone1:76
therm:thermal_zone2:75
therm:thermal_zone3:74
therm:thermal_zone4:77
therm:thermal_zone5:75
therm:thermal_zone6:76
--- 15:45:10 ---
cpu  42898 0 4702404 26805982 123 181892 90401 0 0 0
cpu0 10092 0 1022421 6740428 50 90404 80992 0 0 0
cpu1 10601 0 1521704 6395158 16 30669 2552 0 0 0
cpu2 11378 0 1018275 6896804 28 29979 2944 0 0 0
cpu3 10827 0 1140002 6773591 28 30839 3912 0 0 0
MemTotal:         901568 kB
MemFree:          591816 kB
MemAvailable:     617608 kB
Buffers:           10984 kB
Cached:            53400 kB
freq:cpu0:1800000
freq:cpu1:1800000
freq:cpu2:1800000
freq:cpu3:1800000
therm:thermal_zone0:76
therm:thermal_zone1:76
therm:thermal_zone2:75
therm:thermal_zone3:74
therm:thermal_zone4:77
therm:thermal_zone5:75
therm:thermal_zone6:76
--- 15:45:12 ---
cpu  42900 0 4702871 26806004 123 181896 90403 0 0 0
cpu0 10093 0 1022541 6740428 50 90406 80993 0 0 0
cpu1 10601 0 1521821 6395165 16 30670 2552 0 0 0
cpu2 11379 0 1018389 6896812 28 29980 2944 0 0 0
cpu3 10827 0 1140118 6773597 28 30839 3912 0 0 0
MemTotal:         901568 kB
MemFree:          591912 kB
MemAvailable:     617704 kB
Buffers:           10984 kB
Cached:            53404 kB
freq:cpu0:1800000
freq:cpu1:1800000
freq:cpu2:1800000
freq:cpu3:1800000
therm:thermal_zone0:76
therm:thermal_zone1:76
therm:thermal_zone2:75
therm:thermal_zone3:74
therm:thermal_zone4:77
therm:thermal_zone5:75
therm:thermal_zone6:75
--- 15:45:13 ---
cpu  42902 0 4703397 26806032 123 181900 90405 0 0 0
cpu0 10093 0 1022675 6740433 50 90407 80995 0 0 0
cpu1 10603 0 1521949 6395173 16 30671 2552 0 0 0
cpu2 11379 0 1018519 6896820 28 29980 2944 0 0 0
cpu3 10827 0 1140253 6773604 28 30840 3912 0 0 0
MemTotal:         901568 kB
MemFree:          591644 kB
MemAvailable:     617436 kB
Buffers:           10984 kB
Cached:            53404 kB
freq:cpu0:1800000
freq:cpu1:1800000
freq:cpu2:1800000
freq:cpu3:1800000
therm:thermal_zone0:76
therm:thermal_zone1:77
therm:thermal_zone2:75
therm:thermal_zone3:74
therm:thermal_zone4:77
therm:thermal_zone5:75
therm:thermal_zone6:76
--- 15:45:15 ---
cpu  42903 0 4703913 26806057 123 181904 90407 0 0 0
cpu0 10093 0 1022806 6740439 50 90409 80997 0 0 0
cpu1 10603 0 1522080 6395178 16 30671 2552 0 0 0
cpu2 11380 0 1018646 6896827 28 29981 2944 0 0 0
cpu3 10827 0 1140380 6773611 28 30841 3912 0 0 0
MemTotal:         901568 kB
MemFree:          591644 kB
MemAvailable:     617436 kB
Buffers:           10984 kB
Cached:            53404 kB
freq:cpu0:1800000
freq:cpu1:1800000
freq:cpu2:1800000
freq:cpu3:1800000
therm:thermal_zone0:76
therm:thermal_zone1:77
therm:thermal_zone2:75
therm:thermal_zone3:74
therm:thermal_zone4:77
therm:thermal_zone5:75
therm:thermal_zone6:76
--- 15:45:16 ---
cpu  42904 0 4704392 26806082 123 181908 90409 0 0 0
cpu0 10093 0 1022922 6740445 50 90411 80999 0 0 0
cpu1 10604 0 1522201 6395180 16 30672 2553 0 0 0
cpu2 11380 0 1018769 6896835 28 29982 2944 0 0 0
cpu3 10827 0 1140498 6773621 28 30842 3913 0 0 0
MemTotal:         901568 kB
MemFree:          591708 kB
MemAvailable:     617500 kB
Buffers:           10984 kB
Cached:            53404 kB
freq:cpu0:1800000
freq:cpu1:1800000
freq:cpu2:1800000
freq:cpu3:1800000
therm:thermal_zone0:76
therm:thermal_zone1:77
therm:thermal_zone2:75
therm:thermal_zone3:74
therm:thermal_zone4:77
therm:thermal_zone5:75
therm:thermal_zone6:76
--- 15:45:17 ---
cpu  42905 0 4704800 26806104 123 181912 90411 0 0 0
cpu0 10094 0 1023020 6740451 50 90413 81000 0 0 0
cpu1 10604 0 1522308 6395181 16 30673 2553 0 0 0
cpu2 11380 0 1018869 6896843 28 29982 2944 0 0 0
cpu3 10827 0 1140601 6773628 28 30842 3913 0 0 0
MemTotal:         901568 kB
MemFree:          591424 kB
MemAvailable:     617216 kB
Buffers:           10984 kB
Cached:            53404 kB
freq:cpu0:1800000
freq:cpu1:1800000
freq:cpu2:1800000
freq:cpu3:1800000
therm:thermal_zone0:76
therm:thermal_zone1:76
therm:thermal_zone2:75
therm:thermal_zone3:74
therm:thermal_zone4:77
therm:thermal_zone5:75
therm:thermal_zone6:76
--- 15:45:18 ---
cpu  42906 0 4705247 26806128 123 181915 90413 0 0 0
cpu0 10094 0 1023131 6740458 50 90414 81002 0 0 0
cpu1 10604 0 1522426 6395183 16 30673 2553 0 0 0
cpu2 11380 0 1018979 6896851 28 29983 2944 0 0 0
cpu3 10828 0 1140710 6773635 28 30843 3913 0 0 0
MemTotal:         901568 kB
MemFree:          591424 kB
MemAvailable:     617216 kB
Buffers:           10984 kB
Cached:            53404 kB
freq:cpu0:1800000
freq:cpu1:1800000
freq:cpu2:1800000
freq:cpu3:1800000
therm:thermal_zone0:76
therm:thermal_zone1:77
therm:thermal_zone2:75
therm:thermal_zone3:74
therm:thermal_zone4:77
therm:thermal_zone5:75
therm:thermal_zone6:76
--- 15:45:19 ---
cpu  42906 0 4705677 26806152 123 181919 90415 0 0 0
cpu0 10094 0 1023236 6740466 50 90416 81004 0 0 0
cpu1 10604 0 1522530 6395192 16 30674 2553 0 0 0
cpu2 11380 0 1019088 6896854 28 29984 2944 0 0 0
cpu3 10828 0 1140820 6773639 28 30843 3913 0 0 0
MemTotal:         901568 kB
MemFree:          591676 kB
MemAvailable:     617468 kB
Buffers:           10984 kB
Cached:            53408 kB
freq:cpu0:1800000
freq:cpu1:1800000
freq:cpu2:1800000
freq:cpu3:1800000
therm:thermal_zone0:76
therm:thermal_zone1:77
therm:thermal_zone2:75
therm:thermal_zone3:74
therm:thermal_zone4:77
therm:thermal_zone5:75
therm:thermal_zone6:76
--- 15:45:21 ---
cpu  42906 0 4706180 26806174 123 181923 90418 0 0 0
cpu0 10094 0 1023360 6740473 50 90418 81006 0 0 0
cpu1 10604 0 1522660 6395196 16 30675 2553 0 0 0
cpu2 11380 0 1019212 6896860 28 29985 2944 0 0 0
cpu3 10828 0 1140947 6773643 28 30844 3913 0 0 0
MemTotal:         901568 kB
MemFree:          591424 kB
MemAvailable:     617216 kB
Buffers:           10984 kB
Cached:            53408 kB
freq:cpu0:1800000
freq:cpu1:1800000
freq:cpu2:1800000
freq:cpu3:1800000
therm:thermal_zone0:76
therm:thermal_zone1:76
therm:thermal_zone2:75
therm:thermal_zone3:74
therm:thermal_zone4:77
therm:thermal_zone5:75
therm:thermal_zone6:76
=== IRQ_END 15:45:22 ===
           CPU0       CPU1       CPU2       CPU3       
  4:    4230921    3049798    2892413    4077991     GIC-0  20 Level     arch_timer
  6:          0          0          0          0     GIC-0  39 Level     arch_mem_timer
  8:          0          0          0          0     GIC-0  23 Level     arm-pmu
  9:          0          0          0          0     GIC-0 239 Level     bam_dma
 11:        273          0          0          0     GIC-0 270 Level     bam_dma
 13:          7          0          0          0     GIC-0 338 Level     msm_serial0
 14:      12353          0          0          0     GIC-0 127 Level     78b5000.spi
 15:      63425          0          0          0     GIC-0 178 Level     bam_dma
 17:          0          0          0          0     GIC-0 410 Level     edma_txcmpl
 18:          0          0          0          0     GIC-0 386 Level     edma_rxfill
 19:          0          0          0          0     GIC-0 378 Level     edma_rxdesc
 20:          0          0          0          0     GIC-0 411 Level     edma_misc
 21:   12271506          0          0          0     GIC-0 434 Edge      nss_empty_buf_sos
 22:   12540379          0          0          0     GIC-0 433 Edge      nss_empty_buf_queue
 23:          0          0          0          0     GIC-0 432 Edge      nss-tx-unblock
 24:  169594849          0          0          0     GIC-0 431 Edge      nss_queue0
 25:          0   81096580          0          0     GIC-0 430 Edge      nss_queue1
 26:          0          0   79596281          0     GIC-0 429 Edge      nss_queue2
 27:          0          0          0   79028041     GIC-0 428 Edge      nss_queue3
 28:          0          0          0          0     GIC-0 427 Edge      nss_coredump_complete
 29:          0          0          0          0     GIC-0 426 Edge      nss_paged_empty_buf_sos
 30:          0          0          0          0     GIC-0 425 Edge      nss_profile_dma
 32:          0          0          0          0     GIC-0  35 Edge      wdt_bark
 33:          0          0          0          0     GIC-0 357 Edge      q6v5 wdog
 37:          4          0          0          0     GIC-0 348 Edge      ce0
 38:   49330063          0          0          0     GIC-0 347 Edge      ce1
 39:      85529          0          0          0     GIC-0 346 Edge      ce2
 40:     172243          0          0          0     GIC-0 343 Edge      ce3
 42:          0          0          0          0     GIC-0 443 Edge      ce5
 44:          1          0          0          0     GIC-0  72 Edge      ce7
 46:          0          0          0          0     GIC-0 334 Edge      ce9
 47:          0          0          0          0     GIC-0 333 Edge      ce10
 48:          0          0          0          0     GIC-0  69 Edge      ce11
 55:          0          0          0          0     GIC-0 323 Edge      reo2ost-exception
 56:    4232848          0          0          0     GIC-0 322 Edge      wbm2host-rx-release
 57:       2510          0          0          0     GIC-0 321 Edge      reo2host-status
 58:    5435663          0          0          0     GIC-0 320 Edge      reo2host-destination-ring4
 59:    5431629          0          0          0     GIC-0 271 Edge      reo2host-destination-ring3
 60:    5434663          0          0          0     GIC-0 268 Edge      reo2host-destination-ring2
 61:    8106229          0          0          0     GIC-0 267 Edge      reo2host-destination-ring1
 66:        175          0          0          0     GIC-0 262 Edge      ppdu-end-interrupts-mac2
 67:   23015679          0          0          0     GIC-0 261 Edge      ppdu-end-interrupts-mac1
 69:          1          0          0          0     GIC-0 256 Edge      rxdma2host-monitor-status-ring-mac2
 70:          1          0          0          0     GIC-0 255 Edge      rxdma2host-monitor-status-ring-mac1
 72:          1          0          0          0     GIC-0 215 Edge      host2rxdma-host-buf-ring-mac2
 73:         14          0          0          0     GIC-0 212 Edge      host2rxdma-host-buf-ring-mac1
 75:          0          0          0          0     GIC-0 210 Edge      rxdma2host-destination-ring-mac2
 76:          0          0          0          0     GIC-0 209 Edge      rxdma2host-destination-ring-mac1
 82:    8615377          0          0          0     GIC-0 191 Edge      wbm2host-tx-completions-ring3
 83:    7760578          0          0          0     GIC-0 190 Edge      wbm2host-tx-completions-ring2
 84:    5616895          0          0          0     GIC-0 189 Edge      wbm2host-tx-completions-ring1
 86:          0          0          0          0     GIC-0 198 Edge      tmc-etr
 87:          0          0          0          0     GIC-0 216 Edge      tsens_interrupt
 88:          4          0          0          0     GIC-0  47 Edge      cpr3
 89:          4          0          0          0     GIC-0 354 Edge      smp2p
 90:         24          0          0          0     GIC-0 200 Edge      glink-native
 91:          0          0          0          0     GIC-0 276 Edge      tzerror
 94:          0          0          0          0     smp2p   0 Edge      q6v5 fatal
 95:          2          0          0          0     smp2p   1 Edge      q6v5 ready
 96:          0          0          0          0     smp2p   2 Edge      q6v5 handover
 97:          0          0          0          0     smp2p   3 Edge      q6v5 stop
 98:          0          0          0          0   msmgpio  19 Edge      soc:gpio_keys
 99:          0          0          0          0     GIC-0 131 Level     xhci-hcd:usb1
100:          0          0          0          0     GIC-0 172 Level     xhci-hcd:usb3
101:        129          0          0          0     GIC-0 353 Edge      glink-native
IPI0:  55249684   89072682   89475144   93628886       Rescheduling interrupts
IPI1:      4228       4453       4075       4184       Function call interrupts
IPI2:         0          0          0          0       CPU stop interrupts
IPI3:         0          0          0          0       CPU stop (for crash dump) interrupts
IPI4:         0          0          0          0       Timer broadcast interrupts
IPI5:         0          0          0          0       IRQ work interrupts
IPI6:         0          0          0          0       CPU wake-up interrupts
Err:          0
