# dut sample interval=1s duration=30s host=e49d73e1b838 kernel=5.4.164
=== IRQ_START 15:46:52 ===
           CPU0       CPU1       CPU2       CPU3       
  4:    4238440    3056563    2898980    4085134     GIC-0  20 Level     arch_timer
  6:          0          0          0          0     GIC-0  39 Level     arch_mem_timer
  8:          0          0          0          0     GIC-0  23 Level     arm-pmu
  9:          0          0          0          0     GIC-0 239 Level     bam_dma
 11:        273          0          0          0     GIC-0 270 Level     bam_dma
 13:          7          0          0          0     GIC-0 338 Level     msm_serial0
 14:      12353          0          0          0     GIC-0 127 Level     78b5000.spi
 15:      63425          0          0          0     GIC-0 178 Level     bam_dma
 17:          0          0          0          0     GIC-0 410 Level     edma_txcmpl
 18:          0          0          0          0     GIC-0 386 Level     edma_rxfill
 19:          0          0          0          0     GIC-0 378 Level     edma_rxdesc
 20:          0          0          0          0     GIC-0 411 Level     edma_misc
 21:   12297067          0          0          0     GIC-0 434 Edge      nss_empty_buf_sos
 22:   12540891          0          0          0     GIC-0 433 Edge      nss_empty_buf_queue
 23:          0          0          0          0     GIC-0 432 Edge      nss-tx-unblock
 24:  169653008          0          0          0     GIC-0 431 Edge      nss_queue0
 25:          0   81140082          0          0     GIC-0 430 Edge      nss_queue1
 26:          0          0   79634615          0     GIC-0 429 Edge      nss_queue2
 27:          0          0          0   79067682     GIC-0 428 Edge      nss_queue3
 28:          0          0          0          0     GIC-0 427 Edge      nss_coredump_complete
 29:          0          0          0          0     GIC-0 426 Edge      nss_paged_empty_buf_sos
 30:          0          0          0          0     GIC-0 425 Edge      nss_profile_dma
 32:          0          0          0          0     GIC-0  35 Edge      wdt_bark
 33:          0          0          0          0     GIC-0 357 Edge      q6v5 wdog
 37:          4          0          0          0     GIC-0 348 Edge      ce0
 38:   49351743          0          0          0     GIC-0 347 Edge      ce1
 39:      85570          0          0          0     GIC-0 346 Edge      ce2
 40:     172354          0          0          0     GIC-0 343 Edge      ce3
 42:          0          0          0          0     GIC-0 443 Edge      ce5
 44:          1          0          0          0     GIC-0  72 Edge      ce7
 46:          0          0          0          0     GIC-0 334 Edge      ce9
 47:          0          0          0          0     GIC-0 333 Edge      ce10
 48:          0          0          0          0     GIC-0  69 Edge      ce11
 55:          0          0          0          0     GIC-0 323 Edge      reo2ost-exception
 56:    4234736          0          0          0     GIC-0 322 Edge      wbm2host-rx-release
 57:       2510          0          0          0     GIC-0 321 Edge      reo2host-status
 58:    5441647          0          0          0     GIC-0 320 Edge      reo2host-destination-ring4
 59:    5437673          0          0          0     GIC-0 271 Edge      reo2host-destination-ring3
 60:    5440814          0          0          0     GIC-0 268 Edge      reo2host-destination-ring2
 61:    8112306          0          0          0     GIC-0 267 Edge      reo2host-destination-ring1
 66:        175          0          0          0     GIC-0 262 Edge      ppdu-end-interrupts-mac2
 67:   23028381          0          0          0     GIC-0 261 Edge      ppdu-end-interrupts-mac1
 69:          1          0          0          0     GIC-0 256 Edge      rxdma2host-monitor-status-ring-mac2
 70:          1          0          0          0     GIC-0 255 Edge      rxdma2host-monitor-status-ring-mac1
 72:          1          0          0          0     GIC-0 215 Edge      host2rxdma-host-buf-ring-mac2
 73:         14          0          0          0     GIC-0 212 Edge      host2rxdma-host-buf-ring-mac1
 75:          0          0          0          0     GIC-0 210 Edge      rxdma2host-destination-ring-mac2
 76:          0          0          0          0     GIC-0 209 Edge      rxdma2host-destination-ring-mac1
 82:    8625806          0          0          0     GIC-0 191 Edge      wbm2host-tx-completions-ring3
 83:    7768819          0          0          0     GIC-0 190 Edge      wbm2host-tx-completions-ring2
 84:    5624232          0          0          0     GIC-0 189 Edge      wbm2host-tx-completions-ring1
 86:          0          0          0          0     GIC-0 198 Edge      tmc-etr
 87:          0          0          0          0     GIC-0 216 Edge      tsens_interrupt
 88:          4          0          0          0     GIC-0  47 Edge      cpr3
 89:          4          0          0          0     GIC-0 354 Edge      smp2p
 90:         24          0          0          0     GIC-0 200 Edge      glink-native
 91:          0          0          0          0     GIC-0 276 Edge      tzerror
 94:          0          0          0          0     smp2p   0 Edge      q6v5 fatal
 95:          2          0          0          0     smp2p   1 Edge      q6v5 ready
 96:          0          0          0          0     smp2p   2 Edge      q6v5 handover
 97:          0          0          0          0     smp2p   3 Edge      q6v5 stop
 98:          0          0          0          0   msmgpio  19 Edge      soc:gpio_keys
 99:          0          0          0          0     GIC-0 131 Level     xhci-hcd:usb1
100:          0          0          0          0     GIC-0 172 Level     xhci-hcd:usb3
101:        129          0          0          0     GIC-0 353 Edge      glink-native
IPI0:  55270482   89124465   89523249   93682895       Rescheduling interrupts
IPI1:      4228       4453       4075       4184       Function call interrupts
IPI2:         0          0          0          0       CPU stop interrupts
IPI3:         0          0          0          0       CPU stop (for crash dump) interrupts
IPI4:         0          0          0          0       Timer broadcast interrupts
IPI5:         0          0          0          0       IRQ work interrupts
IPI6:         0          0          0          0       CPU wake-up interrupts
Err:          0
=== TICKS ===
--- 15:46:52 ---
cpu  42999 0 4729218 26819305 123 182119 90528 0 0 0
cpu0 10112 0 1029082 6743692 50 90510 81102 0 0 0
cpu1 10636 0 1528372 6398541 16 30711 2557 0 0 0
cpu2 11405 0 1025002 6900153 28 30018 2949 0 0 0
cpu3 10844 0 1146760 6776918 28 30879 3918 0 0 0
MemTotal:         901568 kB
MemFree:          588508 kB
MemAvailable:     614308 kB
Buffers:           10984 kB
Cached:            53412 kB
freq:cpu0:1800000
freq:cpu1:1800000
freq:cpu2:1800000
freq:cpu3:1800000
therm:thermal_zone0:74
therm:thermal_zone1:75
therm:thermal_zone2:74
therm:thermal_zone3:74
therm:thermal_zone4:75
therm:thermal_zone5:74
therm:thermal_zone6:74
--- 15:46:53 ---
cpu  43000 0 4729388 26819555 123 182120 90529 0 0 0
cpu0 10113 0 1029125 6743753 50 90510 81103 0 0 0
cpu1 10636 0 1528416 6398603 16 30711 2557 0 0 0
cpu2 11405 0 1025040 6900220 28 30019 2949 0 0 0
cpu3 10844 0 1146806 6776977 28 30879 3918 0 0 0
MemTotal:         901568 kB
MemFree:          588492 kB
MemAvailable:     614292 kB
Buffers:           10984 kB
Cached:            53392 kB
freq:cpu0:1800000
freq:cpu1:1800000
freq:cpu2:1800000
freq:cpu3:1800000
therm:thermal_zone0:75
therm:thermal_zone1:76
therm:thermal_zone2:74
therm:thermal_zone3:74
therm:thermal_zone4:77
therm:thermal_zone5:74
therm:thermal_zone6:75
--- 15:46:55 ---
cpu  43001 0 4729809 26819588 123 182124 90531 0 0 0
cpu0 10113 0 1029229 6743759 50 90512 81105 0 0 0
cpu1 10637 0 1528520 6398613 16 30711 2557 0 0 0
cpu2 11405 0 1025144 6900228 28 30019 2949 0 0 0
cpu3 10844 0 1146914 6776986 28 30880 3919 0 0 0
MemTotal:         901568 kB
MemFree:          588140 kB
MemAvailable:     613940 kB
Buffers:           10984 kB
Cached:            53392 kB
freq:cpu0:1800000
freq:cpu1:1800000
freq:cpu2:1800000
freq:cpu3:1800000
therm:thermal_zone0:76
therm:thermal_zone1:76
therm:thermal_zone2:74
therm:thermal_zone3:74
therm:thermal_zone4:77
therm:thermal_zone5:75
therm:thermal_zone6:75
--- 15:46:56 ---
cpu  43001 0 4730314 26819616 123 182128 90533 0 0 0
cpu0 10113 0 1029352 6743766 50 90514 81107 0 0 0
cpu1 10637 0 1528649 6398618 16 30712 2557 0 0 0
cpu2 11405 0 1025269 6900237 28 30020 2949 0 0 0
cpu3 10844 0 1147042 6776993 28 30881 3919 0 0 0
MemTotal:         901568 kB
MemFree:          588608 kB
MemAvailable:     614408 kB
Buffers:           10984 kB
Cached:            53396 kB
freq:cpu0:1800000
freq:cpu1:1800000
freq:cpu2:1800000
freq:cpu3:1800000
therm:thermal_zone0:76
therm:thermal_zone1:77
therm:thermal_zone2:74
therm:thermal_zone3:74
therm:thermal_zone4:77
therm:thermal_zone5:75
therm:thermal_zone6:76
--- 15:46:57 ---
cpu  43003 0 4730742 26819643 123 182132 90536 0 0 0
cpu0 10113 0 1029461 6743770 50 90515 81109 0 0 0
cpu1 10637 0 1528758 6398625 16 30713 2558 0 0 0
cpu2 11406 0 1025373 6900249 28 30021 2949 0 0 0
cpu3 10845 0 1147149 6776999 28 30881 3919 0 0 0
MemTotal:         901568 kB
MemFree:          588156 kB
MemAvailable:     613956 kB
Buffers:           10984 kB
Cached:            53396 kB
freq:cpu0:1800000
freq:cpu1:1800000
freq:cpu2:1800000
freq:cpu3:1800000
therm:thermal_zone0:76
therm:thermal_zone1:77
therm:thermal_zone2:75
therm:thermal_zone3:74
therm:thermal_zone4:77
therm:thermal_zone5:75
therm:thermal_zone6:75
--- 15:46:58 ---
cpu  43003 0 4731263 26819669 123 182136 90538 0 0 0
cpu0 10113 0 1029587 6743774 50 90517 81111 0 0 0
cpu1 10637 0 1528886 6398633 16 30714 2558 0 0 0
cpu2 11406 0 1025508 6900255 28 30022 2949 0 0 0
cpu3 10845 0 1147280 6777006 28 30882 3919 0 0 0
MemTotal:         901568 kB
MemFree:          588424 kB
MemAvailable:     614224 kB
Buffers:           10984 kB
Cached:            53396 kB
freq:cpu0:1800000
freq:cpu1:1800000
freq:cpu2:1800000
freq:cpu3:1800000
therm:thermal_zone0:76
therm:thermal_zone1:76
therm:thermal_zone2:75
therm:thermal_zone3:74
therm:thermal_zone4:77
therm:thermal_zone5:75
therm:thermal_zone6:75
--- 15:47:00 ---
cpu  43004 0 4731691 26819701 123 182139 90540 0 0 0
cpu0 10113 0 1029693 6743778 50 90519 81113 0 0 0
cpu1 10638 0 1528994 6398641 16 30714 2558 0 0 0
cpu2 11406 0 1025616 6900263 28 30022 2949 0 0 0
cpu3 10845 0 1147386 6777016 28 30883 3919 0 0 0
MemTotal:         901568 kB
MemFree:          588676 kB
MemAvailable:     614476 kB
Buffers:           10984 kB
Cached:            53396 kB
freq:cpu0:1800000
freq:cpu1:1800000
freq:cpu2:1800000
freq:cpu3:1800000
therm:thermal_zone0:76
therm:thermal_zone1:76
therm:thermal_zone2:75
therm:thermal_zone3:74
therm:thermal_zone4:77
therm:thermal_zone5:75
therm:thermal_zone6:75
--- 15:47:01 ---
cpu  43005 0 4732174 26819728 123 182143 90542 0 0 0
cpu0 10114 0 1029812 6743784 50 90520 81114 0 0 0
cpu1 10638 0 1529116 6398651 16 30715 2558 0 0 0
cpu2 11406 0 1025738 6900271 28 30023 2949 0 0 0
cpu3 10845 0 1147507 6777020 28 30883 3919 0 0 0
MemTotal:         901568 kB
MemFree:          588424 kB
MemAvailable:     614224 kB
Buffers:           10984 kB
Cached:            53396 kB
freq:cpu0:1800000
freq:cpu1:1800000
freq:cpu2:1800000
freq:cpu3:1800000
therm:thermal_zone0:76
therm:thermal_zone1:76
therm:thermal_zone2:75
therm:thermal_zone3:74
therm:thermal_zone4:77
therm:thermal_zone5:75
therm:thermal_zone6:76
--- 15:47:02 ---
cpu  43007 0 4732646 26819753 123 182147 90544 0 0 0
cpu0 10115 0 1029922 6743793 50 90522 81116 0 0 0
cpu1 10639 0 1529234 6398658 16 30716 2558 0 0 0
cpu2 11406 0 1025857 6900278 28 30024 2949 0 0 0
cpu3 10845 0 1147631 6777024 28 30884 3919 0 0 0
MemTotal:         901568 kB
MemFree:          588424 kB
MemAvailable:     614224 kB
Buffers:           10984 kB
Cached:            53396 kB
freq:cpu0:1800000
freq:cpu1:1800000
freq:cpu2:1800000
freq:cpu3:1800000
therm:thermal_zone0:76
therm:thermal_zone1:76
therm:thermal_zone2:75
therm:thermal_zone3:74
therm:thermal_zone4:77
therm:thermal_zone5:75
therm:thermal_zone6:76
--- 15:47:03 ---
cpu  43011 0 4733084 26819774 123 182151 90547 0 0 0
cpu0 10116 0 1030026 6743800 50 90524 81118 0 0 0
cpu1 10640 0 1529344 6398664 16 30716 2558 0 0 0
cpu2 11408 0 1025972 6900280 28 30024 2949 0 0 0
cpu3 10845 0 1147740 6777029 28 30885 3919 0 0 0
MemTotal:         901568 kB
MemFree:          588456 kB
MemAvailable:     614256 kB
Buffers:           10984 kB
Cached:            53396 kB
freq:cpu0:1800000
freq:cpu1:1800000
freq:cpu2:1800000
freq:cpu3:1800000
therm:thermal_zone0:76
therm:thermal_zone1:77
therm:thermal_zone2:75
therm:thermal_zone3:74
therm:thermal_zone4:77
therm:thermal_zone5:75
therm:thermal_zone6:76
--- 15:47:05 ---
cpu  43012 0 4733552 26819800 123 182155 90549 0 0 0
cpu0 10117 0 1030141 6743806 50 90526 81120 0 0 0
cpu1 10640 0 1529458 6398673 16 30717 2558 0 0 0
cpu2 11408 0 1026097 6900282 28 30025 2950 0 0 0
cpu3 10845 0 1147855 6777037 28 30885 3919 0 0 0
MemTotal:         901568 kB
MemFree:          588456 kB
MemAvailable:     614256 kB
Buffers:           10984 kB
Cached:            53400 kB
freq:cpu0:1800000
freq:cpu1:1800000
freq:cpu2:1800000
freq:cpu3:1800000
therm:thermal_zone0:76
therm:thermal_zone1:77
therm:thermal_zone2:75
therm:thermal_zone3:74
therm:thermal_zone4:78
therm:thermal_zone5:75
therm:thermal_zone6:76
--- 15:47:06 ---
cpu  43013 0 4734029 26819827 123 182159 90551 0 0 0
cpu0 10117 0 1030254 6743815 50 90528 81122 0 0 0
cpu1 10640 0 1529581 6398680 16 30718 2558 0 0 0
cpu2 11408 0 1026222 6900284 28 30025 2950 0 0 0
cpu3 10846 0 1147971 6777045 28 30886 3919 0 0 0
MemTotal:         901568 kB
MemFree:          588676 kB
MemAvailable:     614476 kB
Buffers:           10984 kB
Cached:            53400 kB
freq:cpu0:1800000
freq:cpu1:1800000
freq:cpu2:1800000
freq:cpu3:1800000
therm:thermal_zone0:76
therm:thermal_zone1:77
therm:thermal_zone2:75
therm:thermal_zone3:74
therm:thermal_zone4:77
therm:thermal_zone5:75
therm:thermal_zone6:76
--- 15:47:07 ---
cpu  43015 0 4734492 26819855 123 182163 90553 0 0 0
cpu0 10119 0 1030367 6743823 50 90530 81124 0 0 0
cpu1 10640 0 1529698 6398691 16 30718 2558 0 0 0
cpu2 11408 0 1026343 6900286 28 30026 2950 0 0 0
cpu3 10846 0 1148082 6777054 28 30887 3920 0 0 0
MemTotal:         901568 kB
MemFree:          588612 kB
MemAvailable:     614412 kB
Buffers:           10984 kB
Cached:            53400 kB
freq:cpu0:1800000
freq:cpu1:1800000
freq:cpu2:1800000
freq:cpu3:1800000
therm:thermal_zone0:76
therm:thermal_zone1:76
therm:thermal_zone2:75
therm:thermal_zone3:74
therm:thermal_zone4:78
therm:thermal_zone5:75
therm:thermal_zone6:76
--- 15:47:09 ---
cpu  43017 0 4734972 26819883 123 182167 90557 0 0 0
cpu0 10119 0 1030487 6743830 50 90532 81126 0 0 0
cpu1 10642 0 1529812 6398701 16 30719 2559 0 0 0
cpu2 11408 0 1026470 6900289 28 30027 2950 0 0 0
cpu3 10846 0 1148203 6777062 28 30888 3920 0 0 0
MemTotal:         901568 kB
MemFree:          589196 kB
MemAvailable:     614996 kB
Buffers:           10984 kB
Cached:            53400 kB
freq:cpu0:1800000
freq:cpu1:1800000
freq:cpu2:1800000
freq:cpu3:1800000
therm:thermal_zone0:76
therm:thermal_zone1:76
therm:thermal_zone2:75
therm:thermal_zone3:74
therm:thermal_zone4:76
therm:thermal_zone5:75
therm:thermal_zone6:76
--- 15:47:10 ---
cpu  43019 0 4735459 26819912 123 182170 90559 0 0 0
cpu0 10119 0 1030611 6743833 50 90533 81128 0 0 0
cpu1 10643 0 1529934 6398710 16 30720 2559 0 0 0
cpu2 11408 0 1026593 6900296 28 30027 2950 0 0 0
cpu3 10847 0 1148320 6777071 28 30889 3920 0 0 0
MemTotal:         901568 kB
MemFree:          589432 kB
MemAvailable:     615232 kB
Buffers:           10984 kB
Cached:            53400 kB
freq:cpu0:1800000
freq:cpu1:1800000
freq:cpu2:1800000
freq:cpu3:1800000
therm:thermal_zone0:76
therm:thermal_zone1:77
therm:thermal_zone2:75
therm:thermal_zone3:74
therm:thermal_zone4:77
therm:thermal_zone5:75
therm:thermal_zone6:76
--- 15:47:11 ---
cpu  43022 0 4735965 26819940 123 182174 90561 0 0 0
cpu0 10120 0 1030742 6743834 50 90535 81130 0 0 0
cpu1 10643 0 1530057 6398722 16 30720 2560 0 0 0
cpu2 11409 0 1026719 6900302 28 30028 2950 0 0 0
cpu3 10848 0 1148445 6777080 28 30889 3920 0 0 0
MemTotal:         901568 kB
MemFree:          589416 kB
MemAvailable:     615216 kB
Buffers:           10984 kB
Cached:            53400 kB
freq:cpu0:1800000
freq:cpu1:1800000
freq:cpu2:1800000
freq:cpu3:1800000
therm:thermal_zone0:76
therm:thermal_zone1:77
therm:thermal_zone2:75
therm:thermal_zone3:74
therm:thermal_zone4:77
therm:thermal_zone5:75
therm:thermal_zone6:76
--- 15:47:12 ---
cpu  43025 0 4736391 26819968 123 182178 90563 0 0 0
cpu0 10121 0 1030851 6743838 50 90536 81132 0 0 0
cpu1 10643 0 1530165 6398728 16 30721 2560 0 0 0
cpu2 11410 0 1026825 6900311 28 30029 2950 0 0 0
cpu3 10849 0 1148549 6777089 28 30890 3920 0 0 0
MemTotal:         901568 kB
MemFree:          589180 kB
MemAvailable:     614980 kB
Buffers:           10984 kB
Cached:            53404 kB
freq:cpu0:1800000
freq:cpu1:1800000
freq:cpu2:1800000
freq:cpu3:1800000
therm:thermal_zone0:76
therm:thermal_zone1:77
therm:thermal_zone2:75
therm:thermal_zone3:74
therm:thermal_zone4:77
therm:thermal_zone5:75
therm:thermal_zone6:76
--- 15:47:14 ---
cpu  43025 0 4736869 26819999 123 182182 90565 0 0 0
cpu0 10121 0 1030968 6743846 50 90538 81134 0 0 0
cpu1 10643 0 1530286 6398734 16 30722 2560 0 0 0
cpu2 11410 0 1026946 6900318 28 30029 2950 0 0 0
cpu3 10849 0 1148668 6777100 28 30891 3920 0 0 0
MemTotal:         901568 kB
MemFree:          589180 kB
MemAvailable:     614980 kB
Buffers:           10984 kB
Cached:            53404 kB
freq:cpu0:1800000
freq:cpu1:1800000
freq:cpu2:1800000
freq:cpu3:1800000
therm:thermal_zone0:76
therm:thermal_zone1:77
therm:thermal_zone2:75
therm:thermal_zone3:74
therm:thermal_zone4:77
therm:thermal_zone5:75
therm:thermal_zone6:76
--- 15:47:15 ---
cpu  43027 0 4737300 26820025 123 182185 90567 0 0 0
cpu0 10122 0 1031077 6743848 50 90540 81135 0 0 0
cpu1 10643 0 1530390 6398742 16 30722 2560 0 0 0
cpu2 11411 0 1027051 6900326 28 30030 2950 0 0 0
cpu3 10849 0 1148780 6777106 28 30892 3920 0 0 0
MemTotal:         901568 kB
MemFree:          589544 kB
MemAvailable:     615344 kB
Buffers:           10984 kB
Cached:            53404 kB
freq:cpu0:1800000
freq:cpu1:1800000
freq:cpu2:1800000
freq:cpu3:1800000
therm:thermal_zone0:76
therm:thermal_zone1:77
therm:thermal_zone2:75
therm:thermal_zone3:74
therm:thermal_zone4:77
therm:thermal_zone5:75
therm:thermal_zone6:76
--- 15:47:16 ---
cpu  43028 0 4737769 26820050 123 182189 90569 0 0 0
cpu0 10122 0 1031197 6743852 50 90541 81137 0 0 0
cpu1 10643 0 1530510 6398749 16 30723 2560 0 0 0
cpu2 11411 0 1027165 6900334 28 30031 2950 0 0 0
cpu3 10850 0 1148896 6777114 28 30892 3920 0 0 0
MemTotal:         901568 kB
MemFree:          589244 kB
MemAvailable:     615044 kB
Buffers:           10984 kB
Cached:            53404 kB
freq:cpu0:1800000
freq:cpu1:1800000
freq:cpu2:1800000
freq:cpu3:1800000
therm:thermal_zone0:77
therm:thermal_zone1:77
therm:thermal_zone2:75
therm:thermal_zone3:74
therm:thermal_zone4:77
therm:thermal_zone5:75
therm:thermal_zone6:76
--- 15:47:17 ---
cpu  43030 0 4738230 26820072 123 182192 90571 0 0 0
cpu0 10122 0 1031308 6743859 50 90543 81139 0 0 0
cpu1 10645 0 1530624 6398755 16 30724 2560 0 0 0
cpu2 11411 0 1027284 6900337 28 30031 2950 0 0 0
cpu3 10850 0 1149012 6777120 28 30893 3921 0 0 0
MemTotal:         901568 kB
MemFree:          589212 kB
MemAvailable:     615012 kB
Buffers:           10984 kB
Cached:            53404 kB
freq:cpu0:1800000
freq:cpu1:1800000
freq:cpu2:1800000
freq:cpu3:1800000
therm:thermal_zone0:76
therm:thermal_zone1:77
therm:thermal_zone2:75
therm:thermal_zone3:74
therm:thermal_zone4:78
therm:thermal_zone5:75
therm:thermal_zone6:76
--- 15:47:19 ---
cpu  43031 0 4738703 26820108 123 182197 90573 0 0 0
cpu0 10122 0 1031420 6743868 50 90545 81141 0 0 0
cpu1 10645 0 1530745 6398765 16 30724 2560 0 0 0
cpu2 11412 0 1027404 6900342 28 30032 2950 0 0 0
cpu3 10850 0 1149133 6777132 28 30894 3921 0 0 0
MemTotal:         901568 kB
MemFree:          589212 kB
MemAvailable:     615012 kB
Buffers:           10984 kB
Cached:            53404 kB
freq:cpu0:1800000
freq:cpu1:1800000
freq:cpu2:1800000
freq:cpu3:1800000
therm:thermal_zone0:76
therm:thermal_zone1:77
therm:thermal_zone2:75
therm:thermal_zone3:74
therm:thermal_zone4:78
therm:thermal_zone5:75
therm:thermal_zone6:76
--- 15:47:20 ---
cpu  43032 0 4739165 26820140 123 182200 90575 0 0 0
cpu0 10123 0 1031537 6743872 50 90547 81142 0 0 0
cpu1 10645 0 1530859 6398776 16 30725 2560 0 0 0
cpu2 11412 0 1027521 6900350 28 30033 2951 0 0 0
cpu3 10850 0 1149247 6777141 28 30894 3921 0 0 0
MemTotal:         901568 kB
MemFree:          589432 kB
MemAvailable:     615232 kB
Buffers:           10984 kB
Cached:            53408 kB
freq:cpu0:1800000
freq:cpu1:1800000
freq:cpu2:1800000
freq:cpu3:1800000
therm:thermal_zone0:76
therm:thermal_zone1:77
therm:thermal_zone2:75
therm:thermal_zone3:74
therm:thermal_zone4:77
therm:thermal_zone5:75
therm:thermal_zone6:76
--- 15:47:21 ---
cpu  43033 0 4739591 26820175 123 182204 90577 0 0 0
cpu0 10123 0 1031648 6743876 50 90548 81144 0 0 0
cpu1 10645 0 1530966 6398786 16 30726 2560 0 0 0
cpu2 11412 0 1027627 6900360 28 30034 2951 0 0 0
cpu3 10851 0 1149349 6777150 28 30895 3921 0 0 0
MemTotal:         901568 kB
MemFree:          589160 kB
MemAvailable:     614960 kB
Buffers:           10984 kB
Cached:            53408 kB
freq:cpu0:1800000
freq:cpu1:1800000
freq:cpu2:1800000
freq:cpu3:1800000
therm:thermal_zone0:76
therm:thermal_zone1:77
therm:thermal_zone2:75
therm:thermal_zone3:74
therm:thermal_zone4:77
therm:thermal_zone5:75
therm:thermal_zone6:76
=== IRQ_END 15:47:22 ===
           CPU0       CPU1       CPU2       CPU3       
  4:    4241557    3059482    2901894    4088054     GIC-0  20 Level     arch_timer
  6:          0          0          0          0     GIC-0  39 Level     arch_mem_timer
  8:          0          0          0          0     GIC-0  23 Level     arm-pmu
  9:          0          0          0          0     GIC-0 239 Level     bam_dma
 11:        273          0          0          0     GIC-0 270 Level     bam_dma
 13:          7          0          0          0     GIC-0 338 Level     msm_serial0
 14:      12353          0          0          0     GIC-0 127 Level     78b5000.spi
 15:      63425          0          0          0     GIC-0 178 Level     bam_dma
 17:          0          0          0          0     GIC-0 410 Level     edma_txcmpl
 18:          0          0          0          0     GIC-0 386 Level     edma_rxfill
 19:          0          0          0          0     GIC-0 378 Level     edma_rxdesc
 20:          0          0          0          0     GIC-0 411 Level     edma_misc
 21:   12310783          0          0          0     GIC-0 434 Edge      nss_empty_buf_sos
 22:   12540897          0          0          0     GIC-0 433 Edge      nss_empty_buf_queue
 23:          0          0          0          0     GIC-0 432 Edge      nss-tx-unblock
 24:  169667395          0          0          0     GIC-0 431 Edge      nss_queue0
 25:          0   81156719          0          0     GIC-0 430 Edge      nss_queue1
 26:          0          0   79655199          0     GIC-0 429 Edge      nss_queue2
 27:          0          0          0   79087327     GIC-0 428 Edge      nss_queue3
 28:          0          0          0          0     GIC-0 427 Edge      nss_coredump_complete
 29:          0          0          0          0     GIC-0 426 Edge      nss_paged_empty_buf_sos
 30:          0          0          0          0     GIC-0 425 Edge      nss_profile_dma
 32:          0          0          0          0     GIC-0  35 Edge      wdt_bark
 33:          0          0          0          0     GIC-0 357 Edge      q6v5 wdog
 37:          4          0          0          0     GIC-0 348 Edge      ce0
 38:   49361054          0          0          0     GIC-0 347 Edge      ce1
 39:      85580          0          0          0     GIC-0 346 Edge      ce2
 40:     172386          0          0          0     GIC-0 343 Edge      ce3
 42:          0          0          0          0     GIC-0 443 Edge      ce5
 44:          1          0          0          0     GIC-0  72 Edge      ce7
 46:          0          0          0          0     GIC-0 334 Edge      ce9
 47:          0          0          0          0     GIC-0 333 Edge      ce10
 48:          0          0          0          0     GIC-0  69 Edge      ce11
 55:          0          0          0          0     GIC-0 323 Edge      reo2ost-exception
 56:    4235491          0          0          0     GIC-0 322 Edge      wbm2host-rx-release
 57:       2510          0          0          0     GIC-0 321 Edge      reo2host-status
 58:    5444446          0          0          0     GIC-0 320 Edge      reo2host-destination-ring4
 59:    5440620          0          0          0     GIC-0 271 Edge      reo2host-destination-ring3
 60:    5443672          0          0          0     GIC-0 268 Edge      reo2host-destination-ring2
 61:    8115262          0          0          0     GIC-0 267 Edge      reo2host-destination-ring1
 66:        175          0          0          0     GIC-0 262 Edge      ppdu-end-interrupts-mac2
 67:   23033880          0          0          0     GIC-0 261 Edge      ppdu-end-interrupts-mac1
 69:          1          0          0          0     GIC-0 256 Edge      rxdma2host-monitor-status-ring-mac2
 70:          1          0          0          0     GIC-0 255 Edge      rxdma2host-monitor-status-ring-mac1
 72:          1          0          0          0     GIC-0 215 Edge      host2rxdma-host-buf-ring-mac2
 73:         14          0          0          0     GIC-0 212 Edge      host2rxdma-host-buf-ring-mac1
 75:          0          0          0          0     GIC-0 210 Edge      rxdma2host-destination-ring-mac2
 76:          0          0          0          0     GIC-0 209 Edge      rxdma2host-destination-ring-mac1
 82:    8630727          0          0          0     GIC-0 191 Edge      wbm2host-tx-completions-ring3
 83:    7772753          0          0          0     GIC-0 190 Edge      wbm2host-tx-completions-ring2
 84:    5627812          0          0          0     GIC-0 189 Edge      wbm2host-tx-completions-ring1
 86:          0          0          0          0     GIC-0 198 Edge      tmc-etr
 87:          0          0          0          0     GIC-0 216 Edge      tsens_interrupt
 88:          4          0          0          0     GIC-0  47 Edge      cpr3
 89:          4          0          0          0     GIC-0 354 Edge      smp2p
 90:         24          0          0          0     GIC-0 200 Edge      glink-native
 91:          0          0          0          0     GIC-0 276 Edge      tzerror
 94:          0          0          0          0     smp2p   0 Edge      q6v5 fatal
 95:          2          0          0          0     smp2p   1 Edge      q6v5 ready
 96:          0          0          0          0     smp2p   2 Edge      q6v5 handover
 97:          0          0          0          0     smp2p   3 Edge      q6v5 stop
 98:          0          0          0          0   msmgpio  19 Edge      soc:gpio_keys
 99:          0          0          0          0     GIC-0 131 Level     xhci-hcd:usb1
100:          0          0          0          0     GIC-0 172 Level     xhci-hcd:usb3
101:        129          0          0          0     GIC-0 353 Edge      glink-native
IPI0:  55280311   89147698   89541769   93705434       Rescheduling interrupts
IPI1:      4228       4453       4075       4184       Function call interrupts
IPI2:         0          0          0          0       CPU stop interrupts
IPI3:         0          0          0          0       CPU stop (for crash dump) interrupts
IPI4:         0          0          0          0       Timer broadcast interrupts
IPI5:         0          0          0          0       IRQ work interrupts
IPI6:         0          0          0          0       CPU wake-up interrupts
Err:          0
