# dut sample interval=1s duration=30s host=e49d73e1b838 kernel=5.4.164
=== IRQ_START 14:31:17 ===
           CPU0       CPU1       CPU2       CPU3       
  4:    3931474    2822107    2663378    3789589     GIC-0  20 Level     arch_timer
  6:          0          0          0          0     GIC-0  39 Level     arch_mem_timer
  8:          0          0          0          0     GIC-0  23 Level     arm-pmu
  9:          0          0          0          0     GIC-0 239 Level     bam_dma
 11:        273          0          0          0     GIC-0 270 Level     bam_dma
 13:          7          0          0          0     GIC-0 338 Level     msm_serial0
 14:      12353          0          0          0     GIC-0 127 Level     78b5000.spi
 15:      63175          0          0          0     GIC-0 178 Level     bam_dma
 17:          0          0          0          0     GIC-0 410 Level     edma_txcmpl
 18:          0          0          0          0     GIC-0 386 Level     edma_rxfill
 19:          0          0          0          0     GIC-0 378 Level     edma_rxdesc
 20:          0          0          0          0     GIC-0 411 Level     edma_misc
 21:   10580564          0          0          0     GIC-0 434 Edge      nss_empty_buf_sos
 22:   12505686          0          0          0     GIC-0 433 Edge      nss_empty_buf_queue
 23:          0          0          0          0     GIC-0 432 Edge      nss-tx-unblock
 24:  148840319          0          0          0     GIC-0 431 Edge      nss_queue0
 25:          0   69925195          0          0     GIC-0 430 Edge      nss_queue1
 26:          0          0   68472934          0     GIC-0 429 Edge      nss_queue2
 27:          0          0          0   68012215     GIC-0 428 Edge      nss_queue3
 28:          0          0          0          0     GIC-0 427 Edge      nss_coredump_complete
 29:          0          0          0          0     GIC-0 426 Edge      nss_paged_empty_buf_sos
 30:          0          0          0          0     GIC-0 425 Edge      nss_profile_dma
 32:          0          0          0          0     GIC-0  35 Edge      wdt_bark
 33:          0          0          0          0     GIC-0 357 Edge      q6v5 wdog
 37:          4          0          0          0     GIC-0 348 Edge      ce0
 38:   46492677          0          0          0     GIC-0 347 Edge      ce1
 39:      83622          0          0          0     GIC-0 346 Edge      ce2
 40:     166143          0          0          0     GIC-0 343 Edge      ce3
 42:          0          0          0          0     GIC-0 443 Edge      ce5
 44:          1          0          0          0     GIC-0  72 Edge      ce7
 46:          0          0          0          0     GIC-0 334 Edge      ce9
 47:          0          0          0          0     GIC-0 333 Edge      ce10
 48:          0          0          0          0     GIC-0  69 Edge      ce11
 55:          0          0          0          0     GIC-0 323 Edge      reo2ost-exception
 56:    4030512          0          0          0     GIC-0 322 Edge      wbm2host-rx-release
 57:       2510          0          0          0     GIC-0 321 Edge      reo2host-status
 58:    4910513          0          0          0     GIC-0 320 Edge      reo2host-destination-ring4
 59:    4909685          0          0          0     GIC-0 271 Edge      reo2host-destination-ring3
 60:    4916615          0          0          0     GIC-0 268 Edge      reo2host-destination-ring2
 61:    7587161          0          0          0     GIC-0 267 Edge      reo2host-destination-ring1
 66:        175          0          0          0     GIC-0 262 Edge      ppdu-end-interrupts-mac2
 67:   21567913          0          0          0     GIC-0 261 Edge      ppdu-end-interrupts-mac1
 69:          1          0          0          0     GIC-0 256 Edge      rxdma2host-monitor-status-ring-mac2
 70:          1          0          0          0     GIC-0 255 Edge      rxdma2host-monitor-status-ring-mac1
 72:          1          0          0          0     GIC-0 215 Edge      host2rxdma-host-buf-ring-mac2
 73:         14          0          0          0     GIC-0 212 Edge      host2rxdma-host-buf-ring-mac1
 75:          0          0          0          0     GIC-0 210 Edge      rxdma2host-destination-ring-mac2
 76:          0          0          0          0     GIC-0 209 Edge      rxdma2host-destination-ring-mac1
 82:    7707520          0          0          0     GIC-0 191 Edge      wbm2host-tx-completions-ring3
 83:    7023553          0          0          0     GIC-0 190 Edge      wbm2host-tx-completions-ring2
 84:    4905431          0          0          0     GIC-0 189 Edge      wbm2host-tx-completions-ring1
 86:          0          0          0          0     GIC-0 198 Edge      tmc-etr
 87:          0          0          0          0     GIC-0 216 Edge      tsens_interrupt
 88:          4          0          0          0     GIC-0  47 Edge      cpr3
 89:          4          0          0          0     GIC-0 354 Edge      smp2p
 90:         24          0          0          0     GIC-0 200 Edge      glink-native
 91:          0          0          0          0     GIC-0 276 Edge      tzerror
 94:          0          0          0          0     smp2p   0 Edge      q6v5 fatal
 95:          2          0          0          0     smp2p   1 Edge      q6v5 ready
 96:          0          0          0          0     smp2p   2 Edge      q6v5 handover
 97:          0          0          0          0     smp2p   3 Edge      q6v5 stop
 98:          0          0          0          0   msmgpio  19 Edge      soc:gpio_keys
 99:          0          0          0          0     GIC-0 131 Level     xhci-hcd:usb1
100:          0          0          0          0     GIC-0 172 Level     xhci-hcd:usb3
101:        129          0          0          0     GIC-0 353 Edge      glink-native
IPI0:  47929630   77899019   77236354   82022081       Rescheduling interrupts
IPI1:      3816       4023       3681       3820       Function call interrupts
IPI2:         0          0          0          0       CPU stop interrupts
IPI3:         0          0          0          0       CPU stop (for crash dump) interrupts
IPI4:         0          0          0          0       Timer broadcast interrupts
IPI5:         0          0          0          0       IRQ work interrupts
IPI6:         0          0          0          0       CPU wake-up interrupts
Err:          0
=== TICKS ===
--- 14:31:17 ---
cpu  37946 0 4110332 25677725 123 160473 84089 0 0 0
cpu0 8891 0 874493 6466823 50 81126 75331 0 0 0
cpu1 9234 0 1374515 6109385 16 26668 2367 0 0 0
cpu2 10149 0 866368 6615668 28 25886 2758 0 0 0
cpu3 9670 0 994954 6485847 28 26792 3632 0 0 0
MemTotal:         901568 kB
MemFree:          659288 kB
MemAvailable:     684976 kB
Buffers:           10984 kB
Cached:            53384 kB
freq:cpu0:1800000
freq:cpu1:1800000
freq:cpu2:1800000
freq:cpu3:1800000
therm:thermal_zone0:73
therm:thermal_zone1:73
therm:thermal_zone2:72
therm:thermal_zone3:72
therm:thermal_zone4:74
therm:thermal_zone5:73
therm:thermal_zone6:73
--- 14:31:18 ---
cpu  37947 0 4110377 25678081 123 160476 84090 0 0 0
cpu0 8891 0 874506 6466909 50 81127 75331 0 0 0
cpu1 9234 0 1374522 6109478 16 26668 2367 0 0 0
cpu2 10149 0 866381 6615759 28 25887 2758 0 0 0
cpu3 9671 0 994967 6485933 28 26793 3632 0 0 0
MemTotal:         901568 kB
MemFree:          659620 kB
MemAvailable:     685308 kB
Buffers:           10984 kB
Cached:            53360 kB
freq:cpu0:1800000
freq:cpu1:1800000
freq:cpu2:1800000
freq:cpu3:1800000
therm:thermal_zone0:74
therm:thermal_zone1:74
therm:thermal_zone2:73
therm:thermal_zone3:72
therm:thermal_zone4:74
therm:thermal_zone5:73
therm:thermal_zone6:73
--- 14:31:19 ---
cpu  37949 0 4110472 25678369 123 160483 84093 0 0 0
cpu0 8891 0 874534 6466970 50 81131 75333 0 0 0
cpu1 9234 0 1374547 6109555 16 26669 2367 0 0 0
cpu2 10150 0 866402 6615833 28 25888 2758 0 0 0
cpu3 9672 0 994987 6486009 28 26794 3632 0 0 0
MemTotal:         901568 kB
MemFree:          659132 kB
MemAvailable:     684820 kB
Buffers:           10984 kB
Cached:            53360 kB
freq:cpu0:1800000
freq:cpu1:1800000
freq:cpu2:1800000
freq:cpu3:1800000
therm:thermal_zone0:74
therm:thermal_zone1:74
therm:thermal_zone2:73
therm:thermal_zone3:72
therm:thermal_zone4:74
therm:thermal_zone5:73
therm:thermal_zone6:74
--- 14:31:20 ---
cpu  37949 0 4110592 25678655 123 160491 84095 0 0 0
cpu0 8891 0 874566 6467030 50 81134 75335 0 0 0
cpu1 9234 0 1374575 6109630 16 26670 2368 0 0 0
cpu2 10150 0 866432 6615911 28 25889 2758 0 0 0
cpu3 9672 0 995018 6486084 28 26795 3632 0 0 0
MemTotal:         901568 kB
MemFree:          659636 kB
MemAvailable:     685324 kB
Buffers:           10984 kB
Cached:            53364 kB
freq:cpu0:1800000
freq:cpu1:1800000
freq:cpu2:1800000
freq:cpu3:1800000
therm:thermal_zone0:74
therm:thermal_zone1:74
therm:thermal_zone2:73
therm:thermal_zone3:73
therm:thermal_zone4:74
therm:thermal_zone5:73
therm:thermal_zone6:74
--- 14:31:21 ---
cpu  37951 0 4110696 25678946 123 160498 84097 0 0 0
cpu0 8891 0 874571 6467123 50 81137 75337 0 0 0
cpu1 9235 0 1374602 6109702 16 26672 2368 0 0 0
cpu2 10151 0 866470 6615970 28 25891 2758 0 0 0
cpu3 9672 0 995051 6486150 28 26797 3632 0 0 0
MemTotal:         901568 kB
MemFree:          659636 kB
MemAvailable:     685324 kB
Buffers:           10984 kB
Cached:            53364 kB
freq:cpu0:1800000
freq:cpu1:1800000
freq:cpu2:1800000
freq:cpu3:1800000
therm:thermal_zone0:74
therm:thermal_zone1:74
therm:thermal_zone2:73
therm:thermal_zone3:73
therm:thermal_zone4:75
therm:thermal_zone5:73
therm:thermal_zone6:74
--- 14:31:22 ---
cpu  37953 0 4110804 25679231 123 160506 84099 0 0 0
cpu0 8891 0 874595 6467195 50 81141 75339 0 0 0
cpu1 9237 0 1374624 6109778 16 26673 2368 0 0 0
cpu2 10151 0 866508 6616032 28 25893 2758 0 0 0
cpu3 9672 0 995075 6486225 28 26798 3632 0 0 0
MemTotal:         901568 kB
MemFree:          659384 kB
MemAvailable:     685072 kB
Buffers:           10984 kB
Cached:            53364 kB
freq:cpu0:1800000
freq:cpu1:1800000
freq:cpu2:1800000
freq:cpu3:1800000
therm:thermal_zone0:74
therm:thermal_zone1:74
therm:thermal_zone2:73
therm:thermal_zone3:73
therm:thermal_zone4:75
therm:thermal_zone5:73
therm:thermal_zone6:74
--- 14:31:23 ---
cpu  37955 0 4110922 25679521 123 160513 84101 0 0 0
cpu0 8892 0 874629 6467262 50 81145 75341 0 0 0
cpu1 9238 0 1374652 6109854 16 26674 2368 0 0 0
cpu2 10151 0 866535 6616108 28 25894 2758 0 0 0
cpu3 9672 0 995106 6486297 28 26799 3632 0 0 0
MemTotal:         901568 kB
MemFree:          659132 kB
MemAvailable:     684820 kB
Buffers:           10984 kB
Cached:            53364 kB
freq:cpu0:1800000
freq:cpu1:1800000
freq:cpu2:1800000
freq:cpu3:1800000
therm:thermal_zone0:74
therm:thermal_zone1:74
therm:thermal_zone2:73
therm:thermal_zone3:73
therm:thermal_zone4:75
therm:thermal_zone5:73
therm:thermal_zone6:74
--- 14:31:24 ---
cpu  37957 0 4111028 25679810 123 160521 84103 0 0 0
cpu0 8892 0 874650 6467335 50 81149 75343 0 0 0
cpu1 9240 0 1374672 6109931 16 26675 2368 0 0 0
cpu2 10151 0 866563 6616182 28 25895 2758 0 0 0
cpu3 9672 0 995141 6486361 28 26801 3632 0 0 0
MemTotal:         901568 kB
MemFree:          659132 kB
MemAvailable:     684820 kB
Buffers:           10984 kB
Cached:            53364 kB
freq:cpu0:1800000
freq:cpu1:1800000
freq:cpu2:1800000
freq:cpu3:1800000
therm:thermal_zone0:74
therm:thermal_zone1:74
therm:thermal_zone2:73
therm:thermal_zone3:73
therm:thermal_zone4:75
therm:thermal_zone5:73
therm:thermal_zone6:74
--- 14:31:25 ---
cpu  37958 0 4111122 25680097 123 160529 84106 0 0 0
cpu0 8892 0 874670 6467408 50 81152 75345 0 0 0
cpu1 9240 0 1374695 6110005 16 26676 2368 0 0 0
cpu2 10152 0 866591 6616257 28 25896 2758 0 0 0
cpu3 9672 0 995164 6486425 28 26803 3632 0 0 0
MemTotal:         901568 kB
MemFree:          659368 kB
MemAvailable:     685056 kB
Buffers:           10984 kB
Cached:            53364 kB
freq:cpu0:1800000
freq:cpu1:1800000
freq:cpu2:1800000
freq:cpu3:1800000
therm:thermal_zone0:74
therm:thermal_zone1:74
therm:thermal_zone2:73
therm:thermal_zone3:73
therm:thermal_zone4:75
therm:thermal_zone5:74
therm:thermal_zone6:74
--- 14:31:26 ---
cpu  37959 0 4111259 25680386 123 160536 84108 0 0 0
cpu0 8892 0 874699 6467484 50 81156 75347 0 0 0
cpu1 9241 0 1374724 6110080 16 26677 2368 0 0 0
cpu2 10152 0 866626 6616332 28 25897 2758 0 0 0
cpu3 9672 0 995208 6486490 28 26805 3633 0 0 0
MemTotal:         901568 kB
MemFree:          659636 kB
MemAvailable:     685324 kB
Buffers:           10984 kB
Cached:            53364 kB
freq:cpu0:1800000
freq:cpu1:1800000
freq:cpu2:1800000
freq:cpu3:1800000
therm:thermal_zone0:74
therm:thermal_zone1:74
therm:thermal_zone2:73
therm:thermal_zone3:73
therm:thermal_zone4:75
therm:thermal_zone5:73
therm:thermal_zone6:74
--- 14:31:27 ---
cpu  37960 0 4111368 25680671 123 160544 84110 0 0 0
cpu0 8892 0 874726 6467553 50 81160 75349 0 0 0
cpu1 9241 0 1374752 6110155 16 26678 2368 0 0 0
cpu2 10153 0 866649 6616408 28 25898 2759 0 0 0
cpu3 9672 0 995239 6486553 28 26806 3633 0 0 0
MemTotal:         901568 kB
MemFree:          659668 kB
MemAvailable:     685356 kB
Buffers:           10984 kB
Cached:            53368 kB
freq:cpu0:1800000
freq:cpu1:1800000
freq:cpu2:1800000
freq:cpu3:1800000
therm:thermal_zone0:74
therm:thermal_zone1:74
therm:thermal_zone2:73
therm:thermal_zone3:73
therm:thermal_zone4:75
therm:thermal_zone5:74
therm:thermal_zone6:74
--- 14:31:28 ---
cpu  37960 0 4111466 25680957 123 160552 84112 0 0 0
cpu0 8892 0 874746 6467625 50 81164 75351 0 0 0
cpu1 9241 0 1374776 6110229 16 26680 2368 0 0 0
cpu2 10153 0 866672 6616484 28 25899 2759 0 0 0
cpu3 9672 0 995271 6486617 28 26808 3633 0 0 0
MemTotal:         901568 kB
MemFree:          659716 kB
MemAvailable:     685404 kB
Buffers:           10984 kB
Cached:            53368 kB
freq:cpu0:1800000
freq:cpu1:1800000
freq:cpu2:1800000
freq:cpu3:1800000
therm:thermal_zone0:74
therm:thermal_zone1:74
therm:thermal_zone2:73
therm:thermal_zone3:73
therm:thermal_zone4:74
therm:thermal_zone5:74
therm:thermal_zone6:74
--- 14:31:29 ---
cpu  37961 0 4111574 25681243 123 160560 84114 0 0 0
cpu0 8892 0 874771 6467696 50 81167 75353 0 0 0
cpu1 9242 0 1374793 6110303 16 26681 2368 0 0 0
cpu2 10153 0 866697 6616562 28 25900 2759 0 0 0
cpu3 9672 0 995312 6486682 28 26810 3633 0 0 0
MemTotal:         901568 kB
MemFree:          659668 kB
MemAvailable:     685356 kB
Buffers:           10984 kB
Cached:            53368 kB
freq:cpu0:1800000
freq:cpu1:1800000
freq:cpu2:1800000
freq:cpu3:1800000
therm:thermal_zone0:74
therm:thermal_zone1:75
therm:thermal_zone2:73
therm:thermal_zone3:73
therm:thermal_zone4:75
therm:thermal_zone5:74
therm:thermal_zone6:74
--- 14:31:30 ---
cpu  37962 0 4111674 25681534 123 160568 84117 0 0 0
cpu0 8892 0 874786 6467769 50 81171 75355 0 0 0
cpu1 9242 0 1374821 6110376 16 26682 2368 0 0 0
cpu2 10154 0 866718 6616640 28 25901 2759 0 0 0
cpu3 9672 0 995347 6486746 28 26812 3633 0 0 0
MemTotal:         901568 kB
MemFree:          659652 kB
MemAvailable:     685340 kB
Buffers:           10984 kB
Cached:            53368 kB
freq:cpu0:1800000
freq:cpu1:1800000
freq:cpu2:1800000
freq:cpu3:1800000
therm:thermal_zone0:74
therm:thermal_zone1:74
therm:thermal_zone2:73
therm:thermal_zone3:73
therm:thermal_zone4:75
therm:thermal_zone5:74
therm:thermal_zone6:74
--- 14:31:31 ---
cpu  37963 0 4111777 25681816 123 160575 84119 0 0 0
cpu0 8894 0 874806 6467840 50 81175 75357 0 0 0
cpu1 9242 0 1374846 6110452 16 26683 2368 0 0 0
cpu2 10154 0 866740 6616713 28 25902 2759 0 0 0
cpu3 9672 0 995383 6486810 28 26813 3633 0 0 0
MemTotal:         901568 kB
MemFree:          659416 kB
MemAvailable:     685104 kB
Buffers:           10984 kB
Cached:            53368 kB
freq:cpu0:1800000
freq:cpu1:1800000
freq:cpu2:1800000
freq:cpu3:1800000
therm:thermal_zone0:74
therm:thermal_zone1:74
therm:thermal_zone2:73
therm:thermal_zone3:73
therm:thermal_zone4:74
therm:thermal_zone5:74
therm:thermal_zone6:74
--- 14:31:32 ---
cpu  37969 0 4111895 25682090 123 160583 84121 0 0 0
cpu0 8894 0 874836 6467908 50 81179 75359 0 0 0
cpu1 9246 0 1374877 6110521 16 26684 2368 0 0 0
cpu2 10155 0 866767 6616786 28 25903 2759 0 0 0
cpu3 9673 0 995413 6486872 28 26815 3633 0 0 0
MemTotal:         901568 kB
MemFree:          659856 kB
MemAvailable:     685576 kB
Buffers:           10984 kB
Cached:            53368 kB
freq:cpu0:1800000
freq:cpu1:1800000
freq:cpu2:1800000
freq:cpu3:1800000
therm:thermal_zone0:74
therm:thermal_zone1:74
therm:thermal_zone2:73
therm:thermal_zone3:73
therm:thermal_zone4:75
therm:thermal_zone5:73
therm:thermal_zone6:74
--- 14:31:33 ---
cpu  37969 0 4111993 25682378 123 160591 84123 0 0 0
cpu0 8894 0 874855 6467982 50 81183 75361 0 0 0
cpu1 9246 0 1374901 6110597 16 26685 2368 0 0 0
cpu2 10155 0 866788 6616861 28 25904 2759 0 0 0
cpu3 9673 0 995447 6486937 28 26817 3633 0 0 0
MemTotal:         901568 kB
MemFree:          659400 kB
MemAvailable:     685120 kB
Buffers:           10984 kB
Cached:            53372 kB
freq:cpu0:1800000
freq:cpu1:1800000
freq:cpu2:1800000
freq:cpu3:1800000
therm:thermal_zone0:74
therm:thermal_zone1:75
therm:thermal_zone2:74
therm:thermal_zone3:73
therm:thermal_zone4:75
therm:thermal_zone5:74
therm:thermal_zone6:74
--- 14:31:34 ---
cpu  37971 0 4112094 25682667 123 160598 84125 0 0 0
cpu0 8894 0 874886 6468045 50 81186 75363 0 0 0
cpu1 9248 0 1374911 6110684 16 26686 2368 0 0 0
cpu2 10155 0 866818 6616934 28 25906 2759 0 0 0
cpu3 9673 0 995477 6487001 28 26819 3633 0 0 0
MemTotal:         901568 kB
MemFree:          659100 kB
MemAvailable:     684820 kB
Buffers:           10984 kB
Cached:            53372 kB
freq:cpu0:1800000
freq:cpu1:1800000
freq:cpu2:1800000
freq:cpu3:1800000
therm:thermal_zone0:74
therm:thermal_zone1:74
therm:thermal_zone2:73
therm:thermal_zone3:73
therm:thermal_zone4:75
therm:thermal_zone5:73
therm:thermal_zone6:74
--- 14:31:35 ---
cpu  37971 0 4112204 25682954 123 160606 84127 0 0 0
cpu0 8894 0 874915 6468119 50 81190 75365 0 0 0
cpu1 9248 0 1374934 6110758 16 26687 2369 0 0 0
cpu2 10155 0 866843 6617009 28 25906 2759 0 0 0
cpu3 9673 0 995510 6487066 28 26820 3633 0 0 0
MemTotal:         901568 kB
MemFree:          659100 kB
MemAvailable:     684820 kB
Buffers:           10984 kB
Cached:            53372 kB
freq:cpu0:1800000
freq:cpu1:1800000
freq:cpu2:1800000
freq:cpu3:1800000
therm:thermal_zone0:74
therm:thermal_zone1:74
therm:thermal_zone2:74
therm:thermal_zone3:73
therm:thermal_zone4:75
therm:thermal_zone5:74
therm:thermal_zone6:74
--- 14:31:36 ---
cpu  37971 0 4112335 25683242 123 160613 84130 0 0 0
cpu0 8894 0 874944 6468190 50 81194 75367 0 0 0
cpu1 9248 0 1374969 6110836 16 26688 2369 0 0 0
cpu2 10155 0 866874 6617085 28 25908 2759 0 0 0
cpu3 9673 0 995546 6487130 28 26822 3633 0 0 0
MemTotal:         901568 kB
MemFree:          659352 kB
MemAvailable:     685072 kB
Buffers:           10984 kB
Cached:            53372 kB
freq:cpu0:1800000
freq:cpu1:1800000
freq:cpu2:1800000
freq:cpu3:1800000
therm:thermal_zone0:74
therm:thermal_zone1:74
therm:thermal_zone2:73
therm:thermal_zone3:73
therm:thermal_zone4:75
therm:thermal_zone5:74
therm:thermal_zone6:74
--- 14:31:37 ---
cpu  37972 0 4112456 25683530 123 160621 84132 0 0 0
cpu0 8895 0 874973 6468261 50 81198 75369 0 0 0
cpu1 9248 0 1374994 6110915 16 26689 2369 0 0 0
cpu2 10155 0 866906 6617158 28 25909 2759 0 0 0
cpu3 9673 0 995581 6487194 28 26824 3633 0 0 0
MemTotal:         901568 kB
MemFree:          659652 kB
MemAvailable:     685372 kB
Buffers:           10984 kB
Cached:            53372 kB
freq:cpu0:1800000
freq:cpu1:1800000
freq:cpu2:1800000
freq:cpu3:1800000
therm:thermal_zone0:74
therm:thermal_zone1:74
therm:thermal_zone2:73
therm:thermal_zone3:73
therm:thermal_zone4:75
therm:thermal_zone5:74
therm:thermal_zone6:74
--- 14:31:38 ---
cpu  37976 0 4112557 25683816 123 160629 84134 0 0 0
cpu0 8895 0 875000 6468331 50 81201 75371 0 0 0
cpu1 9250 0 1375014 6110989 16 26690 2369 0 0 0
cpu2 10157 0 866932 6617236 28 25910 2759 0 0 0
cpu3 9673 0 995609 6487259 28 26825 3633 0 0 0
MemTotal:         901568 kB
MemFree:          659100 kB
MemAvailable:     684820 kB
Buffers:           10984 kB
Cached:            53372 kB
freq:cpu0:1800000
freq:cpu1:1800000
freq:cpu2:1800000
freq:cpu3:1800000
therm:thermal_zone0:74
therm:thermal_zone1:74
therm:thermal_zone2:74
therm:thermal_zone3:73
therm:thermal_zone4:75
therm:thermal_zone5:73
therm:thermal_zone6:74
--- 14:31:40 ---
cpu  37976 0 4112658 25684101 123 160637 84136 0 0 0
cpu0 8895 0 875020 6468404 50 81205 75373 0 0 0
cpu1 9250 0 1375034 6111064 16 26691 2369 0 0 0
cpu2 10157 0 866955 6617309 28 25911 2759 0 0 0
cpu3 9673 0 995648 6487322 28 26827 3633 0 0 0
MemTotal:         901568 kB
MemFree:          659304 kB
MemAvailable:     685024 kB
Buffers:           10984 kB
Cached:            53372 kB
freq:cpu0:1800000
freq:cpu1:1800000
freq:cpu2:1800000
freq:cpu3:1800000
therm:thermal_zone0:74
therm:thermal_zone1:75
therm:thermal_zone2:74
therm:thermal_zone3:73
therm:thermal_zone4:75
therm:thermal_zone5:74
therm:thermal_zone6:74
--- 14:31:41 ---
cpu  37977 0 4112782 25684389 123 160644 84138 0 0 0
cpu0 8896 0 875044 6468478 50 81209 75375 0 0 0
cpu1 9250 0 1375061 6111140 16 26692 2369 0 0 0
cpu2 10157 0 866993 6617382 28 25913 2759 0 0 0
cpu3 9673 0 995683 6487387 28 26829 3633 0 0 0
MemTotal:         901568 kB
MemFree:          659520 kB
MemAvailable:     685240 kB
Buffers:           10984 kB
Cached:            53376 kB
freq:cpu0:1800000
freq:cpu1:1800000
freq:cpu2:1800000
freq:cpu3:1800000
therm:thermal_zone0:74
therm:thermal_zone1:74
therm:thermal_zone2:73
therm:thermal_zone3:73
therm:thermal_zone4:75
therm:thermal_zone5:73
therm:thermal_zone6:74
--- 14:31:42 ---
cpu  37977 0 4112884 25684676 123 160652 84141 0 0 0
cpu0 8896 0 875062 6468551 50 81213 75377 0 0 0
cpu1 9250 0 1375086 6111212 16 26694 2369 0 0 0
cpu2 10157 0 867010 6617460 28 25914 2759 0 0 0
cpu3 9673 0 995724 6487452 28 26831 3633 0 0 0
MemTotal:         901568 kB
MemFree:          659352 kB
MemAvailable:     685072 kB
Buffers:           10984 kB
Cached:            53376 kB
freq:cpu0:1800000
freq:cpu1:1800000
freq:cpu2:1800000
freq:cpu3:1800000
therm:thermal_zone0:74
therm:thermal_zone1:74
therm:thermal_zone2:73
therm:thermal_zone3:73
therm:thermal_zone4:75
therm:thermal_zone5:74
therm:thermal_zone6:74
--- 14:31:43 ---
cpu  37978 0 4112997 25684963 123 160660 84144 0 0 0
cpu0 8897 0 875085 6468624 50 81216 75379 0 0 0
cpu1 9250 0 1375110 6111287 16 26695 2369 0 0 0
cpu2 10157 0 867041 6617534 28 25915 2760 0 0 0
cpu3 9673 0 995760 6487516 28 26832 3634 0 0 0
MemTotal:         901568 kB
MemFree:          659856 kB
MemAvailable:     685576 kB
Buffers:           10984 kB
Cached:            53376 kB
freq:cpu0:1800000
freq:cpu1:1800000
freq:cpu2:1800000
freq:cpu3:1800000
therm:thermal_zone0:74
therm:thermal_zone1:74
therm:thermal_zone2:73
therm:thermal_zone3:73
therm:thermal_zone4:75
therm:thermal_zone5:74
therm:thermal_zone6:74
--- 14:31:44 ---
cpu  37980 0 4113121 25685252 123 160668 84146 0 0 0
cpu0 8898 0 875117 6468694 50 81220 75381 0 0 0
cpu1 9250 0 1375139 6111365 16 26696 2369 0 0 0
cpu2 10158 0 867066 6617611 28 25916 2760 0 0 0
cpu3 9673 0 995798 6487581 28 26834 3634 0 0 0
MemTotal:         901568 kB
MemFree:          659604 kB
MemAvailable:     685324 kB
Buffers:           10984 kB
Cached:            53376 kB
freq:cpu0:1800000
freq:cpu1:1800000
freq:cpu2:1800000
freq:cpu3:1800000
therm:thermal_zone0:74
therm:thermal_zone1:74
therm:thermal_zone2:73
therm:thermal_zone3:73
therm:thermal_zone4:75
therm:thermal_zone5:74
therm:thermal_zone6:74
--- 14:31:45 ---
cpu  37981 0 4113234 25685539 123 160675 84148 0 0 0
cpu0 8898 0 875146 6468759 50 81224 75384 0 0 0
cpu1 9250 0 1375168 6111443 16 26697 2369 0 0 0
cpu2 10159 0 867084 6617690 28 25917 2761 0 0 0
cpu3 9673 0 995834 6487646 28 26836 3634 0 0 0
MemTotal:         901568 kB
MemFree:          659604 kB
MemAvailable:     685324 kB
Buffers:           10984 kB
Cached:            53376 kB
freq:cpu0:1800000
freq:cpu1:1800000
freq:cpu2:1800000
freq:cpu3:1800000
therm:thermal_zone0:74
therm:thermal_zone1:74
therm:thermal_zone2:73
therm:thermal_zone3:73
therm:thermal_zone4:75
therm:thermal_zone5:74
therm:thermal_zone6:74
--- 14:31:46 ---
cpu  37982 0 4113358 25685827 123 160683 84150 0 0 0
cpu0 8898 0 875172 6468830 50 81228 75386 0 0 0
cpu1 9251 0 1375200 6111519 16 26698 2369 0 0 0
cpu2 10159 0 867115 6617767 28 25918 2761 0 0 0
cpu3 9673 0 995870 6487710 28 26837 3634 0 0 0
MemTotal:         901568 kB
MemFree:          659052 kB
MemAvailable:     684772 kB
Buffers:           10984 kB
Cached:            53376 kB
freq:cpu0:1800000
freq:cpu1:1800000
freq:cpu2:1800000
freq:cpu3:1800000
therm:thermal_zone0:74
therm:thermal_zone1:74
therm:thermal_zone2:74
therm:thermal_zone3:73
therm:thermal_zone4:75
therm:thermal_zone5:74
therm:thermal_zone6:74
=== IRQ_END 14:31:47 ===
           CPU0       CPU1       CPU2       CPU3       
  4:    3933446    2823600    2665033    3791406     GIC-0  20 Level     arch_timer
  6:          0          0          0          0     GIC-0  39 Level     arch_mem_timer
  8:          0          0          0          0     GIC-0  23 Level     arm-pmu
  9:          0          0          0          0     GIC-0 239 Level     bam_dma
 11:        273          0          0          0     GIC-0 270 Level     bam_dma
 13:          7          0          0          0     GIC-0 338 Level     msm_serial0
 14:      12353          0          0          0     GIC-0 127 Level     78b5000.spi
 15:      63175          0          0          0     GIC-0 178 Level     bam_dma
 17:          0          0          0          0     GIC-0 410 Level     edma_txcmpl
 18:          0          0          0          0     GIC-0 386 Level     edma_rxfill
 19:          0          0          0          0     GIC-0 378 Level     edma_rxdesc
 20:          0          0          0          0     GIC-0 411 Level     edma_misc
 21:   10599047          0          0          0     GIC-0 434 Edge      nss_empty_buf_sos
 22:   12505702          0          0          0     GIC-0 433 Edge      nss_empty_buf_queue
 23:          0          0          0          0     GIC-0 432 Edge      nss-tx-unblock
 24:  149125286          0          0          0     GIC-0 431 Edge      nss_queue0
 25:          0   70009983          0          0     GIC-0 430 Edge      nss_queue1
 26:          0          0   68563640          0     GIC-0 429 Edge      nss_queue2
 27:          0          0          0   68116161     GIC-0 428 Edge      nss_queue3
 28:          0          0          0          0     GIC-0 427 Edge      nss_coredump_complete
 29:          0          0          0          0     GIC-0 426 Edge      nss_paged_empty_buf_sos
 30:          0          0          0          0     GIC-0 425 Edge      nss_profile_dma
 32:          0          0          0          0     GIC-0  35 Edge      wdt_bark
 33:          0          0          0          0     GIC-0 357 Edge      q6v5 wdog
 37:          4          0          0          0     GIC-0 348 Edge      ce0
 38:   46526635          0          0          0     GIC-0 347 Edge      ce1
 39:      83638          0          0          0     GIC-0 346 Edge      ce2
 40:     166189          0          0          0     GIC-0 343 Edge      ce3
 42:          0          0          0          0     GIC-0 443 Edge      ce5
 44:          1          0          0          0     GIC-0  72 Edge      ce7
 46:          0          0          0          0     GIC-0 334 Edge      ce9
 47:          0          0          0          0     GIC-0 333 Edge      ce10
 48:          0          0          0          0     GIC-0  69 Edge      ce11
 55:          0          0          0          0     GIC-0 323 Edge      reo2ost-exception
 56:    4032971          0          0          0     GIC-0 322 Edge      wbm2host-rx-release
 57:       2510          0          0          0     GIC-0 321 Edge      reo2host-status
 58:    4916493          0          0          0     GIC-0 320 Edge      reo2host-destination-ring4
 59:    4915580          0          0          0     GIC-0 271 Edge      reo2host-destination-ring3
 60:    4922543          0          0          0     GIC-0 268 Edge      reo2host-destination-ring2
 61:    7591979          0          0          0     GIC-0 267 Edge      reo2host-destination-ring1
 66:        175          0          0          0     GIC-0 262 Edge      ppdu-end-interrupts-mac2
 67:   21583218          0          0          0     GIC-0 261 Edge      ppdu-end-interrupts-mac1
 69:          1          0          0          0     GIC-0 256 Edge      rxdma2host-monitor-status-ring-mac2
 70:          1          0          0          0     GIC-0 255 Edge      rxdma2host-monitor-status-ring-mac1
 72:          1          0          0          0     GIC-0 215 Edge      host2rxdma-host-buf-ring-mac2
 73:         14          0          0          0     GIC-0 212 Edge      host2rxdma-host-buf-ring-mac1
 75:          0          0          0          0     GIC-0 210 Edge      rxdma2host-destination-ring-mac2
 76:          0          0          0          0     GIC-0 209 Edge      rxdma2host-destination-ring-mac1
 82:    7716703          0          0          0     GIC-0 191 Edge      wbm2host-tx-completions-ring3
 83:    7029853          0          0          0     GIC-0 190 Edge      wbm2host-tx-completions-ring2
 84:    4911417          0          0          0     GIC-0 189 Edge      wbm2host-tx-completions-ring1
 86:          0          0          0          0     GIC-0 198 Edge      tmc-etr
 87:          0          0          0          0     GIC-0 216 Edge      tsens_interrupt
 88:          4          0          0          0     GIC-0  47 Edge      cpr3
 89:          4          0          0          0     GIC-0 354 Edge      smp2p
 90:         24          0          0          0     GIC-0 200 Edge      glink-native
 91:          0          0          0          0     GIC-0 276 Edge      tzerror
 94:          0          0          0          0     smp2p   0 Edge      q6v5 fatal
 95:          2          0          0          0     smp2p   1 Edge      q6v5 ready
 96:          0          0          0          0     smp2p   2 Edge      q6v5 handover
 97:          0          0          0          0     smp2p   3 Edge      q6v5 stop
 98:          0          0          0          0   msmgpio  19 Edge      soc:gpio_keys
 99:          0          0          0          0     GIC-0 131 Level     xhci-hcd:usb1
100:          0          0          0          0     GIC-0 172 Level     xhci-hcd:usb3
101:        129          0          0          0     GIC-0 353 Edge      glink-native
IPI0:  48005190   78005217   77344121   82278209       Rescheduling interrupts
IPI1:      3816       4023       3681       3820       Function call interrupts
IPI2:         0          0          0          0       CPU stop interrupts
IPI3:         0          0          0          0       CPU stop (for crash dump) interrupts
IPI4:         0          0          0          0       Timer broadcast interrupts
IPI5:         0          0          0          0       IRQ work interrupts
IPI6:         0          0          0          0       CPU wake-up interrupts
Err:          0
