# dut sample interval=1s duration=30s host=e49d73e1b838 kernel=5.4.164
=== IRQ_START 14:22:14 ===
           CPU0       CPU1       CPU2       CPU3       
  4:    3899161    2798992    2642789    3760396     GIC-0  20 Level     arch_timer
  6:          0          0          0          0     GIC-0  39 Level     arch_mem_timer
  8:          0          0          0          0     GIC-0  23 Level     arm-pmu
  9:          0          0          0          0     GIC-0 239 Level     bam_dma
 11:        273          0          0          0     GIC-0 270 Level     bam_dma
 13:          7          0          0          0     GIC-0 338 Level     msm_serial0
 14:      12353          0          0          0     GIC-0 127 Level     78b5000.spi
 15:      63155          0          0          0     GIC-0 178 Level     bam_dma
 17:          0          0          0          0     GIC-0 410 Level     edma_txcmpl
 18:          0          0          0          0     GIC-0 386 Level     edma_rxfill
 19:          0          0          0          0     GIC-0 378 Level     edma_rxdesc
 20:          0          0          0          0     GIC-0 411 Level     edma_misc
 21:   10315818          0          0          0     GIC-0 434 Edge      nss_empty_buf_sos
 22:   12503468          0          0          0     GIC-0 433 Edge      nss_empty_buf_queue
 23:          0          0          0          0     GIC-0 432 Edge      nss-tx-unblock
 24:  144755279          0          0          0     GIC-0 431 Edge      nss_queue0
 25:          0   68593137          0          0     GIC-0 430 Edge      nss_queue1
 26:          0          0   67042047          0     GIC-0 429 Edge      nss_queue2
 27:          0          0          0   66668799     GIC-0 428 Edge      nss_queue3
 28:          0          0          0          0     GIC-0 427 Edge      nss_coredump_complete
 29:          0          0          0          0     GIC-0 426 Edge      nss_paged_empty_buf_sos
 30:          0          0          0          0     GIC-0 425 Edge      nss_profile_dma
 32:          0          0          0          0     GIC-0  35 Edge      wdt_bark
 33:          0          0          0          0     GIC-0 357 Edge      q6v5 wdog
 37:          4          0          0          0     GIC-0 348 Edge      ce0
 38:   46010112          0          0          0     GIC-0 347 Edge      ce1
 39:      83393          0          0          0     GIC-0 346 Edge      ce2
 40:     165372          0          0          0     GIC-0 343 Edge      ce3
 42:          0          0          0          0     GIC-0 443 Edge      ce5
 44:          1          0          0          0     GIC-0  72 Edge      ce7
 46:          0          0          0          0     GIC-0 334 Edge      ce9
 47:          0          0          0          0     GIC-0 333 Edge      ce10
 48:          0          0          0          0     GIC-0  69 Edge      ce11
 55:          0          0          0          0     GIC-0 323 Edge      reo2ost-exception
 56:    4004946          0          0          0     GIC-0 322 Edge      wbm2host-rx-release
 57:       2510          0          0          0     GIC-0 321 Edge      reo2host-status
 58:    4832688          0          0          0     GIC-0 320 Edge      reo2host-destination-ring4
 59:    4834720          0          0          0     GIC-0 271 Edge      reo2host-destination-ring3
 60:    4840225          0          0          0     GIC-0 268 Edge      reo2host-destination-ring2
 61:    7509162          0          0          0     GIC-0 267 Edge      reo2host-destination-ring1
 66:        174          0          0          0     GIC-0 262 Edge      ppdu-end-interrupts-mac2
 67:   21316371          0          0          0     GIC-0 261 Edge      ppdu-end-interrupts-mac1
 69:          1          0          0          0     GIC-0 256 Edge      rxdma2host-monitor-status-ring-mac2
 70:          1          0          0          0     GIC-0 255 Edge      rxdma2host-monitor-status-ring-mac1
 72:          1          0          0          0     GIC-0 215 Edge      host2rxdma-host-buf-ring-mac2
 73:         14          0          0          0     GIC-0 212 Edge      host2rxdma-host-buf-ring-mac1
 75:          0          0          0          0     GIC-0 210 Edge      rxdma2host-destination-ring-mac2
 76:          0          0          0          0     GIC-0 209 Edge      rxdma2host-destination-ring-mac1
 82:    7582028          0          0          0     GIC-0 191 Edge      wbm2host-tx-completions-ring3
 83:    6936667          0          0          0     GIC-0 190 Edge      wbm2host-tx-completions-ring2
 84:    4818429          0          0          0     GIC-0 189 Edge      wbm2host-tx-completions-ring1
 86:          0          0          0          0     GIC-0 198 Edge      tmc-etr
 87:          0          0          0          0     GIC-0 216 Edge      tsens_interrupt
 88:          4          0          0          0     GIC-0  47 Edge      cpr3
 89:          4          0          0          0     GIC-0 354 Edge      smp2p
 90:         24          0          0          0     GIC-0 200 Edge      glink-native
 91:          0          0          0          0     GIC-0 276 Edge      tzerror
 94:          0          0          0          0     smp2p   0 Edge      q6v5 fatal
 95:          2          0          0          0     smp2p   1 Edge      q6v5 ready
 96:          0          0          0          0     smp2p   2 Edge      q6v5 handover
 97:          0          0          0          0     smp2p   3 Edge      q6v5 stop
 98:          0          0          0          0   msmgpio  19 Edge      soc:gpio_keys
 99:          0          0          0          0     GIC-0 131 Level     xhci-hcd:usb1
100:          0          0          0          0     GIC-0 172 Level     xhci-hcd:usb3
101:        129          0          0          0     GIC-0 353 Edge      glink-native
IPI0:  47032972   76391065   75027820   79794748       Rescheduling interrupts
IPI1:      3816       4023       3681       3820       Function call interrupts
IPI2:         0          0          0          0       CPU stop interrupts
IPI3:         0          0          0          0       CPU stop (for crash dump) interrupts
IPI4:         0          0          0          0       Timer broadcast interrupts
IPI5:         0          0          0          0       IRQ work interrupts
IPI6:         0          0          0          0       CPU wake-up interrupts
Err:          0
=== TICKS ===
--- 14:22:14 ---
cpu  37438 0 4067650 25511151 123 157433 83205 0 0 0
cpu0 8764 0 863875 6426419 50 79635 74521 0 0 0
cpu1 9088 0 1364682 6066247 16 26198 2344 0 0 0
cpu2 10027 0 855343 6574137 28 25341 2739 0 0 0
cpu3 9558 0 983749 6444347 28 26258 3599 0 0 0
MemTotal:         901568 kB
MemFree:          658808 kB
MemAvailable:     684416 kB
Buffers:           10984 kB
Cached:            53384 kB
freq:cpu0:1800000
freq:cpu1:1800000
freq:cpu2:1800000
freq:cpu3:1800000
therm:thermal_zone0:72
therm:thermal_zone1:72
therm:thermal_zone2:71
therm:thermal_zone3:71
therm:thermal_zone4:72
therm:thermal_zone5:72
therm:thermal_zone6:72
--- 14:22:15 ---
cpu  37439 0 4067677 25511523 123 157436 83206 0 0 0
cpu0 8764 0 863883 6426509 50 79637 74522 0 0 0
cpu1 9088 0 1364685 6066345 16 26198 2344 0 0 0
cpu2 10027 0 855353 6574226 28 25341 2739 0 0 0
cpu3 9559 0 983753 6444441 28 26258 3599 0 0 0
MemTotal:         901568 kB
MemFree:          658872 kB
MemAvailable:     684480 kB
Buffers:           10984 kB
Cached:            53360 kB
freq:cpu0:1800000
freq:cpu1:1800000
freq:cpu2:1800000
freq:cpu3:1800000
therm:thermal_zone0:72
therm:thermal_zone1:72
therm:thermal_zone2:71
therm:thermal_zone3:71
therm:thermal_zone4:73
therm:thermal_zone5:71
therm:thermal_zone6:72
--- 14:22:16 ---
cpu  37441 0 4067770 25511826 123 157442 83208 0 0 0
cpu0 8765 0 863909 6426587 50 79640 74524 0 0 0
cpu1 9089 0 1364706 6066424 16 26199 2344 0 0 0
cpu2 10027 0 855385 6574297 28 25343 2739 0 0 0
cpu3 9559 0 983769 6444517 28 26259 3599 0 0 0
MemTotal:         901568 kB
MemFree:          658132 kB
MemAvailable:     683740 kB
Buffers:           10984 kB
Cached:            53360 kB
freq:cpu0:1800000
freq:cpu1:1800000
freq:cpu2:1800000
freq:cpu3:1800000
therm:thermal_zone0:73
therm:thermal_zone1:73
therm:thermal_zone2:72
therm:thermal_zone3:71
therm:thermal_zone4:74
therm:thermal_zone5:72
therm:thermal_zone6:72
--- 14:22:17 ---
cpu  37443 0 4067874 25512106 123 157451 83212 0 0 0
cpu0 8765 0 863935 6426655 50 79644 74526 0 0 0
cpu1 9089 0 1364733 6066497 16 26201 2345 0 0 0
cpu2 10028 0 855412 6574362 28 25345 2739 0 0 0
cpu3 9559 0 983793 6444590 28 26260 3600 0 0 0
MemTotal:         901568 kB
MemFree:          658888 kB
MemAvailable:     684496 kB
Buffers:           10984 kB
Cached:            53364 kB
freq:cpu0:1800000
freq:cpu1:1800000
freq:cpu2:1800000
freq:cpu3:1800000
therm:thermal_zone0:73
therm:thermal_zone1:73
therm:thermal_zone2:72
therm:thermal_zone3:71
therm:thermal_zone4:73
therm:thermal_zone5:72
therm:thermal_zone6:73
--- 14:22:19 ---
cpu  37444 0 4067979 25512383 123 157460 83214 0 0 0
cpu0 8765 0 863958 6426725 50 79648 74528 0 0 0
cpu1 9090 0 1364754 6066569 16 26202 2345 0 0 0
cpu2 10028 0 855442 6574427 28 25346 2739 0 0 0
cpu3 9559 0 983823 6444661 28 26262 3600 0 0 0
MemTotal:         901568 kB
MemFree:          658636 kB
MemAvailable:     684244 kB
Buffers:           10984 kB
Cached:            53364 kB
freq:cpu0:1800000
freq:cpu1:1800000
freq:cpu2:1800000
freq:cpu3:1800000
therm:thermal_zone0:73
therm:thermal_zone1:73
therm:thermal_zone2:72
therm:thermal_zone3:72
therm:thermal_zone4:74
therm:thermal_zone5:72
therm:thermal_zone6:73
--- 14:22:20 ---
cpu  37445 0 4068081 25512665 123 157468 83216 0 0 0
cpu0 8765 0 863980 6426794 50 79652 74530 0 0 0
cpu1 9091 0 1364781 6066644 16 26203 2345 0 0 0
cpu2 10028 0 855474 6574492 28 25348 2739 0 0 0
cpu3 9559 0 983844 6444734 28 26263 3601 0 0 0
MemTotal:         901568 kB
MemFree:          659140 kB
MemAvailable:     684748 kB
Buffers:           10984 kB
Cached:            53364 kB
freq:cpu0:1800000
freq:cpu1:1800000
freq:cpu2:1800000
freq:cpu3:1800000
therm:thermal_zone0:73
therm:thermal_zone1:74
therm:thermal_zone2:72
therm:thermal_zone3:72
therm:thermal_zone4:74
therm:thermal_zone5:72
therm:thermal_zone6:73
--- 14:22:21 ---
cpu  37446 0 4068201 25512946 123 157476 83218 0 0 0
cpu0 8766 0 864005 6426862 50 79656 74532 0 0 0
cpu1 9091 0 1364812 6066717 16 26205 2345 0 0 0
cpu2 10028 0 855505 6574557 28 25350 2739 0 0 0
cpu3 9559 0 983878 6444808 28 26264 3601 0 0 0
MemTotal:         901568 kB
MemFree:          658572 kB
MemAvailable:     684180 kB
Buffers:           10984 kB
Cached:            53364 kB
freq:cpu0:1800000
freq:cpu1:1800000
freq:cpu2:1800000
freq:cpu3:1800000
therm:thermal_zone0:73
therm:thermal_zone1:73
therm:thermal_zone2:72
therm:thermal_zone3:72
therm:thermal_zone4:74
therm:thermal_zone5:72
therm:thermal_zone6:73
--- 14:22:22 ---
cpu  37446 0 4068321 25513230 123 157484 83220 0 0 0
cpu0 8766 0 864028 6426929 50 79660 74534 0 0 0
cpu1 9091 0 1364838 6066795 16 26206 2345 0 0 0
cpu2 10028 0 855539 6574622 28 25352 2739 0 0 0
cpu3 9559 0 983914 6444882 28 26266 3601 0 0 0
MemTotal:         901568 kB
MemFree:          659140 kB
MemAvailable:     684748 kB
Buffers:           10984 kB
Cached:            53364 kB
freq:cpu0:1800000
freq:cpu1:1800000
freq:cpu2:1800000
freq:cpu3:1800000
therm:thermal_zone0:73
therm:thermal_zone1:74
therm:thermal_zone2:72
therm:thermal_zone3:72
therm:thermal_zone4:74
therm:thermal_zone5:72
therm:thermal_zone6:73
--- 14:22:23 ---
cpu  37448 0 4068433 25513508 123 157493 83222 0 0 0
cpu0 8766 0 864052 6426999 50 79663 74536 0 0 0
cpu1 9092 0 1364864 6066868 16 26207 2345 0 0 0
cpu2 10028 0 855570 6574687 28 25354 2739 0 0 0
cpu3 9559 0 983946 6444952 28 26267 3601 0 0 0
MemTotal:         901568 kB
MemFree:          659140 kB
MemAvailable:     684748 kB
Buffers:           10984 kB
Cached:            53364 kB
freq:cpu0:1800000
freq:cpu1:1800000
freq:cpu2:1800000
freq:cpu3:1800000
therm:thermal_zone0:73
therm:thermal_zone1:74
therm:thermal_zone2:72
therm:thermal_zone3:72
therm:thermal_zone4:74
therm:thermal_zone5:72
therm:thermal_zone6:73
--- 14:22:24 ---
cpu  37448 0 4068545 25513789 123 157501 83224 0 0 0
cpu0 8766 0 864073 6427070 50 79667 74538 0 0 0
cpu1 9092 0 1364902 6066939 16 26209 2345 0 0 0
cpu2 10028 0 855604 6574753 28 25356 2739 0 0 0
cpu3 9559 0 983965 6445025 28 26268 3601 0 0 0
MemTotal:         901568 kB
MemFree:          658888 kB
MemAvailable:     684496 kB
Buffers:           10984 kB
Cached:            53364 kB
freq:cpu0:1800000
freq:cpu1:1800000
freq:cpu2:1800000
freq:cpu3:1800000
therm:thermal_zone0:73
therm:thermal_zone1:74
therm:thermal_zone2:72
therm:thermal_zone3:72
therm:thermal_zone4:74
therm:thermal_zone5:72
therm:thermal_zone6:73
--- 14:22:25 ---
cpu  37448 0 4068673 25514071 123 157510 83226 0 0 0
cpu0 8766 0 864108 6427137 50 79671 74540 0 0 0
cpu1 9092 0 1364934 6067013 16 26210 2345 0 0 0
cpu2 10028 0 855636 6574819 28 25358 2739 0 0 0
cpu3 9559 0 983994 6445101 28 26269 3601 0 0 0
MemTotal:         901568 kB
MemFree:          658888 kB
MemAvailable:     684496 kB
Buffers:           10984 kB
Cached:            53368 kB
freq:cpu0:1800000
freq:cpu1:1800000
freq:cpu2:1800000
freq:cpu3:1800000
therm:thermal_zone0:73
therm:thermal_zone1:74
therm:thermal_zone2:72
therm:thermal_zone3:72
therm:thermal_zone4:74
therm:thermal_zone5:72
therm:thermal_zone6:73
--- 14:22:26 ---
cpu  37451 0 4068785 25514353 123 157518 83229 0 0 0
cpu0 8768 0 864136 6427205 50 79675 74542 0 0 0
cpu1 9092 0 1364965 6067085 16 26211 2345 0 0 0
cpu2 10028 0 855665 6574884 28 25360 2739 0 0 0
cpu3 9560 0 984018 6445178 28 26271 3601 0 0 0
MemTotal:         901568 kB
MemFree:          659072 kB
MemAvailable:     684680 kB
Buffers:           10984 kB
Cached:            53368 kB
freq:cpu0:1800000
freq:cpu1:1800000
freq:cpu2:1800000
freq:cpu3:1800000
therm:thermal_zone0:73
therm:thermal_zone1:74
therm:thermal_zone2:72
therm:thermal_zone3:72
therm:thermal_zone4:74
therm:thermal_zone5:72
therm:thermal_zone6:73
--- 14:22:27 ---
cpu  37451 0 4068896 25514636 123 157526 83231 0 0 0
cpu0 8769 0 864157 6427274 50 79679 74544 0 0 0
cpu1 9092 0 1364986 6067165 16 26213 2345 0 0 0
cpu2 10028 0 855696 6574949 28 25361 2739 0 0 0
cpu3 9560 0 984056 6445246 28 26272 3601 0 0 0
MemTotal:         901568 kB
MemFree:          658636 kB
MemAvailable:     684244 kB
Buffers:           10984 kB
Cached:            53368 kB
freq:cpu0:1800000
freq:cpu1:1800000
freq:cpu2:1800000
freq:cpu3:1800000
therm:thermal_zone0:73
therm:thermal_zone1:74
therm:thermal_zone2:72
therm:thermal_zone3:72
therm:thermal_zone4:74
therm:thermal_zone5:73
therm:thermal_zone6:73
--- 14:22:28 ---
cpu  37452 0 4069008 25514917 123 157535 83233 0 0 0
cpu0 8769 0 864184 6427343 50 79683 74546 0 0 0
cpu1 9093 0 1365012 6067235 16 26214 2345 0 0 0
cpu2 10028 0 855729 6575015 28 25363 2739 0 0 0
cpu3 9560 0 984081 6445323 28 26273 3601 0 0 0
MemTotal:         901568 kB
MemFree:          659140 kB
MemAvailable:     684748 kB
Buffers:           10984 kB
Cached:            53368 kB
freq:cpu0:1800000
freq:cpu1:1800000
freq:cpu2:1800000
freq:cpu3:1800000
therm:thermal_zone0:73
therm:thermal_zone1:74
therm:thermal_zone2:72
therm:thermal_zone3:72
therm:thermal_zone4:74
therm:thermal_zone5:73
therm:thermal_zone6:73
--- 14:22:29 ---
cpu  37453 0 4069120 25515199 123 157543 83235 0 0 0
cpu0 8769 0 864217 6427412 50 79686 74547 0 0 0
cpu1 9093 0 1365036 6067307 16 26215 2345 0 0 0
cpu2 10029 0 855766 6575079 28 25365 2739 0 0 0
cpu3 9560 0 984099 6445400 28 26275 3601 0 0 0
MemTotal:         901568 kB
MemFree:          659392 kB
MemAvailable:     685000 kB
Buffers:           10984 kB
Cached:            53368 kB
freq:cpu0:1800000
freq:cpu1:1800000
freq:cpu2:1800000
freq:cpu3:1800000
therm:thermal_zone0:73
therm:thermal_zone1:74
therm:thermal_zone2:72
therm:thermal_zone3:72
therm:thermal_zone4:74
therm:thermal_zone5:73
therm:thermal_zone6:73
--- 14:22:30 ---
cpu  37453 0 4069239 25515481 123 157552 83237 0 0 0
cpu0 8769 0 864246 6427480 50 79690 74549 0 0 0
cpu1 9093 0 1365073 6067378 16 26217 2345 0 0 0
cpu2 10029 0 855800 6575145 28 25367 2739 0 0 0
cpu3 9560 0 984120 6445477 28 26276 3601 0 0 0
MemTotal:         901568 kB
MemFree:          659392 kB
MemAvailable:     685000 kB
Buffers:           10984 kB
Cached:            53368 kB
freq:cpu0:1800000
freq:cpu1:1800000
freq:cpu2:1800000
freq:cpu3:1800000
therm:thermal_zone0:73
therm:thermal_zone1:73
therm:thermal_zone2:72
therm:thermal_zone3:72
therm:thermal_zone4:74
therm:thermal_zone5:72
therm:thermal_zone6:73
--- 14:22:31 ---
cpu  37454 0 4069349 25515765 123 157560 83239 0 0 0
cpu0 8769 0 864269 6427551 50 79694 74551 0 0 0
cpu1 9093 0 1365100 6067452 16 26218 2345 0 0 0
cpu2 10029 0 855828 6575211 28 25369 2740 0 0 0
cpu3 9561 0 984151 6445550 28 26278 3601 0 0 0
MemTotal:         901568 kB
MemFree:          659392 kB
MemAvailable:     685000 kB
Buffers:           10984 kB
Cached:            53372 kB
freq:cpu0:1800000
freq:cpu1:1800000
freq:cpu2:1800000
freq:cpu3:1800000
therm:thermal_zone0:73
therm:thermal_zone1:74
therm:thermal_zone2:72
therm:thermal_zone3:72
therm:thermal_zone4:74
therm:thermal_zone5:73
therm:thermal_zone6:73
--- 14:22:32 ---
cpu  37461 0 4069483 25516032 123 157569 83241 0 0 0
cpu0 8770 0 864299 6427619 50 79698 74553 0 0 0
cpu1 9099 0 1365134 6067520 16 26219 2346 0 0 0
cpu2 10029 0 855860 6575274 28 25371 2740 0 0 0
cpu3 9561 0 984189 6445618 28 26279 3601 0 0 0
MemTotal:         901568 kB
MemFree:          658996 kB
MemAvailable:     684660 kB
Buffers:           10984 kB
Cached:            53372 kB
freq:cpu0:1800000
freq:cpu1:1800000
freq:cpu2:1800000
freq:cpu3:1800000
therm:thermal_zone0:74
therm:thermal_zone1:74
therm:thermal_zone2:72
therm:thermal_zone3:72
therm:thermal_zone4:74
therm:thermal_zone5:73
therm:thermal_zone6:73
--- 14:22:33 ---
cpu  37463 0 4069583 25516315 123 157577 83243 0 0 0
cpu0 8770 0 864315 6427692 50 79702 74555 0 0 0
cpu1 9099 0 1365155 6067592 16 26221 2346 0 0 0
cpu2 10030 0 855892 6575339 28 25373 2740 0 0 0
cpu3 9562 0 984220 6445690 28 26281 3601 0 0 0
MemTotal:         901568 kB
MemFree:          658856 kB
MemAvailable:     684480 kB
Buffers:           10984 kB
Cached:            53372 kB
freq:cpu0:1800000
freq:cpu1:1800000
freq:cpu2:1800000
freq:cpu3:1800000
therm:thermal_zone0:73
therm:thermal_zone1:73
therm:thermal_zone2:72
therm:thermal_zone3:72
therm:thermal_zone4:74
therm:thermal_zone5:73
therm:thermal_zone6:73
--- 14:22:34 ---
cpu  37464 0 4069701 25516595 123 157586 83245 0 0 0
cpu0 8771 0 864338 6427764 50 79705 74557 0 0 0
cpu1 9099 0 1365181 6067663 16 26222 2346 0 0 0
cpu2 10030 0 855934 6575404 28 25375 2740 0 0 0
cpu3 9562 0 984247 6445762 28 26282 3602 0 0 0
MemTotal:         901568 kB
MemFree:          658856 kB
MemAvailable:     684480 kB
Buffers:           10984 kB
Cached:            53372 kB
freq:cpu0:1800000
freq:cpu1:1800000
freq:cpu2:1800000
freq:cpu3:1800000
therm:thermal_zone0:73
therm:thermal_zone1:73
therm:thermal_zone2:72
therm:thermal_zone3:72
therm:thermal_zone4:74
therm:thermal_zone5:73
therm:thermal_zone6:73
--- 14:22:35 ---
cpu  37465 0 4069812 25516881 123 157593 83248 0 0 0
cpu0 8771 0 864365 6427835 50 79709 74559 0 0 0
cpu1 9099 0 1365206 6067736 16 26223 2346 0 0 0
cpu2 10031 0 855956 6575480 28 25376 2740 0 0 0
cpu3 9562 0 984283 6445828 28 26283 3602 0 0 0
MemTotal:         901568 kB
MemFree:          659124 kB
MemAvailable:     684748 kB
Buffers:           10984 kB
Cached:            53372 kB
freq:cpu0:1800000
freq:cpu1:1800000
freq:cpu2:1800000
freq:cpu3:1800000
therm:thermal_zone0:73
therm:thermal_zone1:74
therm:thermal_zone2:72
therm:thermal_zone3:72
therm:thermal_zone4:74
therm:thermal_zone5:73
therm:thermal_zone6:73
--- 14:22:36 ---
cpu  37465 0 4069931 25517162 123 157602 83250 0 0 0
cpu0 8771 0 864397 6427899 50 79713 74561 0 0 0
cpu1 9099 0 1365237 6067811 16 26224 2346 0 0 0
cpu2 10031 0 855983 6575552 28 25378 2740 0 0 0
cpu3 9562 0 984312 6445898 28 26285 3602 0 0 0
MemTotal:         901568 kB
MemFree:          659092 kB
MemAvailable:     684716 kB
Buffers:           10984 kB
Cached:            53372 kB
freq:cpu0:1800000
freq:cpu1:1800000
freq:cpu2:1800000
freq:cpu3:1800000
therm:thermal_zone0:73
therm:thermal_zone1:74
therm:thermal_zone2:72
therm:thermal_zone3:72
therm:thermal_zone4:74
therm:thermal_zone5:73
therm:thermal_zone6:73
--- 14:22:37 ---
cpu  37466 0 4070056 25517445 123 157609 83252 0 0 0
cpu0 8771 0 864436 6427962 50 79716 74563 0 0 0
cpu1 9099 0 1365266 6067885 16 26226 2346 0 0 0
cpu2 10032 0 856012 6575625 28 25379 2740 0 0 0
cpu3 9562 0 984340 6445972 28 26286 3602 0 0 0
MemTotal:         901568 kB
MemFree:          658856 kB
MemAvailable:     684480 kB
Buffers:           10984 kB
Cached:            53372 kB
freq:cpu0:1800000
freq:cpu1:1800000
freq:cpu2:1800000
freq:cpu3:1800000
therm:thermal_zone0:73
therm:thermal_zone1:74
therm:thermal_zone2:72
therm:thermal_zone3:72
therm:thermal_zone4:74
therm:thermal_zone5:73
therm:thermal_zone6:73
--- 14:22:38 ---
cpu  37466 0 4070167 25517727 123 157617 83254 0 0 0
cpu0 8771 0 864467 6428024 50 79720 74565 0 0 0
cpu1 9099 0 1365294 6067959 16 26227 2346 0 0 0
cpu2 10032 0 856041 6575697 28 25381 2740 0 0 0
cpu3 9562 0 984363 6446046 28 26288 3602 0 0 0
MemTotal:         901568 kB
MemFree:          658872 kB
MemAvailable:     684496 kB
Buffers:           10984 kB
Cached:            53372 kB
freq:cpu0:1800000
freq:cpu1:1800000
freq:cpu2:1800000
freq:cpu3:1800000
therm:thermal_zone0:73
therm:thermal_zone1:74
therm:thermal_zone2:73
therm:thermal_zone3:72
therm:thermal_zone4:74
therm:thermal_zone5:73
therm:thermal_zone6:73
--- 14:22:39 ---
cpu  37467 0 4070294 25518010 123 157625 83256 0 0 0
cpu0 8771 0 864506 6428086 50 79723 74567 0 0 0
cpu1 9100 0 1365327 6068030 16 26228 2346 0 0 0
cpu2 10032 0 856070 6575770 28 25383 2740 0 0 0
cpu3 9562 0 984389 6446124 28 26289 3602 0 0 0
MemTotal:         901568 kB
MemFree:          659108 kB
MemAvailable:     684732 kB
Buffers:           10984 kB
Cached:            53376 kB
freq:cpu0:1800000
freq:cpu1:1800000
freq:cpu2:1800000
freq:cpu3:1800000
therm:thermal_zone0:73
therm:thermal_zone1:74
therm:thermal_zone2:72
therm:thermal_zone3:72
therm:thermal_zone4:74
therm:thermal_zone5:73
therm:thermal_zone6:73
--- 14:22:40 ---
cpu  37469 0 4070387 25518295 123 157633 83258 0 0 0
cpu0 8771 0 864533 6428149 50 79727 74569 0 0 0
cpu1 9100 0 1365353 6068105 16 26230 2346 0 0 0
cpu2 10032 0 856091 6575847 28 25384 2740 0 0 0
cpu3 9564 0 984409 6446193 28 26291 3602 0 0 0
MemTotal:         901568 kB
MemFree:          659108 kB
MemAvailable:     684732 kB
Buffers:           10984 kB
Cached:            53376 kB
freq:cpu0:1800000
freq:cpu1:1800000
freq:cpu2:1800000
freq:cpu3:1800000
therm:thermal_zone0:74
therm:thermal_zone1:74
therm:thermal_zone2:72
therm:thermal_zone3:72
therm:thermal_zone4:74
therm:thermal_zone5:72
therm:thermal_zone6:73
--- 14:22:41 ---
cpu  37469 0 4070490 25518577 123 157641 83260 0 0 0
cpu0 8771 0 864566 6428211 50 79731 74571 0 0 0
cpu1 9100 0 1365373 6068180 16 26231 2346 0 0 0
cpu2 10032 0 856114 6575919 28 25386 2740 0 0 0
cpu3 9564 0 984436 6446265 28 26292 3602 0 0 0
MemTotal:         901568 kB
MemFree:          659024 kB
MemAvailable:     684648 kB
Buffers:           10984 kB
Cached:            53376 kB
freq:cpu0:1800000
freq:cpu1:1800000
freq:cpu2:1800000
freq:cpu3:1800000
therm:thermal_zone0:73
therm:thermal_zone1:74
therm:thermal_zone2:72
therm:thermal_zone3:72
therm:thermal_zone4:74
therm:thermal_zone5:73
therm:thermal_zone6:73
--- 14:22:42 ---
cpu  37471 0 4070598 25518864 123 157648 83262 0 0 0
cpu0 8771 0 864584 6428289 50 79734 74573 0 0 0
cpu1 9100 0 1365398 6068253 16 26232 2346 0 0 0
cpu2 10034 0 856138 6575994 28 25387 2740 0 0 0
cpu3 9564 0 984475 6446326 28 26294 3602 0 0 0
MemTotal:         901568 kB
MemFree:          658856 kB
MemAvailable:     684480 kB
Buffers:           10984 kB
Cached:            53376 kB
freq:cpu0:1800000
freq:cpu1:1800000
freq:cpu2:1800000
freq:cpu3:1800000
therm:thermal_zone0:73
therm:thermal_zone1:74
therm:thermal_zone2:72
therm:thermal_zone3:72
therm:thermal_zone4:74
therm:thermal_zone5:73
therm:thermal_zone6:73
--- 14:22:43 ---
cpu  37473 0 4070710 25519146 123 157656 83266 0 0 0
cpu0 8771 0 864616 6428351 50 79737 74575 0 0 0
cpu1 9100 0 1365419 6068329 16 26233 2347 0 0 0
cpu2 10034 0 856168 6576067 28 25388 2740 0 0 0
cpu3 9566 0 984505 6446399 28 26295 3602 0 0 0
MemTotal:         901568 kB
MemFree:          658556 kB
MemAvailable:     684180 kB
Buffers:           10984 kB
Cached:            53376 kB
freq:cpu0:1800000
freq:cpu1:1800000
freq:cpu2:1800000
freq:cpu3:1800000
therm:thermal_zone0:73
therm:thermal_zone1:74
therm:thermal_zone2:72
therm:thermal_zone3:72
therm:thermal_zone4:74
therm:thermal_zone5:73
therm:thermal_zone6:73
=== IRQ_END 14:22:44 ===
           CPU0       CPU1       CPU2       CPU3       
  4:    3901139    2800672    2644325    3762231     GIC-0  20 Level     arch_timer
  6:          0          0          0          0     GIC-0  39 Level     arch_mem_timer
  8:          0          0          0          0     GIC-0  23 Level     arm-pmu
  9:          0          0          0          0     GIC-0 239 Level     bam_dma
 11:        273          0          0          0     GIC-0 270 Level     bam_dma
 13:          7          0          0          0     GIC-0 338 Level     msm_serial0
 14:      12353          0          0          0     GIC-0 127 Level     78b5000.spi
 15:      63175          0          0          0     GIC-0 178 Level     bam_dma
 17:          0          0          0          0     GIC-0 410 Level     edma_txcmpl
 18:          0          0          0          0     GIC-0 386 Level     edma_rxfill
 19:          0          0          0          0     GIC-0 378 Level     edma_rxdesc
 20:          0          0          0          0     GIC-0 411 Level     edma_misc
 21:   10334615          0          0          0     GIC-0 434 Edge      nss_empty_buf_sos
 22:   12503477          0          0          0     GIC-0 433 Edge      nss_empty_buf_queue
 23:          0          0          0          0     GIC-0 432 Edge      nss-tx-unblock
 24:  145040622          0          0          0     GIC-0 431 Edge      nss_queue0
 25:          0   68707580          0          0     GIC-0 430 Edge      nss_queue1
 26:          0          0   67162343          0     GIC-0 429 Edge      nss_queue2
 27:          0          0          0   66791436     GIC-0 428 Edge      nss_queue3
 28:          0          0          0          0     GIC-0 427 Edge      nss_coredump_complete
 29:          0          0          0          0     GIC-0 426 Edge      nss_paged_empty_buf_sos
 30:          0          0          0          0     GIC-0 425 Edge      nss_profile_dma
 32:          0          0          0          0     GIC-0  35 Edge      wdt_bark
 33:          0          0          0          0     GIC-0 357 Edge      q6v5 wdog
 37:          4          0          0          0     GIC-0 348 Edge      ce0
 38:   46042535          0          0          0     GIC-0 347 Edge      ce1
 39:      83408          0          0          0     GIC-0 346 Edge      ce2
 40:     165408          0          0          0     GIC-0 343 Edge      ce3
 42:          0          0          0          0     GIC-0 443 Edge      ce5
 44:          1          0          0          0     GIC-0  72 Edge      ce7
 46:          0          0          0          0     GIC-0 334 Edge      ce9
 47:          0          0          0          0     GIC-0 333 Edge      ce10
 48:          0          0          0          0     GIC-0  69 Edge      ce11
 55:          0          0          0          0     GIC-0 323 Edge      reo2ost-exception
 56:    4006361          0          0          0     GIC-0 322 Edge      wbm2host-rx-release
 57:       2510          0          0          0     GIC-0 321 Edge      reo2host-status
 58:    4838724          0          0          0     GIC-0 320 Edge      reo2host-destination-ring4
 59:    4838889          0          0          0     GIC-0 271 Edge      reo2host-destination-ring3
 60:    4845229          0          0          0     GIC-0 268 Edge      reo2host-destination-ring2
 61:    7514665          0          0          0     GIC-0 267 Edge      reo2host-destination-ring1
 66:        174          0          0          0     GIC-0 262 Edge      ppdu-end-interrupts-mac2
 67:   21331414          0          0          0     GIC-0 261 Edge      ppdu-end-interrupts-mac1
 69:          1          0          0          0     GIC-0 256 Edge      rxdma2host-monitor-status-ring-mac2
 70:          1          0          0          0     GIC-0 255 Edge      rxdma2host-monitor-status-ring-mac1
 72:          1          0          0          0     GIC-0 215 Edge      host2rxdma-host-buf-ring-mac2
 73:         14          0          0          0     GIC-0 212 Edge      host2rxdma-host-buf-ring-mac1
 75:          0          0          0          0     GIC-0 210 Edge      rxdma2host-destination-ring-mac2
 76:          0          0          0          0     GIC-0 209 Edge      rxdma2host-destination-ring-mac1
 82:    7590759          0          0          0     GIC-0 191 Edge      wbm2host-tx-completions-ring3
 83:    6943785          0          0          0     GIC-0 190 Edge      wbm2host-tx-completions-ring2
 84:    4825039          0          0          0     GIC-0 189 Edge      wbm2host-tx-completions-ring1
 86:          0          0          0          0     GIC-0 198 Edge      tmc-etr
 87:          0          0          0          0     GIC-0 216 Edge      tsens_interrupt
 88:          4          0          0          0     GIC-0  47 Edge      cpr3
 89:          4          0          0          0     GIC-0 354 Edge      smp2p
 90:         24          0          0          0     GIC-0 200 Edge      glink-native
 91:          0          0          0          0     GIC-0 276 Edge      tzerror
 94:          0          0          0          0     smp2p   0 Edge      q6v5 fatal
 95:          2          0          0          0     smp2p   1 Edge      q6v5 ready
 96:          0          0          0          0     smp2p   2 Edge      q6v5 handover
 97:          0          0          0          0     smp2p   3 Edge      q6v5 stop
 98:          0          0          0          0   msmgpio  19 Edge      soc:gpio_keys
 99:          0          0          0          0     GIC-0 131 Level     xhci-hcd:usb1
100:          0          0          0          0     GIC-0 172 Level     xhci-hcd:usb3
101:        129          0          0          0     GIC-0 353 Edge      glink-native
IPI0:  47108185   76481693   75260955   79883552       Rescheduling interrupts
IPI1:      3816       4023       3681       3820       Function call interrupts
IPI2:         0          0          0          0       CPU stop interrupts
IPI3:         0          0          0          0       CPU stop (for crash dump) interrupts
IPI4:         0          0          0          0       Timer broadcast interrupts
IPI5:         0          0          0          0       IRQ work interrupts
IPI6:         0          0          0          0       CPU wake-up interrupts
Err:          0
