# dut sample interval=1s duration=30s host=e49d73e1b838 kernel=5.4.164
=== IRQ_START 14:58:03 ===
           CPU0       CPU1       CPU2       CPU3       
  4:    4030772    2890194    2728514    3881349     GIC-0  20 Level     arch_timer
  6:          0          0          0          0     GIC-0  39 Level     arch_mem_timer
  8:          0          0          0          0     GIC-0  23 Level     arm-pmu
  9:          0          0          0          0     GIC-0 239 Level     bam_dma
 11:        273          0          0          0     GIC-0 270 Level     bam_dma
 13:          7          0          0          0     GIC-0 338 Level     msm_serial0
 14:      12353          0          0          0     GIC-0 127 Level     78b5000.spi
 15:      63275          0          0          0     GIC-0 178 Level     bam_dma
 17:          0          0          0          0     GIC-0 410 Level     edma_txcmpl
 18:          0          0          0          0     GIC-0 386 Level     edma_rxfill
 19:          0          0          0          0     GIC-0 378 Level     edma_rxdesc
 20:          0          0          0          0     GIC-0 411 Level     edma_misc
 21:   11272326          0          0          0     GIC-0 434 Edge      nss_empty_buf_sos
 22:   12514456          0          0          0     GIC-0 433 Edge      nss_empty_buf_queue
 23:          0          0          0          0     GIC-0 432 Edge      nss-tx-unblock
 24:  159087467          0          0          0     GIC-0 431 Edge      nss_queue0
 25:          0   75494612          0          0     GIC-0 430 Edge      nss_queue1
 26:          0          0   74062955          0     GIC-0 429 Edge      nss_queue2
 27:          0          0          0   73520296     GIC-0 428 Edge      nss_queue3
 28:          0          0          0          0     GIC-0 427 Edge      nss_coredump_complete
 29:          0          0          0          0     GIC-0 426 Edge      nss_paged_empty_buf_sos
 30:          0          0          0          0     GIC-0 425 Edge      nss_profile_dma
 32:          0          0          0          0     GIC-0  35 Edge      wdt_bark
 33:          0          0          0          0     GIC-0 357 Edge      q6v5 wdog
 37:          4          0          0          0     GIC-0 348 Edge      ce0
 38:   47642866          0          0          0     GIC-0 347 Edge      ce1
 39:      84311          0          0          0     GIC-0 346 Edge      ce2
 40:     168423          0          0          0     GIC-0 343 Edge      ce3
 42:          0          0          0          0     GIC-0 443 Edge      ce5
 44:          1          0          0          0     GIC-0  72 Edge      ce7
 46:          0          0          0          0     GIC-0 334 Edge      ce9
 47:          0          0          0          0     GIC-0 333 Edge      ce10
 48:          0          0          0          0     GIC-0  69 Edge      ce11
 55:          0          0          0          0     GIC-0 323 Edge      reo2ost-exception
 56:    4117136          0          0          0     GIC-0 322 Edge      wbm2host-rx-release
 57:       2510          0          0          0     GIC-0 321 Edge      reo2host-status
 58:    5121834          0          0          0     GIC-0 320 Edge      reo2host-destination-ring4
 59:    5124385          0          0          0     GIC-0 271 Edge      reo2host-destination-ring3
 60:    5129614          0          0          0     GIC-0 268 Edge      reo2host-destination-ring2
 61:    7796490          0          0          0     GIC-0 267 Edge      reo2host-destination-ring1
 66:        175          0          0          0     GIC-0 262 Edge      ppdu-end-interrupts-mac2
 67:   22121076          0          0          0     GIC-0 261 Edge      ppdu-end-interrupts-mac1
 69:          1          0          0          0     GIC-0 256 Edge      rxdma2host-monitor-status-ring-mac2
 70:          1          0          0          0     GIC-0 255 Edge      rxdma2host-monitor-status-ring-mac1
 72:          1          0          0          0     GIC-0 215 Edge      host2rxdma-host-buf-ring-mac2
 73:         14          0          0          0     GIC-0 212 Edge      host2rxdma-host-buf-ring-mac1
 75:          0          0          0          0     GIC-0 210 Edge      rxdma2host-destination-ring-mac2
 76:          0          0          0          0     GIC-0 209 Edge      rxdma2host-destination-ring-mac1
 82:    8076132          0          0          0     GIC-0 191 Edge      wbm2host-tx-completions-ring3
 83:    7326152          0          0          0     GIC-0 190 Edge      wbm2host-tx-completions-ring2
 84:    5199353          0          0          0     GIC-0 189 Edge      wbm2host-tx-completions-ring1
 86:          0          0          0          0     GIC-0 198 Edge      tmc-etr
 87:          0          0          0          0     GIC-0 216 Edge      tsens_interrupt
 88:          4          0          0          0     GIC-0  47 Edge      cpr3
 89:          4          0          0          0     GIC-0 354 Edge      smp2p
 90:         24          0          0          0     GIC-0 200 Edge      glink-native
 91:          0          0          0          0     GIC-0 276 Edge      tzerror
 94:          0          0          0          0     smp2p   0 Edge      q6v5 fatal
 95:          2          0          0          0     smp2p   1 Edge      q6v5 ready
 96:          0          0          0          0     smp2p   2 Edge      q6v5 handover
 97:          0          0          0          0     smp2p   3 Edge      q6v5 stop
 98:          0          0          0          0   msmgpio  19 Edge      soc:gpio_keys
 99:          0          0          0          0     GIC-0 131 Level     xhci-hcd:usb1
100:          0          0          0          0     GIC-0 172 Level     xhci-hcd:usb3
101:        129          0          0          0     GIC-0 353 Edge      glink-native
IPI0:  51512374   83407103   82804427   87932859       Rescheduling interrupts
IPI1:      3942       4175       3835       3964       Function call interrupts
IPI2:         0          0          0          0       CPU stop interrupts
IPI3:         0          0          0          0       CPU stop (for crash dump) interrupts
IPI4:         0          0          0          0       Timer broadcast interrupts
IPI5:         0          0          0          0       IRQ work interrupts
IPI6:         0          0          0          0       CPU wake-up interrupts
Err:          0
=== TICKS ===
--- 14:58:03 ---
cpu  39727 0 4250663 26155779 123 170167 86427 0 0 0
cpu0 9337 0 910764 6581822 50 85174 77431 0 0 0
cpu1 9748 0 1409139 6230391 16 28536 2437 0 0 0
cpu2 10621 0 900832 6736802 28 27764 2825 0 0 0
cpu3 10019 0 1029926 6606763 28 28692 3732 0 0 0
MemTotal:         901568 kB
MemFree:          548932 kB
MemAvailable:     574648 kB
Buffers:           10984 kB
Cached:            53396 kB
freq:cpu0:1800000
freq:cpu1:1800000
freq:cpu2:1800000
freq:cpu3:1800000
therm:thermal_zone0:75
therm:thermal_zone1:75
therm:thermal_zone2:74
therm:thermal_zone3:74
therm:thermal_zone4:75
therm:thermal_zone5:74
therm:thermal_zone6:74
--- 14:58:04 ---
cpu  39727 0 4250699 26156158 123 170169 86428 0 0 0
cpu0 9337 0 910770 6581914 50 85175 77432 0 0 0
cpu1 9748 0 1409148 6230487 16 28536 2437 0 0 0
cpu2 10621 0 900846 6736897 28 27764 2825 0 0 0
cpu3 10019 0 1029934 6606858 28 28692 3732 0 0 0
MemTotal:         901568 kB
MemFree:          548972 kB
MemAvailable:     574688 kB
Buffers:           10984 kB
Cached:            53372 kB
freq:cpu0:1800000
freq:cpu1:1800000
freq:cpu2:1800000
freq:cpu3:1800000
therm:thermal_zone0:75
therm:thermal_zone1:75
therm:thermal_zone2:74
therm:thermal_zone3:74
therm:thermal_zone4:75
therm:thermal_zone5:74
therm:thermal_zone6:74
--- 14:58:05 ---
cpu  39728 0 4250839 26156432 123 170176 86431 0 0 0
cpu0 9337 0 910800 6581980 50 85179 77435 0 0 0
cpu1 9748 0 1409190 6230548 16 28537 2437 0 0 0
cpu2 10622 0 900885 6736968 28 27765 2825 0 0 0
cpu3 10019 0 1029962 6606934 28 28693 3732 0 0 0
MemTotal:         901568 kB
MemFree:          548744 kB
MemAvailable:     574460 kB
Buffers:           10984 kB
Cached:            53372 kB
freq:cpu0:1800000
freq:cpu1:1800000
freq:cpu2:1800000
freq:cpu3:1800000
therm:thermal_zone0:75
therm:thermal_zone1:76
therm:thermal_zone2:74
therm:thermal_zone3:74
therm:thermal_zone4:77
therm:thermal_zone5:74
therm:thermal_zone6:75
--- 14:58:06 ---
cpu  39729 0 4251025 26156651 123 170185 86434 0 0 0
cpu0 9337 0 910842 6582038 50 85183 77438 0 0 0
cpu1 9748 0 1409254 6230585 16 28539 2437 0 0 0
cpu2 10623 0 900929 6737026 28 27767 2825 0 0 0
cpu3 10019 0 1029999 6607000 28 28694 3732 0 0 0
MemTotal:         901568 kB
MemFree:          548712 kB
MemAvailable:     574428 kB
Buffers:           10984 kB
Cached:            53376 kB
freq:cpu0:1800000
freq:cpu1:1800000
freq:cpu2:1800000
freq:cpu3:1800000
therm:thermal_zone0:76
therm:thermal_zone1:76
therm:thermal_zone2:75
therm:thermal_zone3:74
therm:thermal_zone4:77
therm:thermal_zone5:75
therm:thermal_zone6:75
--- 14:58:07 ---
cpu  39731 0 4251220 26156874 123 170193 86438 0 0 0
cpu0 9337 0 910885 6582096 50 85187 77441 0 0 0
cpu1 9748 0 1409322 6230623 16 28541 2437 0 0 0
cpu2 10624 0 900970 6737087 28 27769 2825 0 0 0
cpu3 10020 0 1030041 6607067 28 28695 3732 0 0 0
MemTotal:         901568 kB
MemFree:          548420 kB
MemAvailable:     574136 kB
Buffers:           10984 kB
Cached:            53376 kB
freq:cpu0:1800000
freq:cpu1:1800000
freq:cpu2:1800000
freq:cpu3:1800000
therm:thermal_zone0:76
therm:thermal_zone1:76
therm:thermal_zone2:75
therm:thermal_zone3:74
therm:thermal_zone4:77
therm:thermal_zone5:75
therm:thermal_zone6:75
--- 14:58:08 ---
cpu  39732 0 4251398 26157095 123 170202 86441 0 0 0
cpu0 9338 0 910922 6582155 50 85192 77444 0 0 0
cpu1 9748 0 1409384 6230660 16 28542 2437 0 0 0
cpu2 10624 0 901007 6737146 28 27770 2825 0 0 0
cpu3 10020 0 1030083 6607132 28 28697 3732 0 0 0
MemTotal:         901568 kB
MemFree:          548704 kB
MemAvailable:     574420 kB
Buffers:           10984 kB
Cached:            53376 kB
freq:cpu0:1800000
freq:cpu1:1800000
freq:cpu2:1800000
freq:cpu3:1800000
therm:thermal_zone0:76
therm:thermal_zone1:76
therm:thermal_zone2:75
therm:thermal_zone3:74
therm:thermal_zone4:77
therm:thermal_zone5:75
therm:thermal_zone6:76
--- 14:58:09 ---
cpu  39732 0 4251584 26157329 123 170210 86444 0 0 0
cpu0 9338 0 910967 6582213 50 85196 77447 0 0 0
cpu1 9748 0 1409444 6230700 16 28544 2437 0 0 0
cpu2 10624 0 901046 6737212 28 27772 2825 0 0 0
cpu3 10020 0 1030124 6607202 28 28698 3732 0 0 0
MemTotal:         901568 kB
MemFree:          548712 kB
MemAvailable:     574428 kB
Buffers:           10984 kB
Cached:            53376 kB
freq:cpu0:1800000
freq:cpu1:1800000
freq:cpu2:1800000
freq:cpu3:1800000
therm:thermal_zone0:76
therm:thermal_zone1:76
therm:thermal_zone2:75
therm:thermal_zone3:74
therm:thermal_zone4:77
therm:thermal_zone5:75
therm:thermal_zone6:76
--- 14:58:10 ---
cpu  39734 0 4251780 26157547 123 170219 86447 0 0 0
cpu0 9338 0 911014 6582270 50 85200 77450 0 0 0
cpu1 9748 0 1409506 6230738 16 28545 2437 0 0 0
cpu2 10624 0 901094 6737273 28 27773 2825 0 0 0
cpu3 10022 0 1030164 6607266 28 28699 3733 0 0 0
MemTotal:         901568 kB
MemFree:          548444 kB
MemAvailable:     574160 kB
Buffers:           10984 kB
Cached:            53376 kB
freq:cpu0:1800000
freq:cpu1:1800000
freq:cpu2:1800000
freq:cpu3:1800000
therm:thermal_zone0:76
therm:thermal_zone1:76
therm:thermal_zone2:75
therm:thermal_zone3:74
therm:thermal_zone4:77
therm:thermal_zone5:75
therm:thermal_zone6:76
--- 14:58:11 ---
cpu  39737 0 4251966 26157768 123 170228 86451 0 0 0
cpu0 9339 0 911054 6582329 50 85204 77454 0 0 0
cpu1 9748 0 1409572 6230775 16 28547 2437 0 0 0
cpu2 10625 0 901131 6737336 28 27775 2826 0 0 0
cpu3 10023 0 1030208 6607327 28 28700 3733 0 0 0
MemTotal:         901568 kB
MemFree:          548412 kB
MemAvailable:     574128 kB
Buffers:           10984 kB
Cached:            53376 kB
freq:cpu0:1800000
freq:cpu1:1800000
freq:cpu2:1800000
freq:cpu3:1800000
therm:thermal_zone0:76
therm:thermal_zone1:77
therm:thermal_zone2:75
therm:thermal_zone3:74
therm:thermal_zone4:77
therm:thermal_zone5:75
therm:thermal_zone6:76
--- 14:58:12 ---
cpu  39737 0 4252163 26157985 123 170236 86454 0 0 0
cpu0 9340 0 911094 6582385 50 85208 77457 0 0 0
cpu1 9748 0 1409637 6230811 16 28549 2437 0 0 0
cpu2 10625 0 901176 6737396 28 27776 2826 0 0 0
cpu3 10023 0 1030254 6607391 28 28701 3733 0 0 0
MemTotal:         901568 kB
MemFree:          548644 kB
MemAvailable:     574360 kB
Buffers:           10984 kB
Cached:            53376 kB
freq:cpu0:1800000
freq:cpu1:1800000
freq:cpu2:1800000
freq:cpu3:1800000
therm:thermal_zone0:76
therm:thermal_zone1:77
therm:thermal_zone2:75
therm:thermal_zone3:74
therm:thermal_zone4:77
therm:thermal_zone5:75
therm:thermal_zone6:76
--- 14:58:13 ---
cpu  39738 0 4252334 26158212 123 170245 86457 0 0 0
cpu0 9340 0 911127 6582443 50 85213 77460 0 0 0
cpu1 9748 0 1409700 6230850 16 28550 2437 0 0 0
cpu2 10625 0 901220 6737461 28 27778 2826 0 0 0
cpu3 10024 0 1030286 6607457 28 28703 3733 0 0 0
MemTotal:         901568 kB
MemFree:          548664 kB
MemAvailable:     574380 kB
Buffers:           10984 kB
Cached:            53380 kB
freq:cpu0:1800000
freq:cpu1:1800000
freq:cpu2:1800000
freq:cpu3:1800000
therm:thermal_zone0:76
therm:thermal_zone1:77
therm:thermal_zone2:75
therm:thermal_zone3:74
therm:thermal_zone4:78
therm:thermal_zone5:75
therm:thermal_zone6:76
--- 14:58:14 ---
cpu  39738 0 4252515 26158431 123 170254 86460 0 0 0
cpu0 9340 0 911167 6582502 50 85217 77463 0 0 0
cpu1 9748 0 1409764 6230888 16 28552 2437 0 0 0
cpu2 10625 0 901260 6737522 28 27779 2826 0 0 0
cpu3 10024 0 1030323 6607518 28 28704 3733 0 0 0
MemTotal:         901568 kB
MemFree:          548648 kB
MemAvailable:     574364 kB
Buffers:           10984 kB
Cached:            53380 kB
freq:cpu0:1800000
freq:cpu1:1800000
freq:cpu2:1800000
freq:cpu3:1800000
therm:thermal_zone0:76
therm:thermal_zone1:76
therm:thermal_zone2:75
therm:thermal_zone3:74
therm:thermal_zone4:77
therm:thermal_zone5:75
therm:thermal_zone6:76
--- 14:58:15 ---
cpu  39740 0 4252714 26158657 123 170263 86464 0 0 0
cpu0 9340 0 911207 6582562 50 85221 77466 0 0 0
cpu1 9748 0 1409831 6230926 16 28554 2437 0 0 0
cpu2 10626 0 901306 6737585 28 27781 2826 0 0 0
cpu3 10025 0 1030369 6607582 28 28706 3733 0 0 0
MemTotal:         901568 kB
MemFree:          548444 kB
MemAvailable:     574160 kB
Buffers:           10984 kB
Cached:            53380 kB
freq:cpu0:1800000
freq:cpu1:1800000
freq:cpu2:1800000
freq:cpu3:1800000
therm:thermal_zone0:76
therm:thermal_zone1:77
therm:thermal_zone2:75
therm:thermal_zone3:74
therm:thermal_zone4:78
therm:thermal_zone5:75
therm:thermal_zone6:76
--- 14:58:16 ---
cpu  39741 0 4252901 26158880 123 170272 86467 0 0 0
cpu0 9340 0 911246 6582623 50 85225 77469 0 0 0
cpu1 9748 0 1409897 6230965 16 28555 2437 0 0 0
cpu2 10627 0 901344 6737647 28 27782 2826 0 0 0
cpu3 10025 0 1030413 6607644 28 28707 3733 0 0 0
MemTotal:         901568 kB
MemFree:          548896 kB
MemAvailable:     574612 kB
Buffers:           10984 kB
Cached:            53380 kB
freq:cpu0:1800000
freq:cpu1:1800000
freq:cpu2:1800000
freq:cpu3:1800000
therm:thermal_zone0:76
therm:thermal_zone1:77
therm:thermal_zone2:75
therm:thermal_zone3:74
therm:thermal_zone4:78
therm:thermal_zone5:75
therm:thermal_zone6:76
--- 14:58:18 ---
cpu  39742 0 4253087 26159092 123 170281 86470 0 0 0
cpu0 9340 0 911283 6582682 50 85229 77472 0 0 0
cpu1 9748 0 1409963 6231001 16 28557 2437 0 0 0
cpu2 10627 0 901393 6737705 28 27784 2826 0 0 0
cpu3 10026 0 1030446 6607703 28 28709 3733 0 0 0
MemTotal:         901568 kB
MemFree:          548696 kB
MemAvailable:     574412 kB
Buffers:           10984 kB
Cached:            53380 kB
freq:cpu0:1800000
freq:cpu1:1800000
freq:cpu2:1800000
freq:cpu3:1800000
therm:thermal_zone0:76
therm:thermal_zone1:77
therm:thermal_zone2:75
therm:thermal_zone3:74
therm:thermal_zone4:77
therm:thermal_zone5:75
therm:thermal_zone6:76
--- 14:58:19 ---
cpu  39742 0 4253268 26159323 123 170289 86473 0 0 0
cpu0 9340 0 911318 6582745 50 85233 77475 0 0 0
cpu1 9748 0 1410030 6231040 16 28558 2437 0 0 0
cpu2 10627 0 901430 6737771 28 27785 2826 0 0 0
cpu3 10026 0 1030489 6607766 28 28710 3733 0 0 0
MemTotal:         901568 kB
MemFree:          548696 kB
MemAvailable:     574412 kB
Buffers:           10984 kB
Cached:            53380 kB
freq:cpu0:1800000
freq:cpu1:1800000
freq:cpu2:1800000
freq:cpu3:1800000
therm:thermal_zone0:76
therm:thermal_zone1:77
therm:thermal_zone2:75
therm:thermal_zone3:74
therm:thermal_zone4:78
therm:thermal_zone5:75
therm:thermal_zone6:76
--- 14:58:20 ---
cpu  39742 0 4253440 26159557 123 170297 86477 0 0 0
cpu0 9340 0 911357 6582808 50 85237 77478 0 0 0
cpu1 9748 0 1410093 6231079 16 28560 2438 0 0 0
cpu2 10627 0 901467 6737835 28 27787 2826 0 0 0
cpu3 10026 0 1030522 6607834 28 28712 3733 0 0 0
MemTotal:         901568 kB
MemFree:          548192 kB
MemAvailable:     573908 kB
Buffers:           10984 kB
Cached:            53384 kB
freq:cpu0:1800000
freq:cpu1:1800000
freq:cpu2:1800000
freq:cpu3:1800000
therm:thermal_zone0:76
therm:thermal_zone1:77
therm:thermal_zone2:75
therm:thermal_zone3:74
therm:thermal_zone4:77
therm:thermal_zone5:75
therm:thermal_zone6:76
--- 14:58:21 ---
cpu  39743 0 4253642 26159780 123 170306 86480 0 0 0
cpu0 9340 0 911403 6582865 50 85241 77481 0 0 0
cpu1 9748 0 1410159 6231117 16 28562 2438 0 0 0
cpu2 10628 0 901513 6737897 28 27788 2826 0 0 0
cpu3 10026 0 1030566 6607898 28 28713 3734 0 0 0
MemTotal:         901568 kB
MemFree:          548664 kB
MemAvailable:     574380 kB
Buffers:           10984 kB
Cached:            53384 kB
freq:cpu0:1800000
freq:cpu1:1800000
freq:cpu2:1800000
freq:cpu3:1800000
therm:thermal_zone0:77
therm:thermal_zone1:77
therm:thermal_zone2:75
therm:thermal_zone3:75
therm:thermal_zone4:78
therm:thermal_zone5:75
therm:thermal_zone6:76
--- 14:58:22 ---
cpu  39745 0 4253833 26159998 123 170314 86483 0 0 0
cpu0 9340 0 911448 6582923 50 85245 77484 0 0 0
cpu1 9748 0 1410223 6231154 16 28563 2438 0 0 0
cpu2 10629 0 901557 6737959 28 27789 2826 0 0 0
cpu3 10027 0 1030604 6607961 28 28715 3734 0 0 0
MemTotal:         901568 kB
MemFree:          548596 kB
MemAvailable:     574312 kB
Buffers:           10984 kB
Cached:            53384 kB
freq:cpu0:1800000
freq:cpu1:1800000
freq:cpu2:1800000
freq:cpu3:1800000
therm:thermal_zone0:76
therm:thermal_zone1:77
therm:thermal_zone2:75
therm:thermal_zone3:74
therm:thermal_zone4:78
therm:thermal_zone5:75
therm:thermal_zone6:76
--- 14:58:23 ---
cpu  39748 0 4254012 26160224 123 170323 86486 0 0 0
cpu0 9342 0 911490 6582982 50 85250 77487 0 0 0
cpu1 9748 0 1410286 6231192 16 28565 2438 0 0 0
cpu2 10629 0 901600 6738022 28 27791 2826 0 0 0
cpu3 10028 0 1030634 6608026 28 28716 3734 0 0 0
MemTotal:         901568 kB
MemFree:          548444 kB
MemAvailable:     574160 kB
Buffers:           10984 kB
Cached:            53384 kB
freq:cpu0:1800000
freq:cpu1:1800000
freq:cpu2:1800000
freq:cpu3:1800000
therm:thermal_zone0:76
therm:thermal_zone1:76
therm:thermal_zone2:75
therm:thermal_zone3:74
therm:thermal_zone4:78
therm:thermal_zone5:75
therm:thermal_zone6:76
--- 14:58:24 ---
cpu  39749 0 4254221 26160434 123 170332 86489 0 0 0
cpu0 9342 0 911536 6583038 50 85254 77490 0 0 0
cpu1 9748 0 1410355 6231228 16 28566 2438 0 0 0
cpu2 10630 0 901645 6738082 28 27792 2826 0 0 0
cpu3 10028 0 1030683 6608085 28 28718 3734 0 0 0
MemTotal:         901568 kB
MemFree:          548896 kB
MemAvailable:     574612 kB
Buffers:           10984 kB
Cached:            53384 kB
freq:cpu0:1800000
freq:cpu1:1800000
freq:cpu2:1800000
freq:cpu3:1800000
therm:thermal_zone0:77
therm:thermal_zone1:77
therm:thermal_zone2:75
therm:thermal_zone3:74
therm:thermal_zone4:78
therm:thermal_zone5:75
therm:thermal_zone6:76
--- 14:58:25 ---
cpu  39749 0 4254424 26160643 123 170340 86492 0 0 0
cpu0 9342 0 911578 6583093 50 85258 77493 0 0 0
cpu1 9748 0 1410426 6231264 16 28568 2438 0 0 0
cpu2 10630 0 901691 6738139 28 27793 2827 0 0 0
cpu3 10028 0 1030727 6608145 28 28720 3734 0 0 0
MemTotal:         901568 kB
MemFree:          548896 kB
MemAvailable:     574612 kB
Buffers:           10984 kB
Cached:            53384 kB
freq:cpu0:1800000
freq:cpu1:1800000
freq:cpu2:1800000
freq:cpu3:1800000
therm:thermal_zone0:76
therm:thermal_zone1:77
therm:thermal_zone2:75
therm:thermal_zone3:75
therm:thermal_zone4:78
therm:thermal_zone5:75
therm:thermal_zone6:76
--- 14:58:26 ---
cpu  39749 0 4254610 26160872 123 170349 86496 0 0 0
cpu0 9342 0 911616 6583151 50 85262 77496 0 0 0
cpu1 9748 0 1410491 6231303 16 28570 2438 0 0 0
cpu2 10630 0 901731 6738203 28 27794 2827 0 0 0
cpu3 10028 0 1030769 6608213 28 28721 3734 0 0 0
MemTotal:         901568 kB
MemFree:          548696 kB
MemAvailable:     574412 kB
Buffers:           10984 kB
Cached:            53388 kB
freq:cpu0:1800000
freq:cpu1:1800000
freq:cpu2:1800000
freq:cpu3:1800000
therm:thermal_zone0:77
therm:thermal_zone1:76
therm:thermal_zone2:75
therm:thermal_zone3:75
therm:thermal_zone4:78
therm:thermal_zone5:75
therm:thermal_zone6:76
--- 14:58:27 ---
cpu  39749 0 4254819 26161088 123 170357 86499 0 0 0
cpu0 9342 0 911660 6583207 50 85266 77499 0 0 0
cpu1 9748 0 1410562 6231340 16 28572 2438 0 0 0
cpu2 10630 0 901785 6738263 28 27795 2827 0 0 0
cpu3 10028 0 1030810 6608276 28 28723 3734 0 0 0
MemTotal:         901568 kB
MemFree:          548444 kB
MemAvailable:     574160 kB
Buffers:           10984 kB
Cached:            53388 kB
freq:cpu0:1800000
freq:cpu1:1800000
freq:cpu2:1800000
freq:cpu3:1800000
therm:thermal_zone0:77
therm:thermal_zone1:77
therm:thermal_zone2:75
therm:thermal_zone3:75
therm:thermal_zone4:78
therm:thermal_zone5:76
therm:thermal_zone6:76
--- 14:58:28 ---
cpu  39750 0 4255024 26161309 123 170366 86502 0 0 0
cpu0 9343 0 911696 6583265 50 85270 77502 0 0 0
cpu1 9748 0 1410641 6231378 16 28573 2438 0 0 0
cpu2 10630 0 901839 6738324 28 27797 2827 0 0 0
cpu3 10028 0 1030846 6608342 28 28724 3734 0 0 0
MemTotal:         901568 kB
MemFree:          548964 kB
MemAvailable:     574680 kB
Buffers:           10984 kB
Cached:            53388 kB
freq:cpu0:1800000
freq:cpu1:1800000
freq:cpu2:1800000
freq:cpu3:1800000
therm:thermal_zone0:76
therm:thermal_zone1:77
therm:thermal_zone2:75
therm:thermal_zone3:75
therm:thermal_zone4:78
therm:thermal_zone5:75
therm:thermal_zone6:76
--- 14:58:29 ---
cpu  39751 0 4255217 26161521 123 170375 86505 0 0 0
cpu0 9343 0 911736 6583321 50 85274 77504 0 0 0
cpu1 9748 0 1410713 6231414 16 28575 2438 0 0 0
cpu2 10630 0 901883 6738380 28 27798 2827 0 0 0
cpu3 10029 0 1030885 6608404 28 28726 3735 0 0 0
MemTotal:         901568 kB
MemFree:          548648 kB
MemAvailable:     574364 kB
Buffers:           10984 kB
Cached:            53388 kB
freq:cpu0:1800000
freq:cpu1:1800000
freq:cpu2:1800000
freq:cpu3:1800000
therm:thermal_zone0:76
therm:thermal_zone1:77
therm:thermal_zone2:75
therm:thermal_zone3:75
therm:thermal_zone4:78
therm:thermal_zone5:76
therm:thermal_zone6:76
--- 14:58:30 ---
cpu  39752 0 4255388 26161749 123 170383 86508 0 0 0
cpu0 9343 0 911768 6583380 50 85279 77507 0 0 0
cpu1 9748 0 1410781 6231453 16 28577 2438 0 0 0
cpu2 10630 0 901915 6738444 28 27799 2827 0 0 0
cpu3 10030 0 1030922 6608471 28 28727 3735 0 0 0
MemTotal:         901568 kB
MemFree:          548696 kB
MemAvailable:     574412 kB
Buffers:           10984 kB
Cached:            53388 kB
freq:cpu0:1800000
freq:cpu1:1800000
freq:cpu2:1800000
freq:cpu3:1800000
therm:thermal_zone0:77
therm:thermal_zone1:77
therm:thermal_zone2:75
therm:thermal_zone3:75
therm:thermal_zone4:78
therm:thermal_zone5:76
therm:thermal_zone6:76
--- 14:58:31 ---
cpu  39752 0 4255564 26161969 123 170392 86511 0 0 0
cpu0 9343 0 911806 6583438 50 85283 77510 0 0 0
cpu1 9748 0 1410842 6231490 16 28578 2438 0 0 0
cpu2 10630 0 901961 6738504 28 27800 2827 0 0 0
cpu3 10030 0 1030954 6608535 28 28729 3735 0 0 0
MemTotal:         901568 kB
MemFree:          548680 kB
MemAvailable:     574396 kB
Buffers:           10984 kB
Cached:            53388 kB
freq:cpu0:1800000
freq:cpu1:1800000
freq:cpu2:1800000
freq:cpu3:1800000
therm:thermal_zone0:76
therm:thermal_zone1:77
therm:thermal_zone2:75
therm:thermal_zone3:75
therm:thermal_zone4:78
therm:thermal_zone5:75
therm:thermal_zone6:76
--- 14:58:32 ---
cpu  39758 0 4255758 26162171 123 170401 86515 0 0 0
cpu0 9343 0 911849 6583491 50 85287 77513 0 0 0
cpu1 9748 0 1410911 6231526 16 28580 2438 0 0 0
cpu2 10635 0 902004 6738558 28 27801 2827 0 0 0
cpu3 10031 0 1030992 6608594 28 28731 3735 0 0 0
MemTotal:         901568 kB
MemFree:          548696 kB
MemAvailable:     574412 kB
Buffers:           10984 kB
Cached:            53388 kB
freq:cpu0:1800000
freq:cpu1:1800000
freq:cpu2:1800000
freq:cpu3:1800000
therm:thermal_zone0:77
therm:thermal_zone1:77
therm:thermal_zone2:75
therm:thermal_zone3:74
therm:thermal_zone4:78
therm:thermal_zone5:76
therm:thermal_zone6:76
=== IRQ_END 14:58:33 ===
           CPU0       CPU1       CPU2       CPU3       
  4:    4033085    2892221    2730554    3883596     GIC-0  20 Level     arch_timer
  6:          0          0          0          0     GIC-0  39 Level     arch_mem_timer
  8:          0          0          0          0     GIC-0  23 Level     arm-pmu
  9:          0          0          0          0     GIC-0 239 Level     bam_dma
 11:        273          0          0          0     GIC-0 270 Level     bam_dma
 13:          7          0          0          0     GIC-0 338 Level     msm_serial0
 14:      12353          0          0          0     GIC-0 127 Level     78b5000.spi
 15:      63275          0          0          0     GIC-0 178 Level     bam_dma
 17:          0          0          0          0     GIC-0 410 Level     edma_txcmpl
 18:          0          0          0          0     GIC-0 386 Level     edma_rxfill
 19:          0          0          0          0     GIC-0 378 Level     edma_rxdesc
 20:          0          0          0          0     GIC-0 411 Level     edma_misc
 21:   11284537          0          0          0     GIC-0 434 Edge      nss_empty_buf_sos
 22:   12514472          0          0          0     GIC-0 433 Edge      nss_empty_buf_queue
 23:          0          0          0          0     GIC-0 432 Edge      nss-tx-unblock
 24:  159287914          0          0          0     GIC-0 431 Edge      nss_queue0
 25:          0   75599096          0          0     GIC-0 430 Edge      nss_queue1
 26:          0          0   74166872          0     GIC-0 429 Edge      nss_queue2
 27:          0          0          0   73625566     GIC-0 428 Edge      nss_queue3
 28:          0          0          0          0     GIC-0 427 Edge      nss_coredump_complete
 29:          0          0          0          0     GIC-0 426 Edge      nss_paged_empty_buf_sos
 30:          0          0          0          0     GIC-0 425 Edge      nss_profile_dma
 32:          0          0          0          0     GIC-0  35 Edge      wdt_bark
 33:          0          0          0          0     GIC-0 357 Edge      q6v5 wdog
 37:          4          0          0          0     GIC-0 348 Edge      ce0
 38:   47691818          0          0          0     GIC-0 347 Edge      ce1
 39:      84326          0          0          0     GIC-0 346 Edge      ce2
 40:     168463          0          0          0     GIC-0 343 Edge      ce3
 42:          0          0          0          0     GIC-0 443 Edge      ce5
 44:          1          0          0          0     GIC-0  72 Edge      ce7
 46:          0          0          0          0     GIC-0 334 Edge      ce9
 47:          0          0          0          0     GIC-0 333 Edge      ce10
 48:          0          0          0          0     GIC-0  69 Edge      ce11
 55:          0          0          0          0     GIC-0 323 Edge      reo2ost-exception
 56:    4122199          0          0          0     GIC-0 322 Edge      wbm2host-rx-release
 57:       2510          0          0          0     GIC-0 321 Edge      reo2host-status
 58:    5134573          0          0          0     GIC-0 320 Edge      reo2host-destination-ring4
 59:    5137077          0          0          0     GIC-0 271 Edge      reo2host-destination-ring3
 60:    5143569          0          0          0     GIC-0 268 Edge      reo2host-destination-ring2
 61:    7809681          0          0          0     GIC-0 267 Edge      reo2host-destination-ring1
 66:        175          0          0          0     GIC-0 262 Edge      ppdu-end-interrupts-mac2
 67:   22150209          0          0          0     GIC-0 261 Edge      ppdu-end-interrupts-mac1
 69:          1          0          0          0     GIC-0 256 Edge      rxdma2host-monitor-status-ring-mac2
 70:          1          0          0          0     GIC-0 255 Edge      rxdma2host-monitor-status-ring-mac1
 72:          1          0          0          0     GIC-0 215 Edge      host2rxdma-host-buf-ring-mac2
 73:         14          0          0          0     GIC-0 212 Edge      host2rxdma-host-buf-ring-mac1
 75:          0          0          0          0     GIC-0 210 Edge      rxdma2host-destination-ring-mac2
 76:          0          0          0          0     GIC-0 209 Edge      rxdma2host-destination-ring-mac1
 82:    8088116          0          0          0     GIC-0 191 Edge      wbm2host-tx-completions-ring3
 83:    7337010          0          0          0     GIC-0 190 Edge      wbm2host-tx-completions-ring2
 84:    5208931          0          0          0     GIC-0 189 Edge      wbm2host-tx-completions-ring1
 86:          0          0          0          0     GIC-0 198 Edge      tmc-etr
 87:          0          0          0          0     GIC-0 216 Edge      tsens_interrupt
 88:          4          0          0          0     GIC-0  47 Edge      cpr3
 89:          4          0          0          0     GIC-0 354 Edge      smp2p
 90:         24          0          0          0     GIC-0 200 Edge      glink-native
 91:          0          0          0          0     GIC-0 276 Edge      tzerror
 94:          0          0          0          0     smp2p   0 Edge      q6v5 fatal
 95:          2          0          0          0     smp2p   1 Edge      q6v5 ready
 96:          0          0          0          0     smp2p   2 Edge      q6v5 handover
 97:          0          0          0          0     smp2p   3 Edge      q6v5 stop
 98:          0          0          0          0   msmgpio  19 Edge      soc:gpio_keys
 99:          0          0          0          0     GIC-0 131 Level     xhci-hcd:usb1
100:          0          0          0          0     GIC-0 172 Level     xhci-hcd:usb3
101:        129          0          0          0     GIC-0 353 Edge      glink-native
IPI0:  51605660   83605160   82906679   88042739       Rescheduling interrupts
IPI1:      3942       4175       3835       3964       Function call interrupts
IPI2:         0          0          0          0       CPU stop interrupts
IPI3:         0          0          0          0       CPU stop (for crash dump) interrupts
IPI4:         0          0          0          0       Timer broadcast interrupts
IPI5:         0          0          0          0       IRQ work interrupts
IPI6:         0          0          0          0       CPU wake-up interrupts
Err:          0
